-- Install configuration: ""
-- Up-to-date: /home/aditi/scara/install/scara_description/share/scara_description/urdf
-- Up-to-date: /home/aditi/scara/install/scara_description/share/scara_description/urdf/basic_scara.urdf.xacro
-- Up-to-date: /home/aditi/scara/install/scara_description/share/scara_description/urdf/scara_robot_gazebo.xacro
-- Up-to-date: /home/aditi/scara/install/scara_description/share/scara_description/urdf/scara_robot_ros2_control.xacro
-- Up-to-date: /home/aditi/scara/install/scara_description/share/scara_description/meshes
-- Up-to-date: /home/aditi/scara/install/scara_description/share/scara_description/meshes/link4.STL
-- Up-to-date: /home/aditi/scara/install/scara_description/share/scara_description/meshes/link2.STL
-- Up-to-date: /home/aditi/scara/install/scara_description/share/scara_description/meshes/link1.STL
-- Up-to-date: /home/aditi/scara/install/scara_description/share/scara_description/meshes/link3.STL
-- Up-to-date: /home/aditi/scara/install/scara_description/share/scara_description/meshes/base_link.STL
-- Up-to-date: /home/aditi/scara/install/scara_description/share/scara_description/launch
-- Up-to-date: /home/aditi/scara/install/scara_description/share/scara_description/launch/gazebo.launch.py
-- Up-to-date: /home/aditi/scara/install/scara_description/share/scara_description/launch/gazebo.launch.xml
-- Up-to-date: /home/aditi/scara/install/scara_description/share/scara_description/rviz
-- Up-to-date: /home/aditi/scara/install/scara_description/share/ament_index/resource_index/package_run_dependencies/scara_description
-- Up-to-date: /home/aditi/scara/install/scara_description/share/ament_index/resource_index/parent_prefix_path/scara_description
-- Up-to-date: /home/aditi/scara/install/scara_description/share/scara_description/environment/ament_prefix_path.sh
-- Up-to-date: /home/aditi/scara/install/scara_description/share/scara_description/environment/ament_prefix_path.dsv
-- Up-to-date: /home/aditi/scara/install/scara_description/share/scara_description/environment/path.sh
-- Up-to-date: /home/aditi/scara/install/scara_description/share/scara_description/environment/path.dsv
-- Up-to-date: /home/aditi/scara/install/scara_description/share/scara_description/local_setup.bash
-- Up-to-date: /home/aditi/scara/install/scara_description/share/scara_description/local_setup.sh
-- Up-to-date: /home/aditi/scara/install/scara_description/share/scara_description/local_setup.zsh
-- Up-to-date: /home/aditi/scara/install/scara_description/share/scara_description/local_setup.dsv
-- Up-to-date: /home/aditi/scara/install/scara_description/share/scara_description/package.dsv
-- Up-to-date: /home/aditi/scara/install/scara_description/share/ament_index/resource_index/packages/scara_description
-- Up-to-date: /home/aditi/scara/install/scara_description/share/scara_description/cmake/scara_descriptionConfig.cmake
-- Up-to-date: /home/aditi/scara/install/scara_description/share/scara_description/cmake/scara_descriptionConfig-version.cmake
-- Up-to-date: /home/aditi/scara/install/scara_description/share/scara_description/package.xml
