[0.021s] Invoking command in '/home/aditi/scara/build/scara_description': CMAKE_PREFIX_PATH=/opt/ros/humble /usr/bin/cmake --build /home/aditi/scara/build/scara_description -- -j16 -l16
[0.116s] Invoked command in '/home/aditi/scara/build/scara_description' returned '0': CMAKE_PREFIX_PATH=/opt/ros/humble /usr/bin/cmake --build /home/aditi/scara/build/scara_description -- -j16 -l16
[0.127s] Invoking command in '/home/aditi/scara/build/scara_description': CMAKE_PREFIX_PATH=/opt/ros/humble /usr/bin/cmake --install /home/aditi/scara/build/scara_description
[0.134s] -- Install configuration: ""
[0.135s] -- Up-to-date: /home/aditi/scara/install/scara_description/share/scara_description/urdf
[0.135s] -- Up-to-date: /home/aditi/scara/install/scara_description/share/scara_description/urdf/basic_scara.urdf.xacro
[0.135s] -- Up-to-date: /home/aditi/scara/install/scara_description/share/scara_description/urdf/scara_robot_gazebo.xacro
[0.135s] -- Up-to-date: /home/aditi/scara/install/scara_description/share/scara_description/urdf/scara_robot_ros2_control.xacro
[0.135s] -- Up-to-date: /home/aditi/scara/install/scara_description/share/scara_description/meshes
[0.136s] -- Up-to-date: /home/aditi/scara/install/scara_description/share/scara_description/meshes/link4.STL
[0.136s] -- Up-to-date: /home/aditi/scara/install/scara_description/share/scara_description/meshes/link2.STL
[0.136s] -- Up-to-date: /home/aditi/scara/install/scara_description/share/scara_description/meshes/link1.STL
[0.136s] -- Up-to-date: /home/aditi/scara/install/scara_description/share/scara_description/meshes/link3.STL
[0.136s] -- Up-to-date: /home/aditi/scara/install/scara_description/share/scara_description/meshes/base_link.STL
[0.136s] -- Up-to-date: /home/aditi/scara/install/scara_description/share/scara_description/launch
[0.137s] -- Up-to-date: /home/aditi/scara/install/scara_description/share/scara_description/launch/gazebo.launch.py
[0.137s] -- Up-to-date: /home/aditi/scara/install/scara_description/share/scara_description/launch/gazebo.launch.xml
[0.137s] -- Up-to-date: /home/aditi/scara/install/scara_description/share/scara_description/rviz
[0.137s] -- Up-to-date: /home/aditi/scara/install/scara_description/share/ament_index/resource_index/package_run_dependencies/scara_description
[0.137s] -- Up-to-date: /home/aditi/scara/install/scara_description/share/ament_index/resource_index/parent_prefix_path/scara_description
[0.137s] -- Up-to-date: /home/aditi/scara/install/scara_description/share/scara_description/environment/ament_prefix_path.sh
[0.144s] -- Up-to-date: /home/aditi/scara/install/scara_description/share/scara_description/environment/ament_prefix_path.dsv
[0.144s] -- Up-to-date: /home/aditi/scara/install/scara_description/share/scara_description/environment/path.sh
[0.145s] -- Up-to-date: /home/aditi/scara/install/scara_description/share/scara_description/environment/path.dsv
[0.145s] -- Up-to-date: /home/aditi/scara/install/scara_description/share/scara_description/local_setup.bash
[0.145s] -- Up-to-date: /home/aditi/scara/install/scara_description/share/scara_description/local_setup.sh
[0.145s] -- Up-to-date: /home/aditi/scara/install/scara_description/share/scara_description/local_setup.zsh
[0.145s] -- Up-to-date: /home/aditi/scara/install/scara_description/share/scara_description/local_setup.dsv
[0.145s] -- Up-to-date: /home/aditi/scara/install/scara_description/share/scara_description/package.dsv
[0.145s] -- Up-to-date: /home/aditi/scara/install/scara_description/share/ament_index/resource_index/packages/scara_description
[0.145s] -- Up-to-date: /home/aditi/scara/install/scara_description/share/scara_description/cmake/scara_descriptionConfig.cmake
[0.145s] -- Up-to-date: /home/aditi/scara/install/scara_description/share/scara_description/cmake/scara_descriptionConfig-version.cmake
[0.146s] -- Up-to-date: /home/aditi/scara/install/scara_description/share/scara_description/package.xml
[0.180s] Invoked command in '/home/aditi/scara/build/scara_description' returned '0': CMAKE_PREFIX_PATH=/opt/ros/humble /usr/bin/cmake --install /home/aditi/scara/build/scara_description
