[0.120s] Invoking command in '/home/aditi/scara/build/scara_moveit': CMAKE_PREFIX_PATH=/home/aditi/scara/install/scara_description:/home/aditi/scara/install/scara_moveit:/home/aditi/scara/install/scara_controller:/opt/ros/humble /usr/bin/cmake --build /home/aditi/scara/build/scara_moveit -- -j16 -l16
[0.156s] Invoked command in '/home/aditi/scara/build/scara_moveit' returned '0': CMAKE_PREFIX_PATH=/home/aditi/scara/install/scara_description:/home/aditi/scara/install/scara_moveit:/home/aditi/scara/install/scara_controller:/opt/ros/humble /usr/bin/cmake --build /home/aditi/scara/build/scara_moveit -- -j16 -l16
[0.158s] Invoking command in '/home/aditi/scara/build/scara_moveit': CMAKE_PREFIX_PATH=/home/aditi/scara/install/scara_description:/home/aditi/scara/install/scara_moveit:/home/aditi/scara/install/scara_controller:/opt/ros/humble /usr/bin/cmake --install /home/aditi/scara/build/scara_moveit
[0.167s] -- Install configuration: ""
[0.167s] -- Up-to-date: /home/aditi/scara/install/scara_moveit/share/ament_index/resource_index/package_run_dependencies/scara_moveit
[0.167s] -- Up-to-date: /home/aditi/scara/install/scara_moveit/share/ament_index/resource_index/parent_prefix_path/scara_moveit
[0.168s] -- Up-to-date: /home/aditi/scara/install/scara_moveit/share/scara_moveit/environment/ament_prefix_path.sh
[0.168s] -- Up-to-date: /home/aditi/scara/install/scara_moveit/share/scara_moveit/environment/ament_prefix_path.dsv
[0.168s] -- Up-to-date: /home/aditi/scara/install/scara_moveit/share/scara_moveit/environment/path.sh
[0.168s] -- Up-to-date: /home/aditi/scara/install/scara_moveit/share/scara_moveit/environment/path.dsv
[0.168s] -- Up-to-date: /home/aditi/scara/install/scara_moveit/share/scara_moveit/local_setup.bash
[0.168s] -- Up-to-date: /home/aditi/scara/install/scara_moveit/share/scara_moveit/local_setup.sh
[0.168s] -- Up-to-date: /home/aditi/scara/install/scara_moveit/share/scara_moveit/local_setup.zsh
[0.168s] -- Up-to-date: /home/aditi/scara/install/scara_moveit/share/scara_moveit/local_setup.dsv
[0.168s] -- Installing: /home/aditi/scara/install/scara_moveit/share/scara_moveit/package.dsv
[0.168s] -- Up-to-date: /home/aditi/scara/install/scara_moveit/share/ament_index/resource_index/packages/scara_moveit
[0.168s] -- Up-to-date: /home/aditi/scara/install/scara_moveit/share/scara_moveit/cmake/scara_moveitConfig.cmake
[0.168s] -- Up-to-date: /home/aditi/scara/install/scara_moveit/share/scara_moveit/cmake/scara_moveitConfig-version.cmake
[0.168s] -- Up-to-date: /home/aditi/scara/install/scara_moveit/share/scara_moveit/package.xml
[0.168s] -- Up-to-date: /home/aditi/scara/install/scara_moveit/share/scara_moveit/launch
[0.168s] -- Up-to-date: /home/aditi/scara/install/scara_moveit/share/scara_moveit/launch/setup_assistant.launch.py
[0.169s] -- Up-to-date: /home/aditi/scara/install/scara_moveit/share/scara_moveit/launch/moveit_rviz.launch.py
[0.169s] -- Up-to-date: /home/aditi/scara/install/scara_moveit/share/scara_moveit/launch/spawn_controllers.launch.py
[0.169s] -- Up-to-date: /home/aditi/scara/install/scara_moveit/share/scara_moveit/launch/warehouse_db.launch.py
[0.169s] -- Up-to-date: /home/aditi/scara/install/scara_moveit/share/scara_moveit/launch/rsp.launch.py
[0.169s] -- Up-to-date: /home/aditi/scara/install/scara_moveit/share/scara_moveit/launch/static_virtual_joint_tfs.launch.py
[0.169s] -- Up-to-date: /home/aditi/scara/install/scara_moveit/share/scara_moveit/launch/moveit.launch.py
[0.169s] -- Up-to-date: /home/aditi/scara/install/scara_moveit/share/scara_moveit/launch/demo.launch.py
[0.170s] -- Up-to-date: /home/aditi/scara/install/scara_moveit/share/scara_moveit/launch/move_group.launch.py
[0.170s] -- Up-to-date: /home/aditi/scara/install/scara_moveit/share/scara_moveit/config
[0.170s] -- Up-to-date: /home/aditi/scara/install/scara_moveit/share/scara_moveit/config/moveit.rviz
[0.172s] -- Up-to-date: /home/aditi/scara/install/scara_moveit/share/scara_moveit/config/basic_scara.urdf.xacro
[0.172s] -- Up-to-date: /home/aditi/scara/install/scara_moveit/share/scara_moveit/config/kinematics.yaml
[0.172s] -- Up-to-date: /home/aditi/scara/install/scara_moveit/share/scara_moveit/config/moveit_controllers.yaml
[0.172s] -- Up-to-date: /home/aditi/scara/install/scara_moveit/share/scara_moveit/config/initial_positions.yaml
[0.172s] -- Up-to-date: /home/aditi/scara/install/scara_moveit/share/scara_moveit/config/joint_limits.yaml
[0.173s] -- Up-to-date: /home/aditi/scara/install/scara_moveit/share/scara_moveit/config/pilz_cartesian_limits.yaml
[0.173s] -- Up-to-date: /home/aditi/scara/install/scara_moveit/share/scara_moveit/config/basic_scara.ros2_control.xacro
[0.173s] -- Up-to-date: /home/aditi/scara/install/scara_moveit/share/scara_moveit/config/basic_scara.srdf
[0.173s] -- Up-to-date: /home/aditi/scara/install/scara_moveit/share/scara_moveit/config/ros2_controllers.yaml
[0.173s] -- Up-to-date: /home/aditi/scara/install/scara_moveit/share/scara_moveit/.setup_assistant
[0.173s] Invoked command in '/home/aditi/scara/build/scara_moveit' returned '0': CMAKE_PREFIX_PATH=/home/aditi/scara/install/scara_description:/home/aditi/scara/install/scara_moveit:/home/aditi/scara/install/scara_controller:/opt/ros/humble /usr/bin/cmake --install /home/aditi/scara/build/scara_moveit
