[0.110s] Invoking command in '/home/aditi/scara/build/scara_moveit': AMENT_PREFIX_PATH=/home/aditi/scara/install/scara_description:${AMENT_PREFIX_PATH} CMAKE_PREFIX_PATH=/home/aditi/scara/install/scara_description:/opt/ros/humble /usr/bin/cmake /home/aditi/scara/src/scara_moveit -DCMAKE_INSTALL_PREFIX=/home/aditi/scara/install/scara_moveit
[0.252s] -- The C compiler identification is GNU 11.4.0
[0.847s] -- The CXX compiler identification is GNU 11.4.0
[1.240s] -- Detecting C compiler ABI info
[1.366s] -- Detecting C compiler ABI info - done
[1.372s] -- Check for working C compiler: /usr/bin/cc - skipped
[1.372s] -- Detecting C compile features
[1.372s] -- Detecting C compile features - done
[1.374s] -- Detecting CXX compiler ABI info
[1.531s] -- Detecting CXX compiler ABI info - done
[1.536s] -- Check for working CXX compiler: /usr/bin/c++ - skipped
[1.536s] -- Detecting CXX compile features
[1.536s] -- Detecting CXX compile features - done
[1.538s] -- Found ament_cmake: 1.3.14 (/opt/ros/humble/share/ament_cmake/cmake)
[1.641s] -- Found Python3: /usr/bin/python3 (found version "3.10.12") found components: Interpreter 
[1.750s] -- Configuring done
[1.752s] -- Generating done
[1.753s] -- Build files have been written to: /home/aditi/scara/build/scara_moveit
[1.758s] Invoked command in '/home/aditi/scara/build/scara_moveit' returned '0': AMENT_PREFIX_PATH=/home/aditi/scara/install/scara_description:${AMENT_PREFIX_PATH} CMAKE_PREFIX_PATH=/home/aditi/scara/install/scara_description:/opt/ros/humble /usr/bin/cmake /home/aditi/scara/src/scara_moveit -DCMAKE_INSTALL_PREFIX=/home/aditi/scara/install/scara_moveit
[1.758s] Invoking command in '/home/aditi/scara/build/scara_moveit': AMENT_PREFIX_PATH=/home/aditi/scara/install/scara_description:${AMENT_PREFIX_PATH} CMAKE_PREFIX_PATH=/home/aditi/scara/install/scara_description:/opt/ros/humble /usr/bin/cmake --build /home/aditi/scara/build/scara_moveit -- -j16 -l16
[1.785s] Invoked command in '/home/aditi/scara/build/scara_moveit' returned '0': AMENT_PREFIX_PATH=/home/aditi/scara/install/scara_description:${AMENT_PREFIX_PATH} CMAKE_PREFIX_PATH=/home/aditi/scara/install/scara_description:/opt/ros/humble /usr/bin/cmake --build /home/aditi/scara/build/scara_moveit -- -j16 -l16
[1.786s] Invoking command in '/home/aditi/scara/build/scara_moveit': AMENT_PREFIX_PATH=/home/aditi/scara/install/scara_description:${AMENT_PREFIX_PATH} CMAKE_PREFIX_PATH=/home/aditi/scara/install/scara_description:/opt/ros/humble /usr/bin/cmake --install /home/aditi/scara/build/scara_moveit
[1.791s] -- Install configuration: ""
[1.792s] -- Installing: /home/aditi/scara/install/scara_moveit/share/ament_index/resource_index/package_run_dependencies/scara_moveit
[1.792s] -- Installing: /home/aditi/scara/install/scara_moveit/share/ament_index/resource_index/parent_prefix_path/scara_moveit
[1.792s] -- Installing: /home/aditi/scara/install/scara_moveit/share/scara_moveit/environment/ament_prefix_path.sh
[1.792s] -- Installing: /home/aditi/scara/install/scara_moveit/share/scara_moveit/environment/ament_prefix_path.dsv
[1.792s] -- Installing: /home/aditi/scara/install/scara_moveit/share/scara_moveit/environment/path.sh
[1.792s] -- Installing: /home/aditi/scara/install/scara_moveit/share/scara_moveit/environment/path.dsv
[1.792s] -- Installing: /home/aditi/scara/install/scara_moveit/share/scara_moveit/local_setup.bash
[1.793s] -- Installing: /home/aditi/scara/install/scara_moveit/share/scara_moveit/local_setup.sh
[1.793s] -- Installing: /home/aditi/scara/install/scara_moveit/share/scara_moveit/local_setup.zsh
[1.793s] -- Installing: /home/aditi/scara/install/scara_moveit/share/scara_moveit/local_setup.dsv
[1.793s] -- Installing: /home/aditi/scara/install/scara_moveit/share/scara_moveit/package.dsv
[1.793s] -- Installing: /home/aditi/scara/install/scara_moveit/share/ament_index/resource_index/packages/scara_moveit
[1.793s] -- Installing: /home/aditi/scara/install/scara_moveit/share/scara_moveit/cmake/scara_moveitConfig.cmake
[1.793s] -- Installing: /home/aditi/scara/install/scara_moveit/share/scara_moveit/cmake/scara_moveitConfig-version.cmake
[1.793s] -- Installing: /home/aditi/scara/install/scara_moveit/share/scara_moveit/package.xml
[1.793s] -- Installing: /home/aditi/scara/install/scara_moveit/share/scara_moveit/launch
[1.793s] -- Installing: /home/aditi/scara/install/scara_moveit/share/scara_moveit/launch/setup_assistant.launch.py
[1.794s] -- Installing: /home/aditi/scara/install/scara_moveit/share/scara_moveit/launch/moveit_rviz.launch.py
[1.794s] -- Installing: /home/aditi/scara/install/scara_moveit/share/scara_moveit/launch/spawn_controllers.launch.py
[1.794s] -- Installing: /home/aditi/scara/install/scara_moveit/share/scara_moveit/launch/warehouse_db.launch.py
[1.794s] -- Installing: /home/aditi/scara/install/scara_moveit/share/scara_moveit/launch/rsp.launch.py
[1.794s] -- Installing: /home/aditi/scara/install/scara_moveit/share/scara_moveit/launch/static_virtual_joint_tfs.launch.py
[1.794s] -- Installing: /home/aditi/scara/install/scara_moveit/share/scara_moveit/launch/moveit.launch.py
[1.794s] -- Installing: /home/aditi/scara/install/scara_moveit/share/scara_moveit/launch/demo.launch.py
[1.794s] -- Installing: /home/aditi/scara/install/scara_moveit/share/scara_moveit/launch/move_group.launch.py
[1.794s] -- Installing: /home/aditi/scara/install/scara_moveit/share/scara_moveit/config
[1.794s] -- Installing: /home/aditi/scara/install/scara_moveit/share/scara_moveit/config/moveit.rviz
[1.794s] -- Installing: /home/aditi/scara/install/scara_moveit/share/scara_moveit/config/basic_scara.urdf.xacro
[1.794s] -- Installing: /home/aditi/scara/install/scara_moveit/share/scara_moveit/config/kinematics.yaml
[1.794s] -- Installing: /home/aditi/scara/install/scara_moveit/share/scara_moveit/config/moveit_controllers.yaml
[1.794s] -- Installing: /home/aditi/scara/install/scara_moveit/share/scara_moveit/config/initial_positions.yaml
[1.794s] -- Installing: /home/aditi/scara/install/scara_moveit/share/scara_moveit/config/joint_limits.yaml
[1.794s] -- Installing: /home/aditi/scara/install/scara_moveit/share/scara_moveit/config/pilz_cartesian_limits.yaml
[1.795s] -- Installing: /home/aditi/scara/install/scara_moveit/share/scara_moveit/config/basic_scara.ros2_control.xacro
[1.795s] -- Installing: /home/aditi/scara/install/scara_moveit/share/scara_moveit/config/basic_scara.srdf
[1.795s] -- Installing: /home/aditi/scara/install/scara_moveit/share/scara_moveit/config/ros2_controllers.yaml
[1.795s] -- Installing: /home/aditi/scara/install/scara_moveit/share/scara_moveit/.setup_assistant
[1.797s] Invoked command in '/home/aditi/scara/build/scara_moveit' returned '0': AMENT_PREFIX_PATH=/home/aditi/scara/install/scara_description:${AMENT_PREFIX_PATH} CMAKE_PREFIX_PATH=/home/aditi/scara/install/scara_description:/opt/ros/humble /usr/bin/cmake --install /home/aditi/scara/build/scara_moveit
