[0.012s] Invoking command in '/home/aditi/scara/build/scara_controller': CMAKE_PREFIX_PATH=${CMAKE_PREFIX_PATH}:/opt/ros/humble /usr/bin/cmake --build /home/aditi/scara/build/scara_controller -- -j16 -l16
[0.046s] Invoked command in '/home/aditi/scara/build/scara_controller' returned '0': CMAKE_PREFIX_PATH=${CMAKE_PREFIX_PATH}:/opt/ros/humble /usr/bin/cmake --build /home/aditi/scara/build/scara_controller -- -j16 -l16
[0.048s] Invoking command in '/home/aditi/scara/build/scara_controller': CMAKE_PREFIX_PATH=${CMAKE_PREFIX_PATH}:/opt/ros/humble /usr/bin/cmake --install /home/aditi/scara/build/scara_controller
[0.057s] -- Install configuration: ""
[0.057s] -- Up-to-date: /home/aditi/scara/install/scara_controller/share/scara_controller/launch
[0.057s] -- Up-to-date: /home/aditi/scara/install/scara_controller/share/scara_controller/launch/controller.launch.py
[0.058s] -- Up-to-date: /home/aditi/scara/install/scara_controller/share/scara_controller/config
[0.058s] -- Up-to-date: /home/aditi/scara/install/scara_controller/share/scara_controller/config/scara_robot_controller.yaml
[0.059s] -- Up-to-date: /home/aditi/scara/install/scara_controller/share/ament_index/resource_index/package_run_dependencies/scara_controller
[0.062s] -- Up-to-date: /home/aditi/scara/install/scara_controller/share/ament_index/resource_index/parent_prefix_path/scara_controller
[0.063s] -- Up-to-date: /home/aditi/scara/install/scara_controller/share/scara_controller/environment/ament_prefix_path.sh
[0.066s] -- Up-to-date: /home/aditi/scara/install/scara_controller/share/scara_controller/environment/ament_prefix_path.dsv
[0.066s] -- Up-to-date: /home/aditi/scara/install/scara_controller/share/scara_controller/environment/path.sh
[0.066s] -- Up-to-date: /home/aditi/scara/install/scara_controller/share/scara_controller/environment/path.dsv
[0.066s] -- Up-to-date: /home/aditi/scara/install/scara_controller/share/scara_controller/local_setup.bash
[0.066s] -- Up-to-date: /home/aditi/scara/install/scara_controller/share/scara_controller/local_setup.sh
[0.066s] -- Up-to-date: /home/aditi/scara/install/scara_controller/share/scara_controller/local_setup.zsh
[0.066s] -- Up-to-date: /home/aditi/scara/install/scara_controller/share/scara_controller/local_setup.dsv
[0.066s] -- Installing: /home/aditi/scara/install/scara_controller/share/scara_controller/package.dsv
[0.066s] -- Up-to-date: /home/aditi/scara/install/scara_controller/share/ament_index/resource_index/packages/scara_controller
[0.066s] -- Up-to-date: /home/aditi/scara/install/scara_controller/share/scara_controller/cmake/scara_controllerConfig.cmake
[0.066s] -- Up-to-date: /home/aditi/scara/install/scara_controller/share/scara_controller/cmake/scara_controllerConfig-version.cmake
[0.067s] -- Up-to-date: /home/aditi/scara/install/scara_controller/share/scara_controller/package.xml
[0.078s] Invoked command in '/home/aditi/scara/build/scara_controller' returned '0': CMAKE_PREFIX_PATH=${CMAKE_PREFIX_PATH}:/opt/ros/humble /usr/bin/cmake --install /home/aditi/scara/build/scara_controller
