[0.388s] DEBUG:colcon:Command line arguments: ['/usr/bin/colcon', 'build']
[0.388s] DEBUG:colcon:Parsed command line arguments: Namespace(log_base=None, log_level=None, verb_name='build', build_base='build', install_base='install', merge_install=False, symlink_install=False, test_result_base=None, continue_on_error=False, executor='parallel', parallel_workers=16, event_handlers=None, ignore_user_meta=False, metas=['./colcon.meta'], base_paths=['.'], packages_ignore=None, packages_ignore_regex=None, paths=None, packages_up_to=None, packages_up_to_regex=None, packages_above=None, packages_above_and_dependencies=None, packages_above_depth=None, packages_select_by_dep=None, packages_skip_by_dep=None, packages_skip_up_to=None, packages_select_build_failed=False, packages_skip_build_finished=False, packages_select_test_failures=False, packages_skip_test_passed=False, packages_select=None, packages_skip=None, packages_select_regex=None, packages_skip_regex=None, packages_start=None, packages_end=None, allow_overriding=[], cmake_args=None, cmake_target=None, cmake_target_skip_unavailable=False, cmake_clean_cache=False, cmake_clean_first=False, cmake_force_configure=False, ament_cmake_args=None, catkin_cmake_args=None, catkin_skip_building_tests=False, verb_parser=<colcon_defaults.argument_parser.defaults.DefaultArgumentsDecorator object at 0x73645211ff10>, verb_extension=<colcon_core.verb.build.BuildVerb object at 0x73645211fb50>, main=<bound method BuildVerb.main of <colcon_core.verb.build.BuildVerb object at 0x73645211fb50>>)
[0.709s] Level 1:colcon.colcon_core.package_discovery:discover_packages(colcon_meta) check parameters
[0.709s] Level 1:colcon.colcon_core.package_discovery:discover_packages(recursive) check parameters
[0.709s] Level 1:colcon.colcon_core.package_discovery:discover_packages(ignore) check parameters
[0.709s] Level 1:colcon.colcon_core.package_discovery:discover_packages(path) check parameters
[0.709s] Level 1:colcon.colcon_core.package_discovery:discover_packages(colcon_meta) discover
[0.709s] Level 1:colcon.colcon_core.package_discovery:discover_packages(recursive) discover
[0.709s] INFO:colcon.colcon_core.package_discovery:Crawling recursively for packages in '/home/aditi/scara'
[0.710s] Level 1:colcon.colcon_core.package_identification:_identify(.) by extensions ['ignore', 'ignore_ament_install']
[0.710s] Level 1:colcon.colcon_core.package_identification:_identify(.) by extension 'ignore'
[0.710s] Level 1:colcon.colcon_core.package_identification:_identify(.) by extension 'ignore_ament_install'
[0.710s] Level 1:colcon.colcon_core.package_identification:_identify(.) by extensions ['colcon_pkg']
[0.710s] Level 1:colcon.colcon_core.package_identification:_identify(.) by extension 'colcon_pkg'
[0.710s] Level 1:colcon.colcon_core.package_identification:_identify(.) by extensions ['colcon_meta']
[0.710s] Level 1:colcon.colcon_core.package_identification:_identify(.) by extension 'colcon_meta'
[0.710s] Level 1:colcon.colcon_core.package_identification:_identify(.) by extensions ['ros']
[0.710s] Level 1:colcon.colcon_core.package_identification:_identify(.) by extension 'ros'
[0.722s] Level 1:colcon.colcon_core.package_identification:_identify(.) by extensions ['cmake', 'python']
[0.722s] Level 1:colcon.colcon_core.package_identification:_identify(.) by extension 'cmake'
[0.723s] Level 1:colcon.colcon_core.package_identification:_identify(.) by extension 'python'
[0.723s] Level 1:colcon.colcon_core.package_identification:_identify(.) by extensions ['python_setup_py']
[0.723s] Level 1:colcon.colcon_core.package_identification:_identify(.) by extension 'python_setup_py'
[0.723s] Level 1:colcon.colcon_core.package_identification:_identify(build) by extensions ['ignore', 'ignore_ament_install']
[0.723s] Level 1:colcon.colcon_core.package_identification:_identify(build) by extension 'ignore'
[0.723s] Level 1:colcon.colcon_core.package_identification:_identify(build) ignored
[0.723s] Level 1:colcon.colcon_core.package_identification:_identify(install) by extensions ['ignore', 'ignore_ament_install']
[0.723s] Level 1:colcon.colcon_core.package_identification:_identify(install) by extension 'ignore'
[0.723s] Level 1:colcon.colcon_core.package_identification:_identify(install) ignored
[0.723s] Level 1:colcon.colcon_core.package_identification:_identify(log) by extensions ['ignore', 'ignore_ament_install']
[0.723s] Level 1:colcon.colcon_core.package_identification:_identify(log) by extension 'ignore'
[0.723s] Level 1:colcon.colcon_core.package_identification:_identify(log) ignored
[0.724s] Level 1:colcon.colcon_core.package_identification:_identify(src) by extensions ['ignore', 'ignore_ament_install']
[0.724s] Level 1:colcon.colcon_core.package_identification:_identify(src) by extension 'ignore'
[0.724s] Level 1:colcon.colcon_core.package_identification:_identify(src) by extension 'ignore_ament_install'
[0.724s] Level 1:colcon.colcon_core.package_identification:_identify(src) by extensions ['colcon_pkg']
[0.724s] Level 1:colcon.colcon_core.package_identification:_identify(src) by extension 'colcon_pkg'
[0.724s] Level 1:colcon.colcon_core.package_identification:_identify(src) by extensions ['colcon_meta']
[0.724s] Level 1:colcon.colcon_core.package_identification:_identify(src) by extension 'colcon_meta'
[0.724s] Level 1:colcon.colcon_core.package_identification:_identify(src) by extensions ['ros']
[0.724s] Level 1:colcon.colcon_core.package_identification:_identify(src) by extension 'ros'
[0.724s] Level 1:colcon.colcon_core.package_identification:_identify(src) by extensions ['cmake', 'python']
[0.724s] Level 1:colcon.colcon_core.package_identification:_identify(src) by extension 'cmake'
[0.724s] Level 1:colcon.colcon_core.package_identification:_identify(src) by extension 'python'
[0.724s] Level 1:colcon.colcon_core.package_identification:_identify(src) by extensions ['python_setup_py']
[0.724s] Level 1:colcon.colcon_core.package_identification:_identify(src) by extension 'python_setup_py'
[0.724s] Level 1:colcon.colcon_core.package_identification:_identify(src/scara_controller) by extensions ['ignore', 'ignore_ament_install']
[0.724s] Level 1:colcon.colcon_core.package_identification:_identify(src/scara_controller) by extension 'ignore'
[0.724s] Level 1:colcon.colcon_core.package_identification:_identify(src/scara_controller) by extension 'ignore_ament_install'
[0.725s] Level 1:colcon.colcon_core.package_identification:_identify(src/scara_controller) by extensions ['colcon_pkg']
[0.725s] Level 1:colcon.colcon_core.package_identification:_identify(src/scara_controller) by extension 'colcon_pkg'
[0.725s] Level 1:colcon.colcon_core.package_identification:_identify(src/scara_controller) by extensions ['colcon_meta']
[0.725s] Level 1:colcon.colcon_core.package_identification:_identify(src/scara_controller) by extension 'colcon_meta'
[0.725s] Level 1:colcon.colcon_core.package_identification:_identify(src/scara_controller) by extensions ['ros']
[0.725s] Level 1:colcon.colcon_core.package_identification:_identify(src/scara_controller) by extension 'ros'
[0.727s] DEBUG:colcon.colcon_core.package_identification:Package 'src/scara_controller' with type 'ros.ament_cmake' and name 'scara_controller'
[0.728s] Level 1:colcon.colcon_core.package_identification:_identify(src/scara_description) by extensions ['ignore', 'ignore_ament_install']
[0.728s] Level 1:colcon.colcon_core.package_identification:_identify(src/scara_description) by extension 'ignore'
[0.728s] Level 1:colcon.colcon_core.package_identification:_identify(src/scara_description) by extension 'ignore_ament_install'
[0.728s] Level 1:colcon.colcon_core.package_identification:_identify(src/scara_description) by extensions ['colcon_pkg']
[0.728s] Level 1:colcon.colcon_core.package_identification:_identify(src/scara_description) by extension 'colcon_pkg'
[0.728s] Level 1:colcon.colcon_core.package_identification:_identify(src/scara_description) by extensions ['colcon_meta']
[0.728s] Level 1:colcon.colcon_core.package_identification:_identify(src/scara_description) by extension 'colcon_meta'
[0.728s] Level 1:colcon.colcon_core.package_identification:_identify(src/scara_description) by extensions ['ros']
[0.728s] Level 1:colcon.colcon_core.package_identification:_identify(src/scara_description) by extension 'ros'
[0.729s] DEBUG:colcon.colcon_core.package_identification:Package 'src/scara_description' with type 'ros.ament_cmake' and name 'scara_description'
[0.729s] Level 1:colcon.colcon_core.package_identification:_identify(src/scara_moveit) by extensions ['ignore', 'ignore_ament_install']
[0.729s] Level 1:colcon.colcon_core.package_identification:_identify(src/scara_moveit) by extension 'ignore'
[0.729s] Level 1:colcon.colcon_core.package_identification:_identify(src/scara_moveit) by extension 'ignore_ament_install'
[0.729s] Level 1:colcon.colcon_core.package_identification:_identify(src/scara_moveit) by extensions ['colcon_pkg']
[0.729s] Level 1:colcon.colcon_core.package_identification:_identify(src/scara_moveit) by extension 'colcon_pkg'
[0.729s] Level 1:colcon.colcon_core.package_identification:_identify(src/scara_moveit) by extensions ['colcon_meta']
[0.729s] Level 1:colcon.colcon_core.package_identification:_identify(src/scara_moveit) by extension 'colcon_meta'
[0.729s] Level 1:colcon.colcon_core.package_identification:_identify(src/scara_moveit) by extensions ['ros']
[0.729s] Level 1:colcon.colcon_core.package_identification:_identify(src/scara_moveit) by extension 'ros'
[0.730s] DEBUG:colcon.colcon_core.package_identification:Package 'src/scara_moveit' with type 'ros.ament_cmake' and name 'scara_moveit'
[0.730s] Level 1:colcon.colcon_core.package_discovery:discover_packages(recursive) using defaults
[0.730s] Level 1:colcon.colcon_core.package_discovery:discover_packages(ignore) discover
[0.730s] Level 1:colcon.colcon_core.package_discovery:discover_packages(ignore) using defaults
[0.730s] Level 1:colcon.colcon_core.package_discovery:discover_packages(path) discover
[0.730s] Level 1:colcon.colcon_core.package_discovery:discover_packages(path) using defaults
[0.765s] Level 1:colcon.colcon_core.package_discovery:discover_packages(prefix_path) check parameters
[0.765s] Level 1:colcon.colcon_core.package_discovery:discover_packages(prefix_path) discover
[0.768s] DEBUG:colcon.colcon_installed_package_information.package_discovery:Found 3 installed packages in /home/aditi/scara/install
[0.769s] DEBUG:colcon.colcon_installed_package_information.package_discovery:Found 381 installed packages in /opt/ros/humble
[0.785s] Level 1:colcon.colcon_core.package_discovery:discover_packages(prefix_path) using defaults
[0.828s] Level 5:colcon.colcon_core.verb:set package 'scara_controller' build argument 'cmake_args' from command line to 'None'
[0.828s] Level 5:colcon.colcon_core.verb:set package 'scara_controller' build argument 'cmake_target' from command line to 'None'
[0.828s] Level 5:colcon.colcon_core.verb:set package 'scara_controller' build argument 'cmake_target_skip_unavailable' from command line to 'False'
[0.828s] Level 5:colcon.colcon_core.verb:set package 'scara_controller' build argument 'cmake_clean_cache' from command line to 'False'
[0.828s] Level 5:colcon.colcon_core.verb:set package 'scara_controller' build argument 'cmake_clean_first' from command line to 'False'
[0.828s] Level 5:colcon.colcon_core.verb:set package 'scara_controller' build argument 'cmake_force_configure' from command line to 'False'
[0.828s] Level 5:colcon.colcon_core.verb:set package 'scara_controller' build argument 'ament_cmake_args' from command line to 'None'
[0.828s] Level 5:colcon.colcon_core.verb:set package 'scara_controller' build argument 'catkin_cmake_args' from command line to 'None'
[0.828s] Level 5:colcon.colcon_core.verb:set package 'scara_controller' build argument 'catkin_skip_building_tests' from command line to 'False'
[0.828s] DEBUG:colcon.colcon_core.verb:Building package 'scara_controller' with the following arguments: {'ament_cmake_args': None, 'build_base': '/home/aditi/scara/build/scara_controller', 'catkin_cmake_args': None, 'catkin_skip_building_tests': False, 'cmake_args': None, 'cmake_clean_cache': False, 'cmake_clean_first': False, 'cmake_force_configure': False, 'cmake_target': None, 'cmake_target_skip_unavailable': False, 'install_base': '/home/aditi/scara/install/scara_controller', 'merge_install': False, 'path': '/home/aditi/scara/src/scara_controller', 'symlink_install': False, 'test_result_base': None}
[0.829s] Level 5:colcon.colcon_core.verb:set package 'scara_description' build argument 'cmake_args' from command line to 'None'
[0.829s] Level 5:colcon.colcon_core.verb:set package 'scara_description' build argument 'cmake_target' from command line to 'None'
[0.829s] Level 5:colcon.colcon_core.verb:set package 'scara_description' build argument 'cmake_target_skip_unavailable' from command line to 'False'
[0.829s] Level 5:colcon.colcon_core.verb:set package 'scara_description' build argument 'cmake_clean_cache' from command line to 'False'
[0.829s] Level 5:colcon.colcon_core.verb:set package 'scara_description' build argument 'cmake_clean_first' from command line to 'False'
[0.829s] Level 5:colcon.colcon_core.verb:set package 'scara_description' build argument 'cmake_force_configure' from command line to 'False'
[0.829s] Level 5:colcon.colcon_core.verb:set package 'scara_description' build argument 'ament_cmake_args' from command line to 'None'
[0.829s] Level 5:colcon.colcon_core.verb:set package 'scara_description' build argument 'catkin_cmake_args' from command line to 'None'
[0.829s] Level 5:colcon.colcon_core.verb:set package 'scara_description' build argument 'catkin_skip_building_tests' from command line to 'False'
[0.829s] DEBUG:colcon.colcon_core.verb:Building package 'scara_description' with the following arguments: {'ament_cmake_args': None, 'build_base': '/home/aditi/scara/build/scara_description', 'catkin_cmake_args': None, 'catkin_skip_building_tests': False, 'cmake_args': None, 'cmake_clean_cache': False, 'cmake_clean_first': False, 'cmake_force_configure': False, 'cmake_target': None, 'cmake_target_skip_unavailable': False, 'install_base': '/home/aditi/scara/install/scara_description', 'merge_install': False, 'path': '/home/aditi/scara/src/scara_description', 'symlink_install': False, 'test_result_base': None}
[0.829s] Level 5:colcon.colcon_core.verb:set package 'scara_moveit' build argument 'cmake_args' from command line to 'None'
[0.829s] Level 5:colcon.colcon_core.verb:set package 'scara_moveit' build argument 'cmake_target' from command line to 'None'
[0.829s] Level 5:colcon.colcon_core.verb:set package 'scara_moveit' build argument 'cmake_target_skip_unavailable' from command line to 'False'
[0.829s] Level 5:colcon.colcon_core.verb:set package 'scara_moveit' build argument 'cmake_clean_cache' from command line to 'False'
[0.829s] Level 5:colcon.colcon_core.verb:set package 'scara_moveit' build argument 'cmake_clean_first' from command line to 'False'
[0.829s] Level 5:colcon.colcon_core.verb:set package 'scara_moveit' build argument 'cmake_force_configure' from command line to 'False'
[0.829s] Level 5:colcon.colcon_core.verb:set package 'scara_moveit' build argument 'ament_cmake_args' from command line to 'None'
[0.829s] Level 5:colcon.colcon_core.verb:set package 'scara_moveit' build argument 'catkin_cmake_args' from command line to 'None'
[0.829s] Level 5:colcon.colcon_core.verb:set package 'scara_moveit' build argument 'catkin_skip_building_tests' from command line to 'False'
[0.829s] DEBUG:colcon.colcon_core.verb:Building package 'scara_moveit' with the following arguments: {'ament_cmake_args': None, 'build_base': '/home/aditi/scara/build/scara_moveit', 'catkin_cmake_args': None, 'catkin_skip_building_tests': False, 'cmake_args': None, 'cmake_clean_cache': False, 'cmake_clean_first': False, 'cmake_force_configure': False, 'cmake_target': None, 'cmake_target_skip_unavailable': False, 'install_base': '/home/aditi/scara/install/scara_moveit', 'merge_install': False, 'path': '/home/aditi/scara/src/scara_moveit', 'symlink_install': False, 'test_result_base': None}
[0.829s] INFO:colcon.colcon_core.executor:Executing jobs using 'parallel' executor
[0.830s] DEBUG:colcon.colcon_parallel_executor.executor.parallel:run_until_complete
[0.834s] INFO:colcon.colcon_ros.task.ament_cmake.build:Building ROS package in '/home/aditi/scara/src/scara_description' with build type 'ament_cmake'
[0.834s] INFO:colcon.colcon_cmake.task.cmake.build:Building CMake package in '/home/aditi/scara/src/scara_description'
[0.841s] INFO:colcon.colcon_core.plugin_system:Skipping extension 'colcon_core.shell.bat': Not used on non-Windows systems
[0.841s] INFO:colcon.colcon_core.shell:Skip shell extension 'powershell' for command environment: Not usable outside of PowerShell
[0.841s] DEBUG:colcon.colcon_core.shell:Skip shell extension 'dsv' for command environment
[0.845s] INFO:colcon.colcon_ros.task.ament_cmake.build:Building ROS package in '/home/aditi/scara/src/scara_controller' with build type 'ament_cmake'
[0.846s] INFO:colcon.colcon_cmake.task.cmake.build:Building CMake package in '/home/aditi/scara/src/scara_controller'
[0.846s] INFO:colcon.colcon_core.shell:Skip shell extension 'powershell' for command environment: Not usable outside of PowerShell
[0.846s] DEBUG:colcon.colcon_core.shell:Skip shell extension 'dsv' for command environment
[0.859s] DEBUG:colcon.colcon_core.event_handler.log_command:Invoking command in '/home/aditi/scara/build/scara_description': CMAKE_PREFIX_PATH=${CMAKE_PREFIX_PATH}:/opt/ros/humble /usr/bin/cmake --build /home/aditi/scara/build/scara_description -- -j16 -l16
[0.868s] DEBUG:colcon.colcon_core.event_handler.log_command:Invoking command in '/home/aditi/scara/build/scara_controller': CMAKE_PREFIX_PATH=${CMAKE_PREFIX_PATH}:/opt/ros/humble /usr/bin/cmake --build /home/aditi/scara/build/scara_controller -- -j16 -l16
[0.934s] DEBUG:colcon.colcon_core.event_handler.log_command:Invoked command in '/home/aditi/scara/build/scara_description' returned '0': CMAKE_PREFIX_PATH=${CMAKE_PREFIX_PATH}:/opt/ros/humble /usr/bin/cmake --build /home/aditi/scara/build/scara_description -- -j16 -l16
[0.951s] DEBUG:colcon.colcon_core.event_handler.log_command:Invoking command in '/home/aditi/scara/build/scara_description': CMAKE_PREFIX_PATH=${CMAKE_PREFIX_PATH}:/opt/ros/humble /usr/bin/cmake --install /home/aditi/scara/build/scara_description
[0.951s] DEBUG:colcon.colcon_core.event_handler.log_command:Invoked command in '/home/aditi/scara/build/scara_controller' returned '0': CMAKE_PREFIX_PATH=${CMAKE_PREFIX_PATH}:/opt/ros/humble /usr/bin/cmake --build /home/aditi/scara/build/scara_controller -- -j16 -l16
[0.955s] DEBUG:colcon.colcon_core.event_handler.log_command:Invoking command in '/home/aditi/scara/build/scara_controller': CMAKE_PREFIX_PATH=${CMAKE_PREFIX_PATH}:/opt/ros/humble /usr/bin/cmake --install /home/aditi/scara/build/scara_controller
[0.964s] Level 1:colcon.colcon_core.environment:create_environment_scripts_only(scara_description)
[0.967s] DEBUG:colcon.colcon_core.event_handler.log_command:Invoked command in '/home/aditi/scara/build/scara_description' returned '0': CMAKE_PREFIX_PATH=${CMAKE_PREFIX_PATH}:/opt/ros/humble /usr/bin/cmake --install /home/aditi/scara/build/scara_description
[0.974s] Level 1:colcon.colcon_core.environment:checking '/home/aditi/scara/install/scara_description' for CMake module files
[0.975s] Level 1:colcon.colcon_core.environment:checking '/home/aditi/scara/install/scara_description' for CMake config files
[0.975s] Level 1:colcon.colcon_core.shell:create_environment_hook('scara_description', 'cmake_prefix_path')
[0.975s] INFO:colcon.colcon_core.shell:Creating environment hook '/home/aditi/scara/install/scara_description/share/scara_description/hook/cmake_prefix_path.ps1'
[0.976s] INFO:colcon.colcon_core.shell:Creating environment descriptor '/home/aditi/scara/install/scara_description/share/scara_description/hook/cmake_prefix_path.dsv'
[0.978s] INFO:colcon.colcon_core.shell:Creating environment hook '/home/aditi/scara/install/scara_description/share/scara_description/hook/cmake_prefix_path.sh'
[0.979s] Level 1:colcon.colcon_core.environment:checking '/home/aditi/scara/install/scara_description/bin'
[0.979s] Level 1:colcon.colcon_core.environment:checking '/home/aditi/scara/install/scara_description/lib/pkgconfig/scara_description.pc'
[0.980s] Level 1:colcon.colcon_core.environment:checking '/home/aditi/scara/install/scara_description/lib/python3.10/site-packages'
[0.980s] Level 1:colcon.colcon_core.environment:checking '/home/aditi/scara/install/scara_description/bin'
[0.980s] INFO:colcon.colcon_core.shell:Creating package script '/home/aditi/scara/install/scara_description/share/scara_description/package.ps1'
[0.982s] INFO:colcon.colcon_core.shell:Creating package descriptor '/home/aditi/scara/install/scara_description/share/scara_description/package.dsv'
[0.984s] INFO:colcon.colcon_core.shell:Creating package script '/home/aditi/scara/install/scara_description/share/scara_description/package.sh'
[0.985s] INFO:colcon.colcon_core.shell:Creating package script '/home/aditi/scara/install/scara_description/share/scara_description/package.bash'
[0.986s] INFO:colcon.colcon_core.shell:Creating package script '/home/aditi/scara/install/scara_description/share/scara_description/package.zsh'
[0.989s] Level 1:colcon.colcon_core.environment:create_file_with_runtime_dependencies(/home/aditi/scara/install/scara_description/share/colcon-core/packages/scara_description)
[0.990s] Level 1:colcon.colcon_core.environment:create_environment_scripts_only(scara_description)
[0.990s] Level 1:colcon.colcon_core.environment:checking '/home/aditi/scara/install/scara_description' for CMake module files
[0.991s] Level 1:colcon.colcon_core.environment:checking '/home/aditi/scara/install/scara_description' for CMake config files
[0.991s] Level 1:colcon.colcon_core.shell:create_environment_hook('scara_description', 'cmake_prefix_path')
[0.991s] INFO:colcon.colcon_core.shell:Creating environment hook '/home/aditi/scara/install/scara_description/share/scara_description/hook/cmake_prefix_path.ps1'
[0.992s] INFO:colcon.colcon_core.shell:Creating environment descriptor '/home/aditi/scara/install/scara_description/share/scara_description/hook/cmake_prefix_path.dsv'
[0.993s] INFO:colcon.colcon_core.shell:Creating environment hook '/home/aditi/scara/install/scara_description/share/scara_description/hook/cmake_prefix_path.sh'
[0.993s] Level 1:colcon.colcon_core.environment:checking '/home/aditi/scara/install/scara_description/bin'
[0.993s] Level 1:colcon.colcon_core.environment:checking '/home/aditi/scara/install/scara_description/lib/pkgconfig/scara_description.pc'
[0.994s] Level 1:colcon.colcon_core.environment:checking '/home/aditi/scara/install/scara_description/lib/python3.10/site-packages'
[0.994s] Level 1:colcon.colcon_core.environment:checking '/home/aditi/scara/install/scara_description/bin'
[0.998s] INFO:colcon.colcon_core.shell:Creating package script '/home/aditi/scara/install/scara_description/share/scara_description/package.ps1'
[1.002s] INFO:colcon.colcon_core.shell:Creating package descriptor '/home/aditi/scara/install/scara_description/share/scara_description/package.dsv'
[1.003s] INFO:colcon.colcon_core.shell:Creating package script '/home/aditi/scara/install/scara_description/share/scara_description/package.sh'
[1.004s] INFO:colcon.colcon_core.shell:Creating package script '/home/aditi/scara/install/scara_description/share/scara_description/package.bash'
[1.005s] INFO:colcon.colcon_core.shell:Creating package script '/home/aditi/scara/install/scara_description/share/scara_description/package.zsh'
[1.005s] Level 1:colcon.colcon_core.environment:create_file_with_runtime_dependencies(/home/aditi/scara/install/scara_description/share/colcon-core/packages/scara_description)
[1.006s] INFO:colcon.colcon_ros.task.ament_cmake.build:Building ROS package in '/home/aditi/scara/src/scara_moveit' with build type 'ament_cmake'
[1.006s] INFO:colcon.colcon_cmake.task.cmake.build:Building CMake package in '/home/aditi/scara/src/scara_moveit'
[1.007s] INFO:colcon.colcon_core.shell:Skip shell extension 'powershell' for command environment: Not usable outside of PowerShell
[1.007s] DEBUG:colcon.colcon_core.shell:Skip shell extension 'dsv' for command environment
[1.019s] Level 1:colcon.colcon_core.environment:create_environment_scripts_only(scara_controller)
[1.020s] Level 1:colcon.colcon_core.environment:checking '/home/aditi/scara/install/scara_controller' for CMake module files
[1.024s] DEBUG:colcon.colcon_core.event_handler.log_command:Invoked command in '/home/aditi/scara/build/scara_controller' returned '0': CMAKE_PREFIX_PATH=${CMAKE_PREFIX_PATH}:/opt/ros/humble /usr/bin/cmake --install /home/aditi/scara/build/scara_controller
[1.024s] Level 1:colcon.colcon_core.environment:checking '/home/aditi/scara/install/scara_controller' for CMake config files
[1.025s] Level 1:colcon.colcon_core.shell:create_environment_hook('scara_controller', 'cmake_prefix_path')
[1.026s] INFO:colcon.colcon_core.shell:Creating environment hook '/home/aditi/scara/install/scara_controller/share/scara_controller/hook/cmake_prefix_path.ps1'
[1.028s] INFO:colcon.colcon_core.shell:Creating environment descriptor '/home/aditi/scara/install/scara_controller/share/scara_controller/hook/cmake_prefix_path.dsv'
[1.029s] INFO:colcon.colcon_core.shell:Creating environment hook '/home/aditi/scara/install/scara_controller/share/scara_controller/hook/cmake_prefix_path.sh'
[1.029s] Level 1:colcon.colcon_core.environment:checking '/home/aditi/scara/install/scara_controller/bin'
[1.029s] Level 1:colcon.colcon_core.environment:checking '/home/aditi/scara/install/scara_controller/lib/pkgconfig/scara_controller.pc'
[1.030s] Level 1:colcon.colcon_core.environment:checking '/home/aditi/scara/install/scara_controller/lib/python3.10/site-packages'
[1.030s] Level 1:colcon.colcon_core.environment:checking '/home/aditi/scara/install/scara_controller/bin'
[1.031s] INFO:colcon.colcon_core.shell:Creating package script '/home/aditi/scara/install/scara_controller/share/scara_controller/package.ps1'
[1.032s] INFO:colcon.colcon_core.shell:Creating package descriptor '/home/aditi/scara/install/scara_controller/share/scara_controller/package.dsv'
[1.033s] INFO:colcon.colcon_core.shell:Creating package script '/home/aditi/scara/install/scara_controller/share/scara_controller/package.sh'
[1.033s] INFO:colcon.colcon_core.shell:Creating package script '/home/aditi/scara/install/scara_controller/share/scara_controller/package.bash'
[1.034s] INFO:colcon.colcon_core.shell:Creating package script '/home/aditi/scara/install/scara_controller/share/scara_controller/package.zsh'
[1.034s] Level 1:colcon.colcon_core.environment:create_file_with_runtime_dependencies(/home/aditi/scara/install/scara_controller/share/colcon-core/packages/scara_controller)
[1.035s] Level 1:colcon.colcon_core.environment:create_environment_scripts_only(scara_controller)
[1.035s] Level 1:colcon.colcon_core.environment:checking '/home/aditi/scara/install/scara_controller' for CMake module files
[1.036s] Level 1:colcon.colcon_core.environment:checking '/home/aditi/scara/install/scara_controller' for CMake config files
[1.036s] Level 1:colcon.colcon_core.shell:create_environment_hook('scara_controller', 'cmake_prefix_path')
[1.036s] INFO:colcon.colcon_core.shell:Creating environment hook '/home/aditi/scara/install/scara_controller/share/scara_controller/hook/cmake_prefix_path.ps1'
[1.036s] INFO:colcon.colcon_core.shell:Creating environment descriptor '/home/aditi/scara/install/scara_controller/share/scara_controller/hook/cmake_prefix_path.dsv'
[1.037s] INFO:colcon.colcon_core.shell:Creating environment hook '/home/aditi/scara/install/scara_controller/share/scara_controller/hook/cmake_prefix_path.sh'
[1.037s] Level 1:colcon.colcon_core.environment:checking '/home/aditi/scara/install/scara_controller/bin'
[1.037s] Level 1:colcon.colcon_core.environment:checking '/home/aditi/scara/install/scara_controller/lib/pkgconfig/scara_controller.pc'
[1.038s] Level 1:colcon.colcon_core.environment:checking '/home/aditi/scara/install/scara_controller/lib/python3.10/site-packages'
[1.038s] Level 1:colcon.colcon_core.environment:checking '/home/aditi/scara/install/scara_controller/bin'
[1.038s] INFO:colcon.colcon_core.shell:Creating package script '/home/aditi/scara/install/scara_controller/share/scara_controller/package.ps1'
[1.039s] INFO:colcon.colcon_core.shell:Creating package descriptor '/home/aditi/scara/install/scara_controller/share/scara_controller/package.dsv'
[1.039s] INFO:colcon.colcon_core.shell:Creating package script '/home/aditi/scara/install/scara_controller/share/scara_controller/package.sh'
[1.040s] INFO:colcon.colcon_core.shell:Creating package script '/home/aditi/scara/install/scara_controller/share/scara_controller/package.bash'
[1.044s] INFO:colcon.colcon_core.shell:Creating package script '/home/aditi/scara/install/scara_controller/share/scara_controller/package.zsh'
[1.046s] Level 1:colcon.colcon_core.environment:create_file_with_runtime_dependencies(/home/aditi/scara/install/scara_controller/share/colcon-core/packages/scara_controller)
[1.128s] DEBUG:colcon.colcon_core.event_handler.log_command:Invoking command in '/home/aditi/scara/build/scara_moveit': CMAKE_PREFIX_PATH=/home/aditi/scara/install/scara_description:/home/aditi/scara/install/scara_moveit:/home/aditi/scara/install/scara_controller:/opt/ros/humble /usr/bin/cmake --build /home/aditi/scara/build/scara_moveit -- -j16 -l16
[1.165s] DEBUG:colcon.colcon_core.event_handler.log_command:Invoked command in '/home/aditi/scara/build/scara_moveit' returned '0': CMAKE_PREFIX_PATH=/home/aditi/scara/install/scara_description:/home/aditi/scara/install/scara_moveit:/home/aditi/scara/install/scara_controller:/opt/ros/humble /usr/bin/cmake --build /home/aditi/scara/build/scara_moveit -- -j16 -l16
[1.167s] DEBUG:colcon.colcon_core.event_handler.log_command:Invoking command in '/home/aditi/scara/build/scara_moveit': CMAKE_PREFIX_PATH=/home/aditi/scara/install/scara_description:/home/aditi/scara/install/scara_moveit:/home/aditi/scara/install/scara_controller:/opt/ros/humble /usr/bin/cmake --install /home/aditi/scara/build/scara_moveit
[1.179s] Level 1:colcon.colcon_core.environment:create_environment_scripts_only(scara_moveit)
[1.180s] Level 1:colcon.colcon_core.environment:checking '/home/aditi/scara/install/scara_moveit' for CMake module files
[1.182s] DEBUG:colcon.colcon_core.event_handler.log_command:Invoked command in '/home/aditi/scara/build/scara_moveit' returned '0': CMAKE_PREFIX_PATH=/home/aditi/scara/install/scara_description:/home/aditi/scara/install/scara_moveit:/home/aditi/scara/install/scara_controller:/opt/ros/humble /usr/bin/cmake --install /home/aditi/scara/build/scara_moveit
[1.182s] Level 1:colcon.colcon_core.environment:checking '/home/aditi/scara/install/scara_moveit' for CMake config files
[1.183s] Level 1:colcon.colcon_core.shell:create_environment_hook('scara_moveit', 'cmake_prefix_path')
[1.183s] INFO:colcon.colcon_core.shell:Creating environment hook '/home/aditi/scara/install/scara_moveit/share/scara_moveit/hook/cmake_prefix_path.ps1'
[1.184s] INFO:colcon.colcon_core.shell:Creating environment descriptor '/home/aditi/scara/install/scara_moveit/share/scara_moveit/hook/cmake_prefix_path.dsv'
[1.184s] INFO:colcon.colcon_core.shell:Creating environment hook '/home/aditi/scara/install/scara_moveit/share/scara_moveit/hook/cmake_prefix_path.sh'
[1.185s] Level 1:colcon.colcon_core.environment:checking '/home/aditi/scara/install/scara_moveit/bin'
[1.185s] Level 1:colcon.colcon_core.environment:checking '/home/aditi/scara/install/scara_moveit/lib/pkgconfig/scara_moveit.pc'
[1.185s] Level 1:colcon.colcon_core.environment:checking '/home/aditi/scara/install/scara_moveit/lib/python3.10/site-packages'
[1.185s] Level 1:colcon.colcon_core.environment:checking '/home/aditi/scara/install/scara_moveit/bin'
[1.185s] INFO:colcon.colcon_core.shell:Creating package script '/home/aditi/scara/install/scara_moveit/share/scara_moveit/package.ps1'
[1.186s] INFO:colcon.colcon_core.shell:Creating package descriptor '/home/aditi/scara/install/scara_moveit/share/scara_moveit/package.dsv'
[1.186s] INFO:colcon.colcon_core.shell:Creating package script '/home/aditi/scara/install/scara_moveit/share/scara_moveit/package.sh'
[1.187s] INFO:colcon.colcon_core.shell:Creating package script '/home/aditi/scara/install/scara_moveit/share/scara_moveit/package.bash'
[1.187s] INFO:colcon.colcon_core.shell:Creating package script '/home/aditi/scara/install/scara_moveit/share/scara_moveit/package.zsh'
[1.187s] Level 1:colcon.colcon_core.environment:create_file_with_runtime_dependencies(/home/aditi/scara/install/scara_moveit/share/colcon-core/packages/scara_moveit)
[1.188s] Level 1:colcon.colcon_core.environment:create_environment_scripts_only(scara_moveit)
[1.188s] Level 1:colcon.colcon_core.environment:checking '/home/aditi/scara/install/scara_moveit' for CMake module files
[1.189s] Level 1:colcon.colcon_core.environment:checking '/home/aditi/scara/install/scara_moveit' for CMake config files
[1.189s] Level 1:colcon.colcon_core.shell:create_environment_hook('scara_moveit', 'cmake_prefix_path')
[1.189s] INFO:colcon.colcon_core.shell:Creating environment hook '/home/aditi/scara/install/scara_moveit/share/scara_moveit/hook/cmake_prefix_path.ps1'
[1.189s] INFO:colcon.colcon_core.shell:Creating environment descriptor '/home/aditi/scara/install/scara_moveit/share/scara_moveit/hook/cmake_prefix_path.dsv'
[1.190s] INFO:colcon.colcon_core.shell:Creating environment hook '/home/aditi/scara/install/scara_moveit/share/scara_moveit/hook/cmake_prefix_path.sh'
[1.190s] Level 1:colcon.colcon_core.environment:checking '/home/aditi/scara/install/scara_moveit/bin'
[1.190s] Level 1:colcon.colcon_core.environment:checking '/home/aditi/scara/install/scara_moveit/lib/pkgconfig/scara_moveit.pc'
[1.190s] Level 1:colcon.colcon_core.environment:checking '/home/aditi/scara/install/scara_moveit/lib/python3.10/site-packages'
[1.191s] Level 1:colcon.colcon_core.environment:checking '/home/aditi/scara/install/scara_moveit/bin'
[1.191s] INFO:colcon.colcon_core.shell:Creating package script '/home/aditi/scara/install/scara_moveit/share/scara_moveit/package.ps1'
[1.192s] INFO:colcon.colcon_core.shell:Creating package descriptor '/home/aditi/scara/install/scara_moveit/share/scara_moveit/package.dsv'
[1.192s] INFO:colcon.colcon_core.shell:Creating package script '/home/aditi/scara/install/scara_moveit/share/scara_moveit/package.sh'
[1.193s] INFO:colcon.colcon_core.shell:Creating package script '/home/aditi/scara/install/scara_moveit/share/scara_moveit/package.bash'
[1.193s] INFO:colcon.colcon_core.shell:Creating package script '/home/aditi/scara/install/scara_moveit/share/scara_moveit/package.zsh'
[1.193s] Level 1:colcon.colcon_core.environment:create_file_with_runtime_dependencies(/home/aditi/scara/install/scara_moveit/share/colcon-core/packages/scara_moveit)
[1.194s] DEBUG:colcon.colcon_parallel_executor.executor.parallel:closing loop
[1.194s] DEBUG:colcon.colcon_parallel_executor.executor.parallel:loop closed
[1.194s] DEBUG:colcon.colcon_parallel_executor.executor.parallel:run_until_complete finished with '0'
[1.195s] DEBUG:colcon.colcon_core.event_reactor:joining thread
[1.297s] INFO:colcon.colcon_core.plugin_system:Skipping extension 'colcon_notification.desktop_notification.notify_send': Could not find 'notify-send'
[1.297s] INFO:colcon.colcon_core.plugin_system:Skipping extension 'colcon_notification.desktop_notification.terminal_notifier': Not used on non-Darwin systems
[1.297s] INFO:colcon.colcon_core.plugin_system:Skipping extension 'colcon_notification.desktop_notification.win32': Not used on non-Windows systems
[1.297s] INFO:colcon.colcon_notification.desktop_notification:Sending desktop notification using 'notify2'
[1.297s] DEBUG:colcon.colcon_notification.desktop_notification.notify2:Failed to initialize notify2: org.freedesktop.DBus.Error.FileNotFound: Failed to connect to socket /run/user/1000/bus: No such file or directory
[1.297s] DEBUG:colcon.colcon_core.event_reactor:joined thread
[1.298s] INFO:colcon.colcon_core.shell:Creating prefix script '/home/aditi/scara/install/local_setup.ps1'
[1.299s] INFO:colcon.colcon_core.shell:Creating prefix util module '/home/aditi/scara/install/_local_setup_util_ps1.py'
[1.300s] INFO:colcon.colcon_core.shell:Creating prefix chain script '/home/aditi/scara/install/setup.ps1'
[1.301s] INFO:colcon.colcon_core.shell:Creating prefix script '/home/aditi/scara/install/local_setup.sh'
[1.303s] INFO:colcon.colcon_core.shell:Creating prefix util module '/home/aditi/scara/install/_local_setup_util_sh.py'
[1.303s] INFO:colcon.colcon_core.shell:Creating prefix chain script '/home/aditi/scara/install/setup.sh'
[1.305s] INFO:colcon.colcon_core.shell:Creating prefix script '/home/aditi/scara/install/local_setup.bash'
[1.306s] INFO:colcon.colcon_core.shell:Creating prefix chain script '/home/aditi/scara/install/setup.bash'
[1.307s] INFO:colcon.colcon_core.shell:Creating prefix script '/home/aditi/scara/install/local_setup.zsh'
[1.309s] INFO:colcon.colcon_core.shell:Creating prefix chain script '/home/aditi/scara/install/setup.zsh'
