[0.009s] Invoking command in '/home/aditi/scara/build/scara_controller': CMAKE_PREFIX_PATH=${CMAKE_PREFIX_PATH}:/opt/ros/humble /usr/bin/cmake --build /home/aditi/scara/build/scara_controller -- -j16 -l16
[0.042s] Invoked command in '/home/aditi/scara/build/scara_controller' returned '0': CMAKE_PREFIX_PATH=${CMAKE_PREFIX_PATH}:/opt/ros/humble /usr/bin/cmake --build /home/aditi/scara/build/scara_controller -- -j16 -l16
[0.043s] Invoking command in '/home/aditi/scara/build/scara_controller': CMAKE_PREFIX_PATH=${CMAKE_PREFIX_PATH}:/opt/ros/humble /usr/bin/cmake --install /home/aditi/scara/build/scara_controller
[0.053s] -- Install configuration: ""
[0.053s] -- Up-to-date: /home/aditi/scara/install/scara_controller/share/scara_controller/launch
[0.054s] -- Up-to-date: /home/aditi/scara/install/scara_controller/share/scara_controller/launch/controller.launch.py
[0.054s] -- Up-to-date: /home/aditi/scara/install/scara_controller/share/scara_controller/config
[0.054s] -- Up-to-date: /home/aditi/scara/install/scara_controller/share/scara_controller/config/scara_robot_controller.yaml
[0.054s] -- Up-to-date: /home/aditi/scara/install/scara_controller/share/ament_index/resource_index/package_run_dependencies/scara_controller
[0.054s] -- Up-to-date: /home/aditi/scara/install/scara_controller/share/ament_index/resource_index/parent_prefix_path/scara_controller
[0.054s] -- Up-to-date: /home/aditi/scara/install/scara_controller/share/scara_controller/environment/ament_prefix_path.sh
[0.054s] -- Up-to-date: /home/aditi/scara/install/scara_controller/share/scara_controller/environment/ament_prefix_path.dsv
[0.054s] -- Up-to-date: /home/aditi/scara/install/scara_controller/share/scara_controller/environment/path.sh
[0.054s] -- Up-to-date: /home/aditi/scara/install/scara_controller/share/scara_controller/environment/path.dsv
[0.054s] -- Up-to-date: /home/aditi/scara/install/scara_controller/share/scara_controller/local_setup.bash
[0.054s] -- Up-to-date: /home/aditi/scara/install/scara_controller/share/scara_controller/local_setup.sh
[0.054s] -- Up-to-date: /home/aditi/scara/install/scara_controller/share/scara_controller/local_setup.zsh
[0.054s] -- Up-to-date: /home/aditi/scara/install/scara_controller/share/scara_controller/local_setup.dsv
[0.054s] -- Installing: /home/aditi/scara/install/scara_controller/share/scara_controller/package.dsv
[0.054s] -- Up-to-date: /home/aditi/scara/install/scara_controller/share/ament_index/resource_index/packages/scara_controller
[0.055s] -- Up-to-date: /home/aditi/scara/install/scara_controller/share/scara_controller/cmake/scara_controllerConfig.cmake
[0.055s] -- Up-to-date: /home/aditi/scara/install/scara_controller/share/scara_controller/cmake/scara_controllerConfig-version.cmake
[0.055s] -- Up-to-date: /home/aditi/scara/install/scara_controller/share/scara_controller/package.xml
[0.068s] Invoked command in '/home/aditi/scara/build/scara_controller' returned '0': CMAKE_PREFIX_PATH=${CMAKE_PREFIX_PATH}:/opt/ros/humble /usr/bin/cmake --install /home/aditi/scara/build/scara_controller
