[0.611s] DEBUG:colcon:Command line arguments: ['/usr/bin/colcon', 'build']
[0.611s] DEBUG:colcon:Parsed command line arguments: Namespace(log_base=None, log_level=None, verb_name='build', build_base='build', install_base='install', merge_install=False, symlink_install=False, test_result_base=None, continue_on_error=False, executor='parallel', parallel_workers=16, event_handlers=None, ignore_user_meta=False, metas=['./colcon.meta'], base_paths=['.'], packages_ignore=None, packages_ignore_regex=None, paths=None, packages_up_to=None, packages_up_to_regex=None, packages_above=None, packages_above_and_dependencies=None, packages_above_depth=None, packages_select_by_dep=None, packages_skip_by_dep=None, packages_skip_up_to=None, packages_select_build_failed=False, packages_skip_build_finished=False, packages_select_test_failures=False, packages_skip_test_passed=False, packages_select=None, packages_skip=None, packages_select_regex=None, packages_skip_regex=None, packages_start=None, packages_end=None, allow_overriding=[], cmake_args=None, cmake_target=None, cmake_target_skip_unavailable=False, cmake_clean_cache=False, cmake_clean_first=False, cmake_force_configure=False, ament_cmake_args=None, catkin_cmake_args=None, catkin_skip_building_tests=False, verb_parser=<colcon_defaults.argument_parser.defaults.DefaultArgumentsDecorator object at 0x757eefc9bf10>, verb_extension=<colcon_core.verb.build.BuildVerb object at 0x757eefc9bb50>, main=<bound method BuildVerb.main of <colcon_core.verb.build.BuildVerb object at 0x757eefc9bb50>>)
[0.762s] Level 1:colcon.colcon_core.package_discovery:discover_packages(colcon_meta) check parameters
[0.763s] Level 1:colcon.colcon_core.package_discovery:discover_packages(recursive) check parameters
[0.763s] Level 1:colcon.colcon_core.package_discovery:discover_packages(ignore) check parameters
[0.763s] Level 1:colcon.colcon_core.package_discovery:discover_packages(path) check parameters
[0.763s] Level 1:colcon.colcon_core.package_discovery:discover_packages(colcon_meta) discover
[0.763s] Level 1:colcon.colcon_core.package_discovery:discover_packages(recursive) discover
[0.763s] INFO:colcon.colcon_core.package_discovery:Crawling recursively for packages in '/home/aditi/scara'
[0.763s] Level 1:colcon.colcon_core.package_identification:_identify(.) by extensions ['ignore', 'ignore_ament_install']
[0.763s] Level 1:colcon.colcon_core.package_identification:_identify(.) by extension 'ignore'
[0.763s] Level 1:colcon.colcon_core.package_identification:_identify(.) by extension 'ignore_ament_install'
[0.763s] Level 1:colcon.colcon_core.package_identification:_identify(.) by extensions ['colcon_pkg']
[0.763s] Level 1:colcon.colcon_core.package_identification:_identify(.) by extension 'colcon_pkg'
[0.763s] Level 1:colcon.colcon_core.package_identification:_identify(.) by extensions ['colcon_meta']
[0.764s] Level 1:colcon.colcon_core.package_identification:_identify(.) by extension 'colcon_meta'
[0.764s] Level 1:colcon.colcon_core.package_identification:_identify(.) by extensions ['ros']
[0.764s] Level 1:colcon.colcon_core.package_identification:_identify(.) by extension 'ros'
[0.774s] Level 1:colcon.colcon_core.package_identification:_identify(.) by extensions ['cmake', 'python']
[0.775s] Level 1:colcon.colcon_core.package_identification:_identify(.) by extension 'cmake'
[0.775s] Level 1:colcon.colcon_core.package_identification:_identify(.) by extension 'python'
[0.775s] Level 1:colcon.colcon_core.package_identification:_identify(.) by extensions ['python_setup_py']
[0.775s] Level 1:colcon.colcon_core.package_identification:_identify(.) by extension 'python_setup_py'
[0.775s] Level 1:colcon.colcon_core.package_identification:_identify(build) by extensions ['ignore', 'ignore_ament_install']
[0.775s] Level 1:colcon.colcon_core.package_identification:_identify(build) by extension 'ignore'
[0.775s] Level 1:colcon.colcon_core.package_identification:_identify(build) ignored
[0.775s] Level 1:colcon.colcon_core.package_identification:_identify(install) by extensions ['ignore', 'ignore_ament_install']
[0.775s] Level 1:colcon.colcon_core.package_identification:_identify(install) by extension 'ignore'
[0.775s] Level 1:colcon.colcon_core.package_identification:_identify(install) ignored
[0.775s] Level 1:colcon.colcon_core.package_identification:_identify(log) by extensions ['ignore', 'ignore_ament_install']
[0.775s] Level 1:colcon.colcon_core.package_identification:_identify(log) by extension 'ignore'
[0.776s] Level 1:colcon.colcon_core.package_identification:_identify(log) ignored
[0.776s] Level 1:colcon.colcon_core.package_identification:_identify(src) by extensions ['ignore', 'ignore_ament_install']
[0.776s] Level 1:colcon.colcon_core.package_identification:_identify(src) by extension 'ignore'
[0.776s] Level 1:colcon.colcon_core.package_identification:_identify(src) by extension 'ignore_ament_install'
[0.776s] Level 1:colcon.colcon_core.package_identification:_identify(src) by extensions ['colcon_pkg']
[0.776s] Level 1:colcon.colcon_core.package_identification:_identify(src) by extension 'colcon_pkg'
[0.776s] Level 1:colcon.colcon_core.package_identification:_identify(src) by extensions ['colcon_meta']
[0.776s] Level 1:colcon.colcon_core.package_identification:_identify(src) by extension 'colcon_meta'
[0.776s] Level 1:colcon.colcon_core.package_identification:_identify(src) by extensions ['ros']
[0.776s] Level 1:colcon.colcon_core.package_identification:_identify(src) by extension 'ros'
[0.776s] Level 1:colcon.colcon_core.package_identification:_identify(src) by extensions ['cmake', 'python']
[0.776s] Level 1:colcon.colcon_core.package_identification:_identify(src) by extension 'cmake'
[0.776s] Level 1:colcon.colcon_core.package_identification:_identify(src) by extension 'python'
[0.776s] Level 1:colcon.colcon_core.package_identification:_identify(src) by extensions ['python_setup_py']
[0.776s] Level 1:colcon.colcon_core.package_identification:_identify(src) by extension 'python_setup_py'
[0.776s] Level 1:colcon.colcon_core.package_identification:_identify(src/scara_controller) by extensions ['ignore', 'ignore_ament_install']
[0.776s] Level 1:colcon.colcon_core.package_identification:_identify(src/scara_controller) by extension 'ignore'
[0.776s] Level 1:colcon.colcon_core.package_identification:_identify(src/scara_controller) by extension 'ignore_ament_install'
[0.776s] Level 1:colcon.colcon_core.package_identification:_identify(src/scara_controller) by extensions ['colcon_pkg']
[0.777s] Level 1:colcon.colcon_core.package_identification:_identify(src/scara_controller) by extension 'colcon_pkg'
[0.777s] Level 1:colcon.colcon_core.package_identification:_identify(src/scara_controller) by extensions ['colcon_meta']
[0.777s] Level 1:colcon.colcon_core.package_identification:_identify(src/scara_controller) by extension 'colcon_meta'
[0.777s] Level 1:colcon.colcon_core.package_identification:_identify(src/scara_controller) by extensions ['ros']
[0.777s] Level 1:colcon.colcon_core.package_identification:_identify(src/scara_controller) by extension 'ros'
[0.779s] DEBUG:colcon.colcon_core.package_identification:Package 'src/scara_controller' with type 'ros.ament_cmake' and name 'scara_controller'
[0.779s] Level 1:colcon.colcon_core.package_identification:_identify(src/scara_description) by extensions ['ignore', 'ignore_ament_install']
[0.779s] Level 1:colcon.colcon_core.package_identification:_identify(src/scara_description) by extension 'ignore'
[0.779s] Level 1:colcon.colcon_core.package_identification:_identify(src/scara_description) by extension 'ignore_ament_install'
[0.779s] Level 1:colcon.colcon_core.package_identification:_identify(src/scara_description) by extensions ['colcon_pkg']
[0.779s] Level 1:colcon.colcon_core.package_identification:_identify(src/scara_description) by extension 'colcon_pkg'
[0.779s] Level 1:colcon.colcon_core.package_identification:_identify(src/scara_description) by extensions ['colcon_meta']
[0.779s] Level 1:colcon.colcon_core.package_identification:_identify(src/scara_description) by extension 'colcon_meta'
[0.780s] Level 1:colcon.colcon_core.package_identification:_identify(src/scara_description) by extensions ['ros']
[0.780s] Level 1:colcon.colcon_core.package_identification:_identify(src/scara_description) by extension 'ros'
[0.780s] DEBUG:colcon.colcon_core.package_identification:Package 'src/scara_description' with type 'ros.ament_cmake' and name 'scara_description'
[0.780s] Level 1:colcon.colcon_core.package_identification:_identify(src/scara_moveit) by extensions ['ignore', 'ignore_ament_install']
[0.780s] Level 1:colcon.colcon_core.package_identification:_identify(src/scara_moveit) by extension 'ignore'
[0.780s] Level 1:colcon.colcon_core.package_identification:_identify(src/scara_moveit) by extension 'ignore_ament_install'
[0.780s] Level 1:colcon.colcon_core.package_identification:_identify(src/scara_moveit) by extensions ['colcon_pkg']
[0.781s] Level 1:colcon.colcon_core.package_identification:_identify(src/scara_moveit) by extension 'colcon_pkg'
[0.781s] Level 1:colcon.colcon_core.package_identification:_identify(src/scara_moveit) by extensions ['colcon_meta']
[0.781s] Level 1:colcon.colcon_core.package_identification:_identify(src/scara_moveit) by extension 'colcon_meta'
[0.781s] Level 1:colcon.colcon_core.package_identification:_identify(src/scara_moveit) by extensions ['ros']
[0.781s] Level 1:colcon.colcon_core.package_identification:_identify(src/scara_moveit) by extension 'ros'
[0.781s] DEBUG:colcon.colcon_core.package_identification:Package 'src/scara_moveit' with type 'ros.ament_cmake' and name 'scara_moveit'
[0.781s] Level 1:colcon.colcon_core.package_discovery:discover_packages(recursive) using defaults
[0.781s] Level 1:colcon.colcon_core.package_discovery:discover_packages(ignore) discover
[0.781s] Level 1:colcon.colcon_core.package_discovery:discover_packages(ignore) using defaults
[0.781s] Level 1:colcon.colcon_core.package_discovery:discover_packages(path) discover
[0.782s] Level 1:colcon.colcon_core.package_discovery:discover_packages(path) using defaults
[0.801s] Level 1:colcon.colcon_core.package_discovery:discover_packages(prefix_path) check parameters
[0.801s] Level 1:colcon.colcon_core.package_discovery:discover_packages(prefix_path) discover
[0.803s] DEBUG:colcon.colcon_installed_package_information.package_discovery:Found 3 installed packages in /home/aditi/scara/install
[0.804s] DEBUG:colcon.colcon_installed_package_information.package_discovery:Found 381 installed packages in /opt/ros/humble
[0.817s] Level 1:colcon.colcon_core.package_discovery:discover_packages(prefix_path) using defaults
[0.858s] Level 5:colcon.colcon_core.verb:set package 'scara_controller' build argument 'cmake_args' from command line to 'None'
[0.858s] Level 5:colcon.colcon_core.verb:set package 'scara_controller' build argument 'cmake_target' from command line to 'None'
[0.858s] Level 5:colcon.colcon_core.verb:set package 'scara_controller' build argument 'cmake_target_skip_unavailable' from command line to 'False'
[0.858s] Level 5:colcon.colcon_core.verb:set package 'scara_controller' build argument 'cmake_clean_cache' from command line to 'False'
[0.858s] Level 5:colcon.colcon_core.verb:set package 'scara_controller' build argument 'cmake_clean_first' from command line to 'False'
[0.858s] Level 5:colcon.colcon_core.verb:set package 'scara_controller' build argument 'cmake_force_configure' from command line to 'False'
[0.858s] Level 5:colcon.colcon_core.verb:set package 'scara_controller' build argument 'ament_cmake_args' from command line to 'None'
[0.858s] Level 5:colcon.colcon_core.verb:set package 'scara_controller' build argument 'catkin_cmake_args' from command line to 'None'
[0.858s] Level 5:colcon.colcon_core.verb:set package 'scara_controller' build argument 'catkin_skip_building_tests' from command line to 'False'
[0.858s] DEBUG:colcon.colcon_core.verb:Building package 'scara_controller' with the following arguments: {'ament_cmake_args': None, 'build_base': '/home/aditi/scara/build/scara_controller', 'catkin_cmake_args': None, 'catkin_skip_building_tests': False, 'cmake_args': None, 'cmake_clean_cache': False, 'cmake_clean_first': False, 'cmake_force_configure': False, 'cmake_target': None, 'cmake_target_skip_unavailable': False, 'install_base': '/home/aditi/scara/install/scara_controller', 'merge_install': False, 'path': '/home/aditi/scara/src/scara_controller', 'symlink_install': False, 'test_result_base': None}
[0.858s] Level 5:colcon.colcon_core.verb:set package 'scara_description' build argument 'cmake_args' from command line to 'None'
[0.858s] Level 5:colcon.colcon_core.verb:set package 'scara_description' build argument 'cmake_target' from command line to 'None'
[0.859s] Level 5:colcon.colcon_core.verb:set package 'scara_description' build argument 'cmake_target_skip_unavailable' from command line to 'False'
[0.859s] Level 5:colcon.colcon_core.verb:set package 'scara_description' build argument 'cmake_clean_cache' from command line to 'False'
[0.859s] Level 5:colcon.colcon_core.verb:set package 'scara_description' build argument 'cmake_clean_first' from command line to 'False'
[0.859s] Level 5:colcon.colcon_core.verb:set package 'scara_description' build argument 'cmake_force_configure' from command line to 'False'
[0.859s] Level 5:colcon.colcon_core.verb:set package 'scara_description' build argument 'ament_cmake_args' from command line to 'None'
[0.859s] Level 5:colcon.colcon_core.verb:set package 'scara_description' build argument 'catkin_cmake_args' from command line to 'None'
[0.859s] Level 5:colcon.colcon_core.verb:set package 'scara_description' build argument 'catkin_skip_building_tests' from command line to 'False'
[0.859s] DEBUG:colcon.colcon_core.verb:Building package 'scara_description' with the following arguments: {'ament_cmake_args': None, 'build_base': '/home/aditi/scara/build/scara_description', 'catkin_cmake_args': None, 'catkin_skip_building_tests': False, 'cmake_args': None, 'cmake_clean_cache': False, 'cmake_clean_first': False, 'cmake_force_configure': False, 'cmake_target': None, 'cmake_target_skip_unavailable': False, 'install_base': '/home/aditi/scara/install/scara_description', 'merge_install': False, 'path': '/home/aditi/scara/src/scara_description', 'symlink_install': False, 'test_result_base': None}
[0.859s] Level 5:colcon.colcon_core.verb:set package 'scara_moveit' build argument 'cmake_args' from command line to 'None'
[0.859s] Level 5:colcon.colcon_core.verb:set package 'scara_moveit' build argument 'cmake_target' from command line to 'None'
[0.859s] Level 5:colcon.colcon_core.verb:set package 'scara_moveit' build argument 'cmake_target_skip_unavailable' from command line to 'False'
[0.859s] Level 5:colcon.colcon_core.verb:set package 'scara_moveit' build argument 'cmake_clean_cache' from command line to 'False'
[0.859s] Level 5:colcon.colcon_core.verb:set package 'scara_moveit' build argument 'cmake_clean_first' from command line to 'False'
[0.859s] Level 5:colcon.colcon_core.verb:set package 'scara_moveit' build argument 'cmake_force_configure' from command line to 'False'
[0.859s] Level 5:colcon.colcon_core.verb:set package 'scara_moveit' build argument 'ament_cmake_args' from command line to 'None'
[0.859s] Level 5:colcon.colcon_core.verb:set package 'scara_moveit' build argument 'catkin_cmake_args' from command line to 'None'
[0.859s] Level 5:colcon.colcon_core.verb:set package 'scara_moveit' build argument 'catkin_skip_building_tests' from command line to 'False'
[0.859s] DEBUG:colcon.colcon_core.verb:Building package 'scara_moveit' with the following arguments: {'ament_cmake_args': None, 'build_base': '/home/aditi/scara/build/scara_moveit', 'catkin_cmake_args': None, 'catkin_skip_building_tests': False, 'cmake_args': None, 'cmake_clean_cache': False, 'cmake_clean_first': False, 'cmake_force_configure': False, 'cmake_target': None, 'cmake_target_skip_unavailable': False, 'install_base': '/home/aditi/scara/install/scara_moveit', 'merge_install': False, 'path': '/home/aditi/scara/src/scara_moveit', 'symlink_install': False, 'test_result_base': None}
[0.859s] INFO:colcon.colcon_core.executor:Executing jobs using 'parallel' executor
[0.861s] DEBUG:colcon.colcon_parallel_executor.executor.parallel:run_until_complete
[0.861s] INFO:colcon.colcon_ros.task.ament_cmake.build:Building ROS package in '/home/aditi/scara/src/scara_description' with build type 'ament_cmake'
[0.861s] INFO:colcon.colcon_cmake.task.cmake.build:Building CMake package in '/home/aditi/scara/src/scara_description'
[0.864s] INFO:colcon.colcon_core.plugin_system:Skipping extension 'colcon_core.shell.bat': Not used on non-Windows systems
[0.864s] INFO:colcon.colcon_core.shell:Skip shell extension 'powershell' for command environment: Not usable outside of PowerShell
[0.865s] DEBUG:colcon.colcon_core.shell:Skip shell extension 'dsv' for command environment
[0.869s] INFO:colcon.colcon_ros.task.ament_cmake.build:Building ROS package in '/home/aditi/scara/src/scara_controller' with build type 'ament_cmake'
[0.869s] INFO:colcon.colcon_cmake.task.cmake.build:Building CMake package in '/home/aditi/scara/src/scara_controller'
[0.869s] INFO:colcon.colcon_core.shell:Skip shell extension 'powershell' for command environment: Not usable outside of PowerShell
[0.869s] DEBUG:colcon.colcon_core.shell:Skip shell extension 'dsv' for command environment
[0.880s] DEBUG:colcon.colcon_core.event_handler.log_command:Invoking command in '/home/aditi/scara/build/scara_description': CMAKE_PREFIX_PATH=${CMAKE_PREFIX_PATH}:/opt/ros/humble /usr/bin/cmake --build /home/aditi/scara/build/scara_description -- -j16 -l16
[0.887s] DEBUG:colcon.colcon_core.event_handler.log_command:Invoking command in '/home/aditi/scara/build/scara_controller': CMAKE_PREFIX_PATH=${CMAKE_PREFIX_PATH}:/opt/ros/humble /usr/bin/cmake --build /home/aditi/scara/build/scara_controller -- -j16 -l16
[0.918s] DEBUG:colcon.colcon_core.event_handler.log_command:Invoked command in '/home/aditi/scara/build/scara_description' returned '0': CMAKE_PREFIX_PATH=${CMAKE_PREFIX_PATH}:/opt/ros/humble /usr/bin/cmake --build /home/aditi/scara/build/scara_description -- -j16 -l16
[0.932s] DEBUG:colcon.colcon_core.event_handler.log_command:Invoking command in '/home/aditi/scara/build/scara_description': CMAKE_PREFIX_PATH=${CMAKE_PREFIX_PATH}:/opt/ros/humble /usr/bin/cmake --install /home/aditi/scara/build/scara_description
[0.934s] DEBUG:colcon.colcon_core.event_handler.log_command:Invoked command in '/home/aditi/scara/build/scara_controller' returned '0': CMAKE_PREFIX_PATH=${CMAKE_PREFIX_PATH}:/opt/ros/humble /usr/bin/cmake --build /home/aditi/scara/build/scara_controller -- -j16 -l16
[0.938s] DEBUG:colcon.colcon_core.event_handler.log_command:Invoking command in '/home/aditi/scara/build/scara_controller': CMAKE_PREFIX_PATH=${CMAKE_PREFIX_PATH}:/opt/ros/humble /usr/bin/cmake --install /home/aditi/scara/build/scara_controller
[0.946s] Level 1:colcon.colcon_core.environment:create_environment_scripts_only(scara_description)
[0.956s] Level 1:colcon.colcon_core.environment:checking '/home/aditi/scara/install/scara_description' for CMake module files
[0.958s] Level 1:colcon.colcon_core.environment:checking '/home/aditi/scara/install/scara_description' for CMake config files
[0.959s] DEBUG:colcon.colcon_core.event_handler.log_command:Invoked command in '/home/aditi/scara/build/scara_description' returned '0': CMAKE_PREFIX_PATH=${CMAKE_PREFIX_PATH}:/opt/ros/humble /usr/bin/cmake --install /home/aditi/scara/build/scara_description
[0.959s] Level 1:colcon.colcon_core.shell:create_environment_hook('scara_description', 'cmake_prefix_path')
[0.959s] INFO:colcon.colcon_core.shell:Creating environment hook '/home/aditi/scara/install/scara_description/share/scara_description/hook/cmake_prefix_path.ps1'
[0.961s] INFO:colcon.colcon_core.shell:Creating environment descriptor '/home/aditi/scara/install/scara_description/share/scara_description/hook/cmake_prefix_path.dsv'
[0.963s] INFO:colcon.colcon_core.shell:Creating environment hook '/home/aditi/scara/install/scara_description/share/scara_description/hook/cmake_prefix_path.sh'
[0.964s] Level 1:colcon.colcon_core.environment:checking '/home/aditi/scara/install/scara_description/bin'
[0.964s] Level 1:colcon.colcon_core.environment:checking '/home/aditi/scara/install/scara_description/lib/pkgconfig/scara_description.pc'
[0.964s] Level 1:colcon.colcon_core.environment:checking '/home/aditi/scara/install/scara_description/lib/python3.10/site-packages'
[0.965s] Level 1:colcon.colcon_core.environment:checking '/home/aditi/scara/install/scara_description/bin'
[0.965s] INFO:colcon.colcon_core.shell:Creating package script '/home/aditi/scara/install/scara_description/share/scara_description/package.ps1'
[0.966s] INFO:colcon.colcon_core.shell:Creating package descriptor '/home/aditi/scara/install/scara_description/share/scara_description/package.dsv'
[0.967s] INFO:colcon.colcon_core.shell:Creating package script '/home/aditi/scara/install/scara_description/share/scara_description/package.sh'
[0.968s] INFO:colcon.colcon_core.shell:Creating package script '/home/aditi/scara/install/scara_description/share/scara_description/package.bash'
[0.969s] INFO:colcon.colcon_core.shell:Creating package script '/home/aditi/scara/install/scara_description/share/scara_description/package.zsh'
[0.970s] Level 1:colcon.colcon_core.environment:create_file_with_runtime_dependencies(/home/aditi/scara/install/scara_description/share/colcon-core/packages/scara_description)
[0.971s] Level 1:colcon.colcon_core.environment:create_environment_scripts_only(scara_description)
[0.971s] Level 1:colcon.colcon_core.environment:checking '/home/aditi/scara/install/scara_description' for CMake module files
[0.971s] Level 1:colcon.colcon_core.environment:checking '/home/aditi/scara/install/scara_description' for CMake config files
[0.971s] Level 1:colcon.colcon_core.shell:create_environment_hook('scara_description', 'cmake_prefix_path')
[0.972s] INFO:colcon.colcon_core.shell:Creating environment hook '/home/aditi/scara/install/scara_description/share/scara_description/hook/cmake_prefix_path.ps1'
[0.972s] INFO:colcon.colcon_core.shell:Creating environment descriptor '/home/aditi/scara/install/scara_description/share/scara_description/hook/cmake_prefix_path.dsv'
[0.973s] INFO:colcon.colcon_core.shell:Creating environment hook '/home/aditi/scara/install/scara_description/share/scara_description/hook/cmake_prefix_path.sh'
[0.974s] Level 1:colcon.colcon_core.environment:checking '/home/aditi/scara/install/scara_description/bin'
[0.974s] Level 1:colcon.colcon_core.environment:checking '/home/aditi/scara/install/scara_description/lib/pkgconfig/scara_description.pc'
[0.974s] Level 1:colcon.colcon_core.environment:checking '/home/aditi/scara/install/scara_description/lib/python3.10/site-packages'
[0.974s] Level 1:colcon.colcon_core.environment:checking '/home/aditi/scara/install/scara_description/bin'
[0.975s] INFO:colcon.colcon_core.shell:Creating package script '/home/aditi/scara/install/scara_description/share/scara_description/package.ps1'
[0.977s] INFO:colcon.colcon_core.shell:Creating package descriptor '/home/aditi/scara/install/scara_description/share/scara_description/package.dsv'
[0.978s] INFO:colcon.colcon_core.shell:Creating package script '/home/aditi/scara/install/scara_description/share/scara_description/package.sh'
[0.978s] INFO:colcon.colcon_core.shell:Creating package script '/home/aditi/scara/install/scara_description/share/scara_description/package.bash'
[0.979s] INFO:colcon.colcon_core.shell:Creating package script '/home/aditi/scara/install/scara_description/share/scara_description/package.zsh'
[0.979s] Level 1:colcon.colcon_core.environment:create_file_with_runtime_dependencies(/home/aditi/scara/install/scara_description/share/colcon-core/packages/scara_description)
[0.979s] INFO:colcon.colcon_ros.task.ament_cmake.build:Building ROS package in '/home/aditi/scara/src/scara_moveit' with build type 'ament_cmake'
[0.980s] INFO:colcon.colcon_cmake.task.cmake.build:Building CMake package in '/home/aditi/scara/src/scara_moveit'
[0.981s] INFO:colcon.colcon_core.shell:Skip shell extension 'powershell' for command environment: Not usable outside of PowerShell
[0.981s] DEBUG:colcon.colcon_core.shell:Skip shell extension 'dsv' for command environment
[0.986s] Level 1:colcon.colcon_core.environment:create_environment_scripts_only(scara_controller)
[0.986s] Level 1:colcon.colcon_core.environment:checking '/home/aditi/scara/install/scara_controller' for CMake module files
[0.987s] Level 1:colcon.colcon_core.environment:checking '/home/aditi/scara/install/scara_controller' for CMake config files
[0.987s] DEBUG:colcon.colcon_core.event_handler.log_command:Invoked command in '/home/aditi/scara/build/scara_controller' returned '0': CMAKE_PREFIX_PATH=${CMAKE_PREFIX_PATH}:/opt/ros/humble /usr/bin/cmake --install /home/aditi/scara/build/scara_controller
[0.988s] Level 1:colcon.colcon_core.shell:create_environment_hook('scara_controller', 'cmake_prefix_path')
[0.989s] INFO:colcon.colcon_core.shell:Creating environment hook '/home/aditi/scara/install/scara_controller/share/scara_controller/hook/cmake_prefix_path.ps1'
[0.990s] INFO:colcon.colcon_core.shell:Creating environment descriptor '/home/aditi/scara/install/scara_controller/share/scara_controller/hook/cmake_prefix_path.dsv'
[0.991s] INFO:colcon.colcon_core.shell:Creating environment hook '/home/aditi/scara/install/scara_controller/share/scara_controller/hook/cmake_prefix_path.sh'
[0.992s] Level 1:colcon.colcon_core.environment:checking '/home/aditi/scara/install/scara_controller/bin'
[0.992s] Level 1:colcon.colcon_core.environment:checking '/home/aditi/scara/install/scara_controller/lib/pkgconfig/scara_controller.pc'
[0.993s] Level 1:colcon.colcon_core.environment:checking '/home/aditi/scara/install/scara_controller/lib/python3.10/site-packages'
[0.993s] Level 1:colcon.colcon_core.environment:checking '/home/aditi/scara/install/scara_controller/bin'
[0.994s] INFO:colcon.colcon_core.shell:Creating package script '/home/aditi/scara/install/scara_controller/share/scara_controller/package.ps1'
[0.995s] INFO:colcon.colcon_core.shell:Creating package descriptor '/home/aditi/scara/install/scara_controller/share/scara_controller/package.dsv'
[0.995s] INFO:colcon.colcon_core.shell:Creating package script '/home/aditi/scara/install/scara_controller/share/scara_controller/package.sh'
[0.996s] INFO:colcon.colcon_core.shell:Creating package script '/home/aditi/scara/install/scara_controller/share/scara_controller/package.bash'
[0.997s] INFO:colcon.colcon_core.shell:Creating package script '/home/aditi/scara/install/scara_controller/share/scara_controller/package.zsh'
[0.998s] Level 1:colcon.colcon_core.environment:create_file_with_runtime_dependencies(/home/aditi/scara/install/scara_controller/share/colcon-core/packages/scara_controller)
[0.999s] Level 1:colcon.colcon_core.environment:create_environment_scripts_only(scara_controller)
[1.000s] Level 1:colcon.colcon_core.environment:checking '/home/aditi/scara/install/scara_controller' for CMake module files
[1.001s] Level 1:colcon.colcon_core.environment:checking '/home/aditi/scara/install/scara_controller' for CMake config files
[1.001s] Level 1:colcon.colcon_core.shell:create_environment_hook('scara_controller', 'cmake_prefix_path')
[1.002s] INFO:colcon.colcon_core.shell:Creating environment hook '/home/aditi/scara/install/scara_controller/share/scara_controller/hook/cmake_prefix_path.ps1'
[1.004s] INFO:colcon.colcon_core.shell:Creating environment descriptor '/home/aditi/scara/install/scara_controller/share/scara_controller/hook/cmake_prefix_path.dsv'
[1.005s] INFO:colcon.colcon_core.shell:Creating environment hook '/home/aditi/scara/install/scara_controller/share/scara_controller/hook/cmake_prefix_path.sh'
[1.006s] Level 1:colcon.colcon_core.environment:checking '/home/aditi/scara/install/scara_controller/bin'
[1.006s] Level 1:colcon.colcon_core.environment:checking '/home/aditi/scara/install/scara_controller/lib/pkgconfig/scara_controller.pc'
[1.007s] Level 1:colcon.colcon_core.environment:checking '/home/aditi/scara/install/scara_controller/lib/python3.10/site-packages'
[1.008s] Level 1:colcon.colcon_core.environment:checking '/home/aditi/scara/install/scara_controller/bin'
[1.008s] INFO:colcon.colcon_core.shell:Creating package script '/home/aditi/scara/install/scara_controller/share/scara_controller/package.ps1'
[1.009s] INFO:colcon.colcon_core.shell:Creating package descriptor '/home/aditi/scara/install/scara_controller/share/scara_controller/package.dsv'
[1.010s] INFO:colcon.colcon_core.shell:Creating package script '/home/aditi/scara/install/scara_controller/share/scara_controller/package.sh'
[1.011s] INFO:colcon.colcon_core.shell:Creating package script '/home/aditi/scara/install/scara_controller/share/scara_controller/package.bash'
[1.011s] INFO:colcon.colcon_core.shell:Creating package script '/home/aditi/scara/install/scara_controller/share/scara_controller/package.zsh'
[1.012s] Level 1:colcon.colcon_core.environment:create_file_with_runtime_dependencies(/home/aditi/scara/install/scara_controller/share/colcon-core/packages/scara_controller)
[1.147s] DEBUG:colcon.colcon_core.event_handler.log_command:Invoking command in '/home/aditi/scara/build/scara_moveit': CMAKE_PREFIX_PATH=/home/aditi/scara/install/scara_description:/home/aditi/scara/install/scara_moveit:/home/aditi/scara/install/scara_controller:/opt/ros/humble /usr/bin/cmake --build /home/aditi/scara/build/scara_moveit -- -j16 -l16
[1.203s] DEBUG:colcon.colcon_core.event_handler.log_command:Invoked command in '/home/aditi/scara/build/scara_moveit' returned '0': CMAKE_PREFIX_PATH=/home/aditi/scara/install/scara_description:/home/aditi/scara/install/scara_moveit:/home/aditi/scara/install/scara_controller:/opt/ros/humble /usr/bin/cmake --build /home/aditi/scara/build/scara_moveit -- -j16 -l16
[1.207s] DEBUG:colcon.colcon_core.event_handler.log_command:Invoking command in '/home/aditi/scara/build/scara_moveit': CMAKE_PREFIX_PATH=/home/aditi/scara/install/scara_description:/home/aditi/scara/install/scara_moveit:/home/aditi/scara/install/scara_controller:/opt/ros/humble /usr/bin/cmake --install /home/aditi/scara/build/scara_moveit
[1.225s] Level 1:colcon.colcon_core.environment:create_environment_scripts_only(scara_moveit)
[1.226s] Level 1:colcon.colcon_core.environment:checking '/home/aditi/scara/install/scara_moveit' for CMake module files
[1.231s] Level 1:colcon.colcon_core.environment:checking '/home/aditi/scara/install/scara_moveit' for CMake config files
[1.237s] Level 1:colcon.colcon_core.shell:create_environment_hook('scara_moveit', 'cmake_prefix_path')
[1.239s] INFO:colcon.colcon_core.shell:Creating environment hook '/home/aditi/scara/install/scara_moveit/share/scara_moveit/hook/cmake_prefix_path.ps1'
[1.239s] DEBUG:colcon.colcon_core.event_handler.log_command:Invoked command in '/home/aditi/scara/build/scara_moveit' returned '0': CMAKE_PREFIX_PATH=/home/aditi/scara/install/scara_description:/home/aditi/scara/install/scara_moveit:/home/aditi/scara/install/scara_controller:/opt/ros/humble /usr/bin/cmake --install /home/aditi/scara/build/scara_moveit
[1.240s] INFO:colcon.colcon_core.shell:Creating environment descriptor '/home/aditi/scara/install/scara_moveit/share/scara_moveit/hook/cmake_prefix_path.dsv'
[1.240s] INFO:colcon.colcon_core.shell:Creating environment hook '/home/aditi/scara/install/scara_moveit/share/scara_moveit/hook/cmake_prefix_path.sh'
[1.241s] Level 1:colcon.colcon_core.environment:checking '/home/aditi/scara/install/scara_moveit/bin'
[1.241s] Level 1:colcon.colcon_core.environment:checking '/home/aditi/scara/install/scara_moveit/lib/pkgconfig/scara_moveit.pc'
[1.241s] Level 1:colcon.colcon_core.environment:checking '/home/aditi/scara/install/scara_moveit/lib/python3.10/site-packages'
[1.241s] Level 1:colcon.colcon_core.environment:checking '/home/aditi/scara/install/scara_moveit/bin'
[1.242s] INFO:colcon.colcon_core.shell:Creating package script '/home/aditi/scara/install/scara_moveit/share/scara_moveit/package.ps1'
[1.242s] INFO:colcon.colcon_core.shell:Creating package descriptor '/home/aditi/scara/install/scara_moveit/share/scara_moveit/package.dsv'
[1.243s] INFO:colcon.colcon_core.shell:Creating package script '/home/aditi/scara/install/scara_moveit/share/scara_moveit/package.sh'
[1.243s] INFO:colcon.colcon_core.shell:Creating package script '/home/aditi/scara/install/scara_moveit/share/scara_moveit/package.bash'
[1.244s] INFO:colcon.colcon_core.shell:Creating package script '/home/aditi/scara/install/scara_moveit/share/scara_moveit/package.zsh'
[1.244s] Level 1:colcon.colcon_core.environment:create_file_with_runtime_dependencies(/home/aditi/scara/install/scara_moveit/share/colcon-core/packages/scara_moveit)
[1.245s] Level 1:colcon.colcon_core.environment:create_environment_scripts_only(scara_moveit)
[1.245s] Level 1:colcon.colcon_core.environment:checking '/home/aditi/scara/install/scara_moveit' for CMake module files
[1.246s] Level 1:colcon.colcon_core.environment:checking '/home/aditi/scara/install/scara_moveit' for CMake config files
[1.246s] Level 1:colcon.colcon_core.shell:create_environment_hook('scara_moveit', 'cmake_prefix_path')
[1.246s] INFO:colcon.colcon_core.shell:Creating environment hook '/home/aditi/scara/install/scara_moveit/share/scara_moveit/hook/cmake_prefix_path.ps1'
[1.247s] INFO:colcon.colcon_core.shell:Creating environment descriptor '/home/aditi/scara/install/scara_moveit/share/scara_moveit/hook/cmake_prefix_path.dsv'
[1.247s] INFO:colcon.colcon_core.shell:Creating environment hook '/home/aditi/scara/install/scara_moveit/share/scara_moveit/hook/cmake_prefix_path.sh'
[1.247s] Level 1:colcon.colcon_core.environment:checking '/home/aditi/scara/install/scara_moveit/bin'
[1.248s] Level 1:colcon.colcon_core.environment:checking '/home/aditi/scara/install/scara_moveit/lib/pkgconfig/scara_moveit.pc'
[1.248s] Level 1:colcon.colcon_core.environment:checking '/home/aditi/scara/install/scara_moveit/lib/python3.10/site-packages'
[1.248s] Level 1:colcon.colcon_core.environment:checking '/home/aditi/scara/install/scara_moveit/bin'
[1.249s] INFO:colcon.colcon_core.shell:Creating package script '/home/aditi/scara/install/scara_moveit/share/scara_moveit/package.ps1'
[1.249s] INFO:colcon.colcon_core.shell:Creating package descriptor '/home/aditi/scara/install/scara_moveit/share/scara_moveit/package.dsv'
[1.250s] INFO:colcon.colcon_core.shell:Creating package script '/home/aditi/scara/install/scara_moveit/share/scara_moveit/package.sh'
[1.250s] INFO:colcon.colcon_core.shell:Creating package script '/home/aditi/scara/install/scara_moveit/share/scara_moveit/package.bash'
[1.251s] INFO:colcon.colcon_core.shell:Creating package script '/home/aditi/scara/install/scara_moveit/share/scara_moveit/package.zsh'
[1.251s] Level 1:colcon.colcon_core.environment:create_file_with_runtime_dependencies(/home/aditi/scara/install/scara_moveit/share/colcon-core/packages/scara_moveit)
[1.252s] DEBUG:colcon.colcon_parallel_executor.executor.parallel:closing loop
[1.253s] DEBUG:colcon.colcon_parallel_executor.executor.parallel:loop closed
[1.253s] DEBUG:colcon.colcon_parallel_executor.executor.parallel:run_until_complete finished with '0'
[1.253s] DEBUG:colcon.colcon_core.event_reactor:joining thread
[1.473s] INFO:colcon.colcon_core.plugin_system:Skipping extension 'colcon_notification.desktop_notification.notify_send': Could not find 'notify-send'
[1.474s] INFO:colcon.colcon_core.plugin_system:Skipping extension 'colcon_notification.desktop_notification.terminal_notifier': Not used on non-Darwin systems
[1.474s] INFO:colcon.colcon_core.plugin_system:Skipping extension 'colcon_notification.desktop_notification.win32': Not used on non-Windows systems
[1.474s] INFO:colcon.colcon_notification.desktop_notification:Sending desktop notification using 'notify2'
[1.474s] DEBUG:colcon.colcon_notification.desktop_notification.notify2:Failed to initialize notify2: org.freedesktop.DBus.Error.FileNotFound: Failed to connect to socket /run/user/1000/bus: No such file or directory
[1.474s] DEBUG:colcon.colcon_core.event_reactor:joined thread
[1.475s] INFO:colcon.colcon_core.shell:Creating prefix script '/home/aditi/scara/install/local_setup.ps1'
[1.477s] INFO:colcon.colcon_core.shell:Creating prefix util module '/home/aditi/scara/install/_local_setup_util_ps1.py'
[1.478s] INFO:colcon.colcon_core.shell:Creating prefix chain script '/home/aditi/scara/install/setup.ps1'
[1.480s] INFO:colcon.colcon_core.shell:Creating prefix script '/home/aditi/scara/install/local_setup.sh'
[1.481s] INFO:colcon.colcon_core.shell:Creating prefix util module '/home/aditi/scara/install/_local_setup_util_sh.py'
[1.482s] INFO:colcon.colcon_core.shell:Creating prefix chain script '/home/aditi/scara/install/setup.sh'
[1.484s] INFO:colcon.colcon_core.shell:Creating prefix script '/home/aditi/scara/install/local_setup.bash'
[1.485s] INFO:colcon.colcon_core.shell:Creating prefix chain script '/home/aditi/scara/install/setup.bash'
[1.487s] INFO:colcon.colcon_core.shell:Creating prefix script '/home/aditi/scara/install/local_setup.zsh'
[1.487s] INFO:colcon.colcon_core.shell:Creating prefix chain script '/home/aditi/scara/install/setup.zsh'
