[0.017s] Invoking command in '/home/aditi/scara/build/scara_description': CMAKE_PREFIX_PATH=${CMAKE_PREFIX_PATH}:/opt/ros/humble /usr/bin/cmake --build /home/aditi/scara/build/scara_description -- -j16 -l16
[0.056s] Invoked command in '/home/aditi/scara/build/scara_description' returned '0': CMAKE_PREFIX_PATH=${CMAKE_PREFIX_PATH}:/opt/ros/humble /usr/bin/cmake --build /home/aditi/scara/build/scara_description -- -j16 -l16
[0.069s] Invoking command in '/home/aditi/scara/build/scara_description': CMAKE_PREFIX_PATH=${CMAKE_PREFIX_PATH}:/opt/ros/humble /usr/bin/cmake --install /home/aditi/scara/build/scara_description
[0.077s] -- Install configuration: ""
[0.078s] -- Up-to-date: /home/aditi/scara/install/scara_description/share/scara_description/urdf
[0.078s] -- Up-to-date: /home/aditi/scara/install/scara_description/share/scara_description/urdf/basic_scara.urdf.xacro
[0.079s] -- Up-to-date: /home/aditi/scara/install/scara_description/share/scara_description/urdf/scara_robot_gazebo.xacro
[0.079s] -- Up-to-date: /home/aditi/scara/install/scara_description/share/scara_description/urdf/scara_robot_ros2_control.xacro
[0.080s] -- Up-to-date: /home/aditi/scara/install/scara_description/share/scara_description/meshes
[0.080s] -- Up-to-date: /home/aditi/scara/install/scara_description/share/scara_description/meshes/link4.STL
[0.080s] -- Up-to-date: /home/aditi/scara/install/scara_description/share/scara_description/meshes/link2.STL
[0.080s] -- Up-to-date: /home/aditi/scara/install/scara_description/share/scara_description/meshes/link1.STL
[0.081s] -- Up-to-date: /home/aditi/scara/install/scara_description/share/scara_description/meshes/link3.STL
[0.082s] -- Up-to-date: /home/aditi/scara/install/scara_description/share/scara_description/meshes/base_link.STL
[0.084s] -- Up-to-date: /home/aditi/scara/install/scara_description/share/scara_description/launch
[0.085s] -- Installing: /home/aditi/scara/install/scara_description/share/scara_description/launch/gazebo.launch.py
[0.087s] -- Up-to-date: /home/aditi/scara/install/scara_description/share/scara_description/launch/gazebo.launch.xml
[0.087s] -- Up-to-date: /home/aditi/scara/install/scara_description/share/scara_description/rviz
[0.089s] -- Up-to-date: /home/aditi/scara/install/scara_description/share/ament_index/resource_index/package_run_dependencies/scara_description
[0.090s] -- Up-to-date: /home/aditi/scara/install/scara_description/share/ament_index/resource_index/parent_prefix_path/scara_description
[0.090s] -- Up-to-date: /home/aditi/scara/install/scara_description/share/scara_description/environment/ament_prefix_path.sh
[0.091s] -- Up-to-date: /home/aditi/scara/install/scara_description/share/scara_description/environment/ament_prefix_path.dsv
[0.091s] -- Up-to-date: /home/aditi/scara/install/scara_description/share/scara_description/environment/path.sh
[0.092s] -- Up-to-date: /home/aditi/scara/install/scara_description/share/scara_description/environment/path.dsv
[0.092s] -- Up-to-date: /home/aditi/scara/install/scara_description/share/scara_description/local_setup.bash
[0.093s] -- Up-to-date: /home/aditi/scara/install/scara_description/share/scara_description/local_setup.sh
[0.093s] -- Up-to-date: /home/aditi/scara/install/scara_description/share/scara_description/local_setup.zsh
[0.094s] -- Up-to-date: /home/aditi/scara/install/scara_description/share/scara_description/local_setup.dsv
[0.094s] -- Installing: /home/aditi/scara/install/scara_description/share/scara_description/package.dsv
[0.095s] -- Up-to-date: /home/aditi/scara/install/scara_description/share/ament_index/resource_index/packages/scara_description
[0.095s] -- Up-to-date: /home/aditi/scara/install/scara_description/share/scara_description/cmake/scara_descriptionConfig.cmake
[0.096s] -- Up-to-date: /home/aditi/scara/install/scara_description/share/scara_description/cmake/scara_descriptionConfig-version.cmake
[0.096s] -- Up-to-date: /home/aditi/scara/install/scara_description/share/scara_description/package.xml
[0.096s] Invoked command in '/home/aditi/scara/build/scara_description' returned '0': CMAKE_PREFIX_PATH=${CMAKE_PREFIX_PATH}:/opt/ros/humble /usr/bin/cmake --install /home/aditi/scara/build/scara_description
