[0.015s] Invoking command in '/home/aditi/scara/build/scara_description': CMAKE_PREFIX_PATH=/opt/ros/humble /usr/bin/cmake /home/aditi/scara/src/scara_description -DCMAKE_INSTALL_PREFIX=/home/aditi/scara/install/scara_description
[0.211s] -- The C compiler identification is GNU 11.4.0
[0.904s] -- The CXX compiler identification is GNU 11.4.0
[1.246s] -- Detecting C compiler ABI info
[1.392s] -- Detecting C compiler ABI info - done
[1.397s] -- Check for working C compiler: /usr/bin/cc - skipped
[1.398s] -- Detecting C compile features
[1.398s] -- Detecting C compile features - done
[1.401s] -- Detecting CXX compiler ABI info
[1.530s] -- Detecting CXX compiler ABI info - done
[1.535s] -- Check for working CXX compiler: /usr/bin/c++ - skipped
[1.537s] -- Detecting CXX compile features
[1.537s] -- Detecting CXX compile features - done
[1.555s] -- Found ament_cmake: 1.3.14 (/opt/ros/humble/share/ament_cmake/cmake)
[1.679s] -- Found Python3: /usr/bin/python3 (found version "3.10.12") found components: Interpreter 
[1.783s] -- Found ament_lint_auto: 0.12.15 (/opt/ros/humble/share/ament_lint_auto/cmake)
[1.856s] -- Added test 'flake8' to check Python code syntax and style conventions
[1.857s] -- Added test 'lint_cmake' to check CMake code style
[1.857s] -- Added test 'pep257' to check Python code against some of the docstring style conventions in PEP 257
[1.858s] -- Added test 'xmllint' to check XML markup files
[1.860s] -- Configuring done
[1.863s] -- Generating done
[1.864s] -- Build files have been written to: /home/aditi/scara/build/scara_description
[1.868s] Invoked command in '/home/aditi/scara/build/scara_description' returned '0': CMAKE_PREFIX_PATH=/opt/ros/humble /usr/bin/cmake /home/aditi/scara/src/scara_description -DCMAKE_INSTALL_PREFIX=/home/aditi/scara/install/scara_description
[1.870s] Invoking command in '/home/aditi/scara/build/scara_description': CMAKE_PREFIX_PATH=/opt/ros/humble /usr/bin/cmake --build /home/aditi/scara/build/scara_description -- -j16 -l16
[1.898s] Invoked command in '/home/aditi/scara/build/scara_description' returned '0': CMAKE_PREFIX_PATH=/opt/ros/humble /usr/bin/cmake --build /home/aditi/scara/build/scara_description -- -j16 -l16
[1.907s] Invoking command in '/home/aditi/scara/build/scara_description': CMAKE_PREFIX_PATH=/opt/ros/humble /usr/bin/cmake --install /home/aditi/scara/build/scara_description
[1.913s] -- Install configuration: ""
[1.913s] -- Installing: /home/aditi/scara/install/scara_description/share/scara_description/urdf
[1.913s] -- Installing: /home/aditi/scara/install/scara_description/share/scara_description/urdf/basic_scara.urdf.xacro
[1.913s] -- Installing: /home/aditi/scara/install/scara_description/share/scara_description/urdf/scara_robot_gazebo.xacro
[1.913s] -- Installing: /home/aditi/scara/install/scara_description/share/scara_description/urdf/scara_robot_ros2_control.xacro
[1.913s] -- Installing: /home/aditi/scara/install/scara_description/share/scara_description/meshes
[1.914s] -- Installing: /home/aditi/scara/install/scara_description/share/scara_description/meshes/link4.STL
[1.914s] -- Installing: /home/aditi/scara/install/scara_description/share/scara_description/meshes/link2.STL
[1.914s] -- Installing: /home/aditi/scara/install/scara_description/share/scara_description/meshes/link1.STL
[1.914s] -- Installing: /home/aditi/scara/install/scara_description/share/scara_description/meshes/link3.STL
[1.914s] -- Installing: /home/aditi/scara/install/scara_description/share/scara_description/meshes/base_link.STL
[1.914s] -- Installing: /home/aditi/scara/install/scara_description/share/scara_description/launch
[1.914s] -- Installing: /home/aditi/scara/install/scara_description/share/scara_description/launch/gazebo.launch.py
[1.914s] -- Installing: /home/aditi/scara/install/scara_description/share/scara_description/launch/gazebo.launch.xml
[1.914s] -- Installing: /home/aditi/scara/install/scara_description/share/scara_description/rviz
[1.914s] -- Installing: /home/aditi/scara/install/scara_description/share/ament_index/resource_index/package_run_dependencies/scara_description
[1.915s] -- Installing: /home/aditi/scara/install/scara_description/share/ament_index/resource_index/parent_prefix_path/scara_description
[1.915s] -- Installing: /home/aditi/scara/install/scara_description/share/scara_description/environment/ament_prefix_path.sh
[1.915s] -- Installing: /home/aditi/scara/install/scara_description/share/scara_description/environment/ament_prefix_path.dsv
[1.915s] -- Installing: /home/aditi/scara/install/scara_description/share/scara_description/environment/path.sh
[1.915s] -- Installing: /home/aditi/scara/install/scara_description/share/scara_description/environment/path.dsv
[1.916s] -- Installing: /home/aditi/scara/install/scara_description/share/scara_description/local_setup.bash
[1.916s] -- Installing: /home/aditi/scara/install/scara_description/share/scara_description/local_setup.sh
[1.916s] -- Installing: /home/aditi/scara/install/scara_description/share/scara_description/local_setup.zsh
[1.916s] -- Installing: /home/aditi/scara/install/scara_description/share/scara_description/local_setup.dsv
[1.916s] -- Installing: /home/aditi/scara/install/scara_description/share/scara_description/package.dsv
[1.916s] -- Installing: /home/aditi/scara/install/scara_description/share/ament_index/resource_index/packages/scara_description
[1.917s] -- Installing: /home/aditi/scara/install/scara_description/share/scara_description/cmake/scara_descriptionConfig.cmake
[1.917s] -- Installing: /home/aditi/scara/install/scara_description/share/scara_description/cmake/scara_descriptionConfig-version.cmake
[1.918s] -- Installing: /home/aditi/scara/install/scara_description/share/scara_description/package.xml
[1.922s] Invoked command in '/home/aditi/scara/build/scara_description' returned '0': CMAKE_PREFIX_PATH=/opt/ros/humble /usr/bin/cmake --install /home/aditi/scara/build/scara_description
