[0.008s] Invoking command in '/home/aditi/scara/build/scara_controller': CMAKE_PREFIX_PATH=/opt/ros/humble /usr/bin/cmake /home/aditi/scara/src/scara_controller -DCMAKE_INSTALL_PREFIX=/home/aditi/scara/install/scara_controller
[0.199s] -- The C compiler identification is GNU 11.4.0
[0.893s] -- The CXX compiler identification is GNU 11.4.0
[1.234s] -- Detecting C compiler ABI info
[1.381s] -- Detecting C compiler ABI info - done
[1.385s] -- Check for working C compiler: /usr/bin/cc - skipped
[1.386s] -- Detecting C compile features
[1.386s] -- Detecting C compile features - done
[1.390s] -- Detecting CXX compiler ABI info
[1.519s] -- Detecting CXX compiler ABI info - done
[1.525s] -- Check for working CXX compiler: /usr/bin/c++ - skipped
[1.525s] -- Detecting CXX compile features
[1.526s] -- Detecting CXX compile features - done
[1.543s] -- Found ament_cmake: 1.3.14 (/opt/ros/humble/share/ament_cmake/cmake)
[1.668s] -- Found Python3: /usr/bin/python3 (found version "3.10.12") found components: Interpreter 
[1.771s] -- Found ament_lint_auto: 0.12.15 (/opt/ros/humble/share/ament_lint_auto/cmake)
[1.844s] -- Added test 'flake8' to check Python code syntax and style conventions
[1.845s] -- Added test 'lint_cmake' to check CMake code style
[1.846s] -- Added test 'pep257' to check Python code against some of the docstring style conventions in PEP 257
[1.847s] -- Added test 'xmllint' to check XML markup files
[1.848s] -- Configuring done
[1.852s] -- Generating done
[1.853s] -- Build files have been written to: /home/aditi/scara/build/scara_controller
[1.860s] Invoked command in '/home/aditi/scara/build/scara_controller' returned '0': CMAKE_PREFIX_PATH=/opt/ros/humble /usr/bin/cmake /home/aditi/scara/src/scara_controller -DCMAKE_INSTALL_PREFIX=/home/aditi/scara/install/scara_controller
[1.861s] Invoking command in '/home/aditi/scara/build/scara_controller': CMAKE_PREFIX_PATH=/opt/ros/humble /usr/bin/cmake --build /home/aditi/scara/build/scara_controller -- -j16 -l16
[1.900s] Invoked command in '/home/aditi/scara/build/scara_controller' returned '0': CMAKE_PREFIX_PATH=/opt/ros/humble /usr/bin/cmake --build /home/aditi/scara/build/scara_controller -- -j16 -l16
[1.900s] Invoking command in '/home/aditi/scara/build/scara_controller': CMAKE_PREFIX_PATH=/opt/ros/humble /usr/bin/cmake --install /home/aditi/scara/build/scara_controller
[1.906s] -- Install configuration: ""
[1.906s] -- Installing: /home/aditi/scara/install/scara_controller/share/scara_controller/launch
[1.907s] -- Installing: /home/aditi/scara/install/scara_controller/share/scara_controller/launch/controller.launch.py
[1.907s] -- Installing: /home/aditi/scara/install/scara_controller/share/scara_controller/config
[1.907s] -- Installing: /home/aditi/scara/install/scara_controller/share/scara_controller/config/scara_robot_controller.yaml
[1.907s] -- Installing: /home/aditi/scara/install/scara_controller/share/ament_index/resource_index/package_run_dependencies/scara_controller
[1.908s] -- Installing: /home/aditi/scara/install/scara_controller/share/ament_index/resource_index/parent_prefix_path/scara_controller
[1.908s] -- Installing: /home/aditi/scara/install/scara_controller/share/scara_controller/environment/ament_prefix_path.sh
[1.908s] -- Installing: /home/aditi/scara/install/scara_controller/share/scara_controller/environment/ament_prefix_path.dsv
[1.908s] -- Installing: /home/aditi/scara/install/scara_controller/share/scara_controller/environment/path.sh
[1.908s] -- Installing: /home/aditi/scara/install/scara_controller/share/scara_controller/environment/path.dsv
[1.908s] -- Installing: /home/aditi/scara/install/scara_controller/share/scara_controller/local_setup.bash
[1.908s] -- Installing: /home/aditi/scara/install/scara_controller/share/scara_controller/local_setup.sh
[1.909s] -- Installing: /home/aditi/scara/install/scara_controller/share/scara_controller/local_setup.zsh
[1.909s] -- Installing: /home/aditi/scara/install/scara_controller/share/scara_controller/local_setup.dsv
[1.909s] -- Installing: /home/aditi/scara/install/scara_controller/share/scara_controller/package.dsv
[1.910s] -- Installing: /home/aditi/scara/install/scara_controller/share/ament_index/resource_index/packages/scara_controller
[1.910s] -- Installing: /home/aditi/scara/install/scara_controller/share/scara_controller/cmake/scara_controllerConfig.cmake
[1.910s] -- Installing: /home/aditi/scara/install/scara_controller/share/scara_controller/cmake/scara_controllerConfig-version.cmake
[1.910s] -- Installing: /home/aditi/scara/install/scara_controller/share/scara_controller/package.xml
[1.944s] Invoked command in '/home/aditi/scara/build/scara_controller' returned '0': CMAKE_PREFIX_PATH=/opt/ros/humble /usr/bin/cmake --install /home/aditi/scara/build/scara_controller
