[0.470s] DEBUG:colcon:Command line arguments: ['/usr/bin/colcon', 'build']
[0.471s] DEBUG:colcon:Parsed command line arguments: Namespace(log_base=None, log_level=None, verb_name='build', build_base='build', install_base='install', merge_install=False, symlink_install=False, test_result_base=None, continue_on_error=False, executor='parallel', parallel_workers=16, event_handlers=None, ignore_user_meta=False, metas=['./colcon.meta'], base_paths=['.'], packages_ignore=None, packages_ignore_regex=None, paths=None, packages_up_to=None, packages_up_to_regex=None, packages_above=None, packages_above_and_dependencies=None, packages_above_depth=None, packages_select_by_dep=None, packages_skip_by_dep=None, packages_skip_up_to=None, packages_select_build_failed=False, packages_skip_build_finished=False, packages_select_test_failures=False, packages_skip_test_passed=False, packages_select=None, packages_skip=None, packages_select_regex=None, packages_skip_regex=None, packages_start=None, packages_end=None, allow_overriding=[], cmake_args=None, cmake_target=None, cmake_target_skip_unavailable=False, cmake_clean_cache=False, cmake_clean_first=False, cmake_force_configure=False, ament_cmake_args=None, catkin_cmake_args=None, catkin_skip_building_tests=False, verb_parser=<colcon_defaults.argument_parser.defaults.DefaultArgumentsDecorator object at 0x72fc1d4bfd90>, verb_extension=<colcon_core.verb.build.BuildVerb object at 0x72fc1d4bf9d0>, main=<bound method BuildVerb.main of <colcon_core.verb.build.BuildVerb object at 0x72fc1d4bf9d0>>)
[0.634s] Level 1:colcon.colcon_core.package_discovery:discover_packages(colcon_meta) check parameters
[0.634s] Level 1:colcon.colcon_core.package_discovery:discover_packages(recursive) check parameters
[0.634s] Level 1:colcon.colcon_core.package_discovery:discover_packages(ignore) check parameters
[0.634s] Level 1:colcon.colcon_core.package_discovery:discover_packages(path) check parameters
[0.634s] Level 1:colcon.colcon_core.package_discovery:discover_packages(colcon_meta) discover
[0.634s] Level 1:colcon.colcon_core.package_discovery:discover_packages(recursive) discover
[0.634s] INFO:colcon.colcon_core.package_discovery:Crawling recursively for packages in '/home/aditi/scara'
[0.634s] Level 1:colcon.colcon_core.package_identification:_identify(.) by extensions ['ignore', 'ignore_ament_install']
[0.634s] Level 1:colcon.colcon_core.package_identification:_identify(.) by extension 'ignore'
[0.634s] Level 1:colcon.colcon_core.package_identification:_identify(.) by extension 'ignore_ament_install'
[0.634s] Level 1:colcon.colcon_core.package_identification:_identify(.) by extensions ['colcon_pkg']
[0.634s] Level 1:colcon.colcon_core.package_identification:_identify(.) by extension 'colcon_pkg'
[0.634s] Level 1:colcon.colcon_core.package_identification:_identify(.) by extensions ['colcon_meta']
[0.634s] Level 1:colcon.colcon_core.package_identification:_identify(.) by extension 'colcon_meta'
[0.634s] Level 1:colcon.colcon_core.package_identification:_identify(.) by extensions ['ros']
[0.634s] Level 1:colcon.colcon_core.package_identification:_identify(.) by extension 'ros'
[0.642s] Level 1:colcon.colcon_core.package_identification:_identify(.) by extensions ['cmake', 'python']
[0.643s] Level 1:colcon.colcon_core.package_identification:_identify(.) by extension 'cmake'
[0.643s] Level 1:colcon.colcon_core.package_identification:_identify(.) by extension 'python'
[0.643s] Level 1:colcon.colcon_core.package_identification:_identify(.) by extensions ['python_setup_py']
[0.643s] Level 1:colcon.colcon_core.package_identification:_identify(.) by extension 'python_setup_py'
[0.643s] Level 1:colcon.colcon_core.package_identification:_identify(build) by extensions ['ignore', 'ignore_ament_install']
[0.643s] Level 1:colcon.colcon_core.package_identification:_identify(build) by extension 'ignore'
[0.643s] Level 1:colcon.colcon_core.package_identification:_identify(build) ignored
[0.643s] Level 1:colcon.colcon_core.package_identification:_identify(install) by extensions ['ignore', 'ignore_ament_install']
[0.643s] Level 1:colcon.colcon_core.package_identification:_identify(install) by extension 'ignore'
[0.643s] Level 1:colcon.colcon_core.package_identification:_identify(install) ignored
[0.643s] Level 1:colcon.colcon_core.package_identification:_identify(log) by extensions ['ignore', 'ignore_ament_install']
[0.643s] Level 1:colcon.colcon_core.package_identification:_identify(log) by extension 'ignore'
[0.643s] Level 1:colcon.colcon_core.package_identification:_identify(log) ignored
[0.643s] Level 1:colcon.colcon_core.package_identification:_identify(src) by extensions ['ignore', 'ignore_ament_install']
[0.643s] Level 1:colcon.colcon_core.package_identification:_identify(src) by extension 'ignore'
[0.643s] Level 1:colcon.colcon_core.package_identification:_identify(src) by extension 'ignore_ament_install'
[0.643s] Level 1:colcon.colcon_core.package_identification:_identify(src) by extensions ['colcon_pkg']
[0.643s] Level 1:colcon.colcon_core.package_identification:_identify(src) by extension 'colcon_pkg'
[0.643s] Level 1:colcon.colcon_core.package_identification:_identify(src) by extensions ['colcon_meta']
[0.643s] Level 1:colcon.colcon_core.package_identification:_identify(src) by extension 'colcon_meta'
[0.643s] Level 1:colcon.colcon_core.package_identification:_identify(src) by extensions ['ros']
[0.643s] Level 1:colcon.colcon_core.package_identification:_identify(src) by extension 'ros'
[0.643s] Level 1:colcon.colcon_core.package_identification:_identify(src) by extensions ['cmake', 'python']
[0.643s] Level 1:colcon.colcon_core.package_identification:_identify(src) by extension 'cmake'
[0.643s] Level 1:colcon.colcon_core.package_identification:_identify(src) by extension 'python'
[0.643s] Level 1:colcon.colcon_core.package_identification:_identify(src) by extensions ['python_setup_py']
[0.643s] Level 1:colcon.colcon_core.package_identification:_identify(src) by extension 'python_setup_py'
[0.643s] Level 1:colcon.colcon_core.package_identification:_identify(src/scara_controller) by extensions ['ignore', 'ignore_ament_install']
[0.644s] Level 1:colcon.colcon_core.package_identification:_identify(src/scara_controller) by extension 'ignore'
[0.644s] Level 1:colcon.colcon_core.package_identification:_identify(src/scara_controller) by extension 'ignore_ament_install'
[0.644s] Level 1:colcon.colcon_core.package_identification:_identify(src/scara_controller) by extensions ['colcon_pkg']
[0.644s] Level 1:colcon.colcon_core.package_identification:_identify(src/scara_controller) by extension 'colcon_pkg'
[0.644s] Level 1:colcon.colcon_core.package_identification:_identify(src/scara_controller) by extensions ['colcon_meta']
[0.644s] Level 1:colcon.colcon_core.package_identification:_identify(src/scara_controller) by extension 'colcon_meta'
[0.644s] Level 1:colcon.colcon_core.package_identification:_identify(src/scara_controller) by extensions ['ros']
[0.644s] Level 1:colcon.colcon_core.package_identification:_identify(src/scara_controller) by extension 'ros'
[0.646s] DEBUG:colcon.colcon_core.package_identification:Package 'src/scara_controller' with type 'ros.ament_cmake' and name 'scara_controller'
[0.646s] Level 1:colcon.colcon_core.package_identification:_identify(src/scara_description) by extensions ['ignore', 'ignore_ament_install']
[0.646s] Level 1:colcon.colcon_core.package_identification:_identify(src/scara_description) by extension 'ignore'
[0.646s] Level 1:colcon.colcon_core.package_identification:_identify(src/scara_description) by extension 'ignore_ament_install'
[0.647s] Level 1:colcon.colcon_core.package_identification:_identify(src/scara_description) by extensions ['colcon_pkg']
[0.647s] Level 1:colcon.colcon_core.package_identification:_identify(src/scara_description) by extension 'colcon_pkg'
[0.647s] Level 1:colcon.colcon_core.package_identification:_identify(src/scara_description) by extensions ['colcon_meta']
[0.647s] Level 1:colcon.colcon_core.package_identification:_identify(src/scara_description) by extension 'colcon_meta'
[0.647s] Level 1:colcon.colcon_core.package_identification:_identify(src/scara_description) by extensions ['ros']
[0.647s] Level 1:colcon.colcon_core.package_identification:_identify(src/scara_description) by extension 'ros'
[0.647s] DEBUG:colcon.colcon_core.package_identification:Package 'src/scara_description' with type 'ros.ament_cmake' and name 'scara_description'
[0.647s] Level 1:colcon.colcon_core.package_identification:_identify(src/scara_moveit) by extensions ['ignore', 'ignore_ament_install']
[0.647s] Level 1:colcon.colcon_core.package_identification:_identify(src/scara_moveit) by extension 'ignore'
[0.647s] Level 1:colcon.colcon_core.package_identification:_identify(src/scara_moveit) by extension 'ignore_ament_install'
[0.647s] Level 1:colcon.colcon_core.package_identification:_identify(src/scara_moveit) by extensions ['colcon_pkg']
[0.647s] Level 1:colcon.colcon_core.package_identification:_identify(src/scara_moveit) by extension 'colcon_pkg'
[0.647s] Level 1:colcon.colcon_core.package_identification:_identify(src/scara_moveit) by extensions ['colcon_meta']
[0.647s] Level 1:colcon.colcon_core.package_identification:_identify(src/scara_moveit) by extension 'colcon_meta'
[0.647s] Level 1:colcon.colcon_core.package_identification:_identify(src/scara_moveit) by extensions ['ros']
[0.647s] Level 1:colcon.colcon_core.package_identification:_identify(src/scara_moveit) by extension 'ros'
[0.648s] DEBUG:colcon.colcon_core.package_identification:Package 'src/scara_moveit' with type 'ros.ament_cmake' and name 'scara_moveit'
[0.648s] Level 1:colcon.colcon_core.package_discovery:discover_packages(recursive) using defaults
[0.648s] Level 1:colcon.colcon_core.package_discovery:discover_packages(ignore) discover
[0.648s] Level 1:colcon.colcon_core.package_discovery:discover_packages(ignore) using defaults
[0.648s] Level 1:colcon.colcon_core.package_discovery:discover_packages(path) discover
[0.648s] Level 1:colcon.colcon_core.package_discovery:discover_packages(path) using defaults
[0.673s] Level 1:colcon.colcon_core.package_discovery:discover_packages(prefix_path) check parameters
[0.673s] Level 1:colcon.colcon_core.package_discovery:discover_packages(prefix_path) discover
[0.677s] DEBUG:colcon.colcon_installed_package_information.package_discovery:Found 379 installed packages in /opt/ros/humble
[0.685s] Level 1:colcon.colcon_core.package_discovery:discover_packages(prefix_path) using defaults
[0.717s] Level 5:colcon.colcon_core.verb:set package 'scara_controller' build argument 'cmake_args' from command line to 'None'
[0.717s] Level 5:colcon.colcon_core.verb:set package 'scara_controller' build argument 'cmake_target' from command line to 'None'
[0.717s] Level 5:colcon.colcon_core.verb:set package 'scara_controller' build argument 'cmake_target_skip_unavailable' from command line to 'False'
[0.717s] Level 5:colcon.colcon_core.verb:set package 'scara_controller' build argument 'cmake_clean_cache' from command line to 'False'
[0.717s] Level 5:colcon.colcon_core.verb:set package 'scara_controller' build argument 'cmake_clean_first' from command line to 'False'
[0.717s] Level 5:colcon.colcon_core.verb:set package 'scara_controller' build argument 'cmake_force_configure' from command line to 'False'
[0.717s] Level 5:colcon.colcon_core.verb:set package 'scara_controller' build argument 'ament_cmake_args' from command line to 'None'
[0.717s] Level 5:colcon.colcon_core.verb:set package 'scara_controller' build argument 'catkin_cmake_args' from command line to 'None'
[0.717s] Level 5:colcon.colcon_core.verb:set package 'scara_controller' build argument 'catkin_skip_building_tests' from command line to 'False'
[0.717s] DEBUG:colcon.colcon_core.verb:Building package 'scara_controller' with the following arguments: {'ament_cmake_args': None, 'build_base': '/home/aditi/scara/build/scara_controller', 'catkin_cmake_args': None, 'catkin_skip_building_tests': False, 'cmake_args': None, 'cmake_clean_cache': False, 'cmake_clean_first': False, 'cmake_force_configure': False, 'cmake_target': None, 'cmake_target_skip_unavailable': False, 'install_base': '/home/aditi/scara/install/scara_controller', 'merge_install': False, 'path': '/home/aditi/scara/src/scara_controller', 'symlink_install': False, 'test_result_base': None}
[0.718s] Level 5:colcon.colcon_core.verb:set package 'scara_description' build argument 'cmake_args' from command line to 'None'
[0.718s] Level 5:colcon.colcon_core.verb:set package 'scara_description' build argument 'cmake_target' from command line to 'None'
[0.718s] Level 5:colcon.colcon_core.verb:set package 'scara_description' build argument 'cmake_target_skip_unavailable' from command line to 'False'
[0.718s] Level 5:colcon.colcon_core.verb:set package 'scara_description' build argument 'cmake_clean_cache' from command line to 'False'
[0.718s] Level 5:colcon.colcon_core.verb:set package 'scara_description' build argument 'cmake_clean_first' from command line to 'False'
[0.718s] Level 5:colcon.colcon_core.verb:set package 'scara_description' build argument 'cmake_force_configure' from command line to 'False'
[0.718s] Level 5:colcon.colcon_core.verb:set package 'scara_description' build argument 'ament_cmake_args' from command line to 'None'
[0.718s] Level 5:colcon.colcon_core.verb:set package 'scara_description' build argument 'catkin_cmake_args' from command line to 'None'
[0.718s] Level 5:colcon.colcon_core.verb:set package 'scara_description' build argument 'catkin_skip_building_tests' from command line to 'False'
[0.718s] DEBUG:colcon.colcon_core.verb:Building package 'scara_description' with the following arguments: {'ament_cmake_args': None, 'build_base': '/home/aditi/scara/build/scara_description', 'catkin_cmake_args': None, 'catkin_skip_building_tests': False, 'cmake_args': None, 'cmake_clean_cache': False, 'cmake_clean_first': False, 'cmake_force_configure': False, 'cmake_target': None, 'cmake_target_skip_unavailable': False, 'install_base': '/home/aditi/scara/install/scara_description', 'merge_install': False, 'path': '/home/aditi/scara/src/scara_description', 'symlink_install': False, 'test_result_base': None}
[0.718s] Level 5:colcon.colcon_core.verb:set package 'scara_moveit' build argument 'cmake_args' from command line to 'None'
[0.718s] Level 5:colcon.colcon_core.verb:set package 'scara_moveit' build argument 'cmake_target' from command line to 'None'
[0.718s] Level 5:colcon.colcon_core.verb:set package 'scara_moveit' build argument 'cmake_target_skip_unavailable' from command line to 'False'
[0.718s] Level 5:colcon.colcon_core.verb:set package 'scara_moveit' build argument 'cmake_clean_cache' from command line to 'False'
[0.718s] Level 5:colcon.colcon_core.verb:set package 'scara_moveit' build argument 'cmake_clean_first' from command line to 'False'
[0.718s] Level 5:colcon.colcon_core.verb:set package 'scara_moveit' build argument 'cmake_force_configure' from command line to 'False'
[0.718s] Level 5:colcon.colcon_core.verb:set package 'scara_moveit' build argument 'ament_cmake_args' from command line to 'None'
[0.718s] Level 5:colcon.colcon_core.verb:set package 'scara_moveit' build argument 'catkin_cmake_args' from command line to 'None'
[0.718s] Level 5:colcon.colcon_core.verb:set package 'scara_moveit' build argument 'catkin_skip_building_tests' from command line to 'False'
[0.718s] DEBUG:colcon.colcon_core.verb:Building package 'scara_moveit' with the following arguments: {'ament_cmake_args': None, 'build_base': '/home/aditi/scara/build/scara_moveit', 'catkin_cmake_args': None, 'catkin_skip_building_tests': False, 'cmake_args': None, 'cmake_clean_cache': False, 'cmake_clean_first': False, 'cmake_force_configure': False, 'cmake_target': None, 'cmake_target_skip_unavailable': False, 'install_base': '/home/aditi/scara/install/scara_moveit', 'merge_install': False, 'path': '/home/aditi/scara/src/scara_moveit', 'symlink_install': False, 'test_result_base': None}
[0.718s] INFO:colcon.colcon_core.executor:Executing jobs using 'parallel' executor
[0.719s] DEBUG:colcon.colcon_parallel_executor.executor.parallel:run_until_complete
[0.719s] INFO:colcon.colcon_ros.task.ament_cmake.build:Building ROS package in '/home/aditi/scara/src/scara_description' with build type 'ament_cmake'
[0.719s] INFO:colcon.colcon_cmake.task.cmake.build:Building CMake package in '/home/aditi/scara/src/scara_description'
[0.724s] INFO:colcon.colcon_core.plugin_system:Skipping extension 'colcon_core.shell.bat': Not used on non-Windows systems
[0.725s] INFO:colcon.colcon_core.shell:Skip shell extension 'powershell' for command environment: Not usable outside of PowerShell
[0.725s] DEBUG:colcon.colcon_core.shell:Skip shell extension 'dsv' for command environment
[0.727s] INFO:colcon.colcon_ros.task.ament_cmake.build:Building ROS package in '/home/aditi/scara/src/scara_controller' with build type 'ament_cmake'
[0.727s] INFO:colcon.colcon_cmake.task.cmake.build:Building CMake package in '/home/aditi/scara/src/scara_controller'
[0.727s] INFO:colcon.colcon_core.shell:Skip shell extension 'powershell' for command environment: Not usable outside of PowerShell
[0.728s] DEBUG:colcon.colcon_core.shell:Skip shell extension 'dsv' for command environment
[0.735s] DEBUG:colcon.colcon_core.event_handler.log_command:Invoking command in '/home/aditi/scara/build/scara_description': CMAKE_PREFIX_PATH=/opt/ros/humble /usr/bin/cmake /home/aditi/scara/src/scara_description -DCMAKE_INSTALL_PREFIX=/home/aditi/scara/install/scara_description
[0.739s] DEBUG:colcon.colcon_core.event_handler.log_command:Invoking command in '/home/aditi/scara/build/scara_controller': CMAKE_PREFIX_PATH=/opt/ros/humble /usr/bin/cmake /home/aditi/scara/src/scara_controller -DCMAKE_INSTALL_PREFIX=/home/aditi/scara/install/scara_controller
[2.588s] DEBUG:colcon.colcon_core.event_handler.log_command:Invoked command in '/home/aditi/scara/build/scara_description' returned '0': CMAKE_PREFIX_PATH=/opt/ros/humble /usr/bin/cmake /home/aditi/scara/src/scara_description -DCMAKE_INSTALL_PREFIX=/home/aditi/scara/install/scara_description
[2.590s] DEBUG:colcon.colcon_core.event_handler.log_command:Invoking command in '/home/aditi/scara/build/scara_description': CMAKE_PREFIX_PATH=/opt/ros/humble /usr/bin/cmake --build /home/aditi/scara/build/scara_description -- -j16 -l16
[2.591s] DEBUG:colcon.colcon_core.event_handler.log_command:Invoked command in '/home/aditi/scara/build/scara_controller' returned '0': CMAKE_PREFIX_PATH=/opt/ros/humble /usr/bin/cmake /home/aditi/scara/src/scara_controller -DCMAKE_INSTALL_PREFIX=/home/aditi/scara/install/scara_controller
[2.592s] DEBUG:colcon.colcon_core.event_handler.log_command:Invoking command in '/home/aditi/scara/build/scara_controller': CMAKE_PREFIX_PATH=/opt/ros/humble /usr/bin/cmake --build /home/aditi/scara/build/scara_controller -- -j16 -l16
[2.618s] DEBUG:colcon.colcon_core.event_handler.log_command:Invoked command in '/home/aditi/scara/build/scara_description' returned '0': CMAKE_PREFIX_PATH=/opt/ros/humble /usr/bin/cmake --build /home/aditi/scara/build/scara_description -- -j16 -l16
[2.627s] DEBUG:colcon.colcon_core.event_handler.log_command:Invoking command in '/home/aditi/scara/build/scara_description': CMAKE_PREFIX_PATH=/opt/ros/humble /usr/bin/cmake --install /home/aditi/scara/build/scara_description
[2.631s] DEBUG:colcon.colcon_core.event_handler.log_command:Invoked command in '/home/aditi/scara/build/scara_controller' returned '0': CMAKE_PREFIX_PATH=/opt/ros/humble /usr/bin/cmake --build /home/aditi/scara/build/scara_controller -- -j16 -l16
[2.632s] DEBUG:colcon.colcon_core.event_handler.log_command:Invoking command in '/home/aditi/scara/build/scara_controller': CMAKE_PREFIX_PATH=/opt/ros/humble /usr/bin/cmake --install /home/aditi/scara/build/scara_controller
[2.642s] Level 1:colcon.colcon_core.environment:create_environment_scripts_only(scara_description)
[2.643s] DEBUG:colcon.colcon_core.event_handler.log_command:Invoked command in '/home/aditi/scara/build/scara_description' returned '0': CMAKE_PREFIX_PATH=/opt/ros/humble /usr/bin/cmake --install /home/aditi/scara/build/scara_description
[2.651s] Level 1:colcon.colcon_core.environment:checking '/home/aditi/scara/install/scara_description' for CMake module files
[2.652s] Level 1:colcon.colcon_core.environment:checking '/home/aditi/scara/install/scara_description' for CMake config files
[2.652s] Level 1:colcon.colcon_core.shell:create_environment_hook('scara_description', 'cmake_prefix_path')
[2.652s] INFO:colcon.colcon_core.shell:Creating environment hook '/home/aditi/scara/install/scara_description/share/scara_description/hook/cmake_prefix_path.ps1'
[2.653s] INFO:colcon.colcon_core.shell:Creating environment descriptor '/home/aditi/scara/install/scara_description/share/scara_description/hook/cmake_prefix_path.dsv'
[2.654s] INFO:colcon.colcon_core.shell:Creating environment hook '/home/aditi/scara/install/scara_description/share/scara_description/hook/cmake_prefix_path.sh'
[2.657s] Level 1:colcon.colcon_core.environment:checking '/home/aditi/scara/install/scara_description/bin'
[2.657s] Level 1:colcon.colcon_core.environment:checking '/home/aditi/scara/install/scara_description/lib/pkgconfig/scara_description.pc'
[2.657s] Level 1:colcon.colcon_core.environment:checking '/home/aditi/scara/install/scara_description/lib/python3.10/site-packages'
[2.657s] Level 1:colcon.colcon_core.environment:checking '/home/aditi/scara/install/scara_description/bin'
[2.657s] INFO:colcon.colcon_core.shell:Creating package script '/home/aditi/scara/install/scara_description/share/scara_description/package.ps1'
[2.659s] INFO:colcon.colcon_core.shell:Creating package descriptor '/home/aditi/scara/install/scara_description/share/scara_description/package.dsv'
[2.661s] INFO:colcon.colcon_core.shell:Creating package script '/home/aditi/scara/install/scara_description/share/scara_description/package.sh'
[2.662s] INFO:colcon.colcon_core.shell:Creating package script '/home/aditi/scara/install/scara_description/share/scara_description/package.bash'
[2.663s] INFO:colcon.colcon_core.shell:Creating package script '/home/aditi/scara/install/scara_description/share/scara_description/package.zsh'
[2.664s] Level 1:colcon.colcon_core.environment:create_file_with_runtime_dependencies(/home/aditi/scara/install/scara_description/share/colcon-core/packages/scara_description)
[2.665s] Level 1:colcon.colcon_core.environment:create_environment_scripts_only(scara_description)
[2.665s] Level 1:colcon.colcon_core.environment:checking '/home/aditi/scara/install/scara_description' for CMake module files
[2.665s] Level 1:colcon.colcon_core.environment:checking '/home/aditi/scara/install/scara_description' for CMake config files
[2.665s] Level 1:colcon.colcon_core.shell:create_environment_hook('scara_description', 'cmake_prefix_path')
[2.665s] INFO:colcon.colcon_core.shell:Creating environment hook '/home/aditi/scara/install/scara_description/share/scara_description/hook/cmake_prefix_path.ps1'
[2.666s] INFO:colcon.colcon_core.shell:Creating environment descriptor '/home/aditi/scara/install/scara_description/share/scara_description/hook/cmake_prefix_path.dsv'
[2.666s] INFO:colcon.colcon_core.shell:Creating environment hook '/home/aditi/scara/install/scara_description/share/scara_description/hook/cmake_prefix_path.sh'
[2.667s] Level 1:colcon.colcon_core.environment:checking '/home/aditi/scara/install/scara_description/bin'
[2.667s] Level 1:colcon.colcon_core.environment:checking '/home/aditi/scara/install/scara_description/lib/pkgconfig/scara_description.pc'
[2.667s] Level 1:colcon.colcon_core.environment:checking '/home/aditi/scara/install/scara_description/lib/python3.10/site-packages'
[2.667s] Level 1:colcon.colcon_core.environment:checking '/home/aditi/scara/install/scara_description/bin'
[2.668s] INFO:colcon.colcon_core.shell:Creating package script '/home/aditi/scara/install/scara_description/share/scara_description/package.ps1'
[2.669s] INFO:colcon.colcon_core.shell:Creating package descriptor '/home/aditi/scara/install/scara_description/share/scara_description/package.dsv'
[2.669s] INFO:colcon.colcon_core.shell:Creating package script '/home/aditi/scara/install/scara_description/share/scara_description/package.sh'
[2.669s] INFO:colcon.colcon_core.shell:Creating package script '/home/aditi/scara/install/scara_description/share/scara_description/package.bash'
[2.670s] INFO:colcon.colcon_core.shell:Creating package script '/home/aditi/scara/install/scara_description/share/scara_description/package.zsh'
[2.670s] Level 1:colcon.colcon_core.environment:create_file_with_runtime_dependencies(/home/aditi/scara/install/scara_description/share/colcon-core/packages/scara_description)
[2.671s] INFO:colcon.colcon_ros.task.ament_cmake.build:Building ROS package in '/home/aditi/scara/src/scara_moveit' with build type 'ament_cmake'
[2.671s] INFO:colcon.colcon_cmake.task.cmake.build:Building CMake package in '/home/aditi/scara/src/scara_moveit'
[2.671s] INFO:colcon.colcon_core.shell:Skip shell extension 'powershell' for command environment: Not usable outside of PowerShell
[2.671s] DEBUG:colcon.colcon_core.shell:Skip shell extension 'dsv' for command environment
[2.674s] Level 1:colcon.colcon_core.environment:create_environment_scripts_only(scara_controller)
[2.675s] Level 1:colcon.colcon_core.environment:checking '/home/aditi/scara/install/scara_controller' for CMake module files
[2.675s] DEBUG:colcon.colcon_core.event_handler.log_command:Invoked command in '/home/aditi/scara/build/scara_controller' returned '0': CMAKE_PREFIX_PATH=/opt/ros/humble /usr/bin/cmake --install /home/aditi/scara/build/scara_controller
[2.676s] Level 1:colcon.colcon_core.environment:checking '/home/aditi/scara/install/scara_controller' for CMake config files
[2.676s] Level 1:colcon.colcon_core.shell:create_environment_hook('scara_controller', 'cmake_prefix_path')
[2.676s] INFO:colcon.colcon_core.shell:Creating environment hook '/home/aditi/scara/install/scara_controller/share/scara_controller/hook/cmake_prefix_path.ps1'
[2.676s] INFO:colcon.colcon_core.shell:Creating environment descriptor '/home/aditi/scara/install/scara_controller/share/scara_controller/hook/cmake_prefix_path.dsv'
[2.677s] INFO:colcon.colcon_core.shell:Creating environment hook '/home/aditi/scara/install/scara_controller/share/scara_controller/hook/cmake_prefix_path.sh'
[2.677s] Level 1:colcon.colcon_core.environment:checking '/home/aditi/scara/install/scara_controller/bin'
[2.677s] Level 1:colcon.colcon_core.environment:checking '/home/aditi/scara/install/scara_controller/lib/pkgconfig/scara_controller.pc'
[2.677s] Level 1:colcon.colcon_core.environment:checking '/home/aditi/scara/install/scara_controller/lib/python3.10/site-packages'
[2.677s] Level 1:colcon.colcon_core.environment:checking '/home/aditi/scara/install/scara_controller/bin'
[2.677s] INFO:colcon.colcon_core.shell:Creating package script '/home/aditi/scara/install/scara_controller/share/scara_controller/package.ps1'
[2.678s] INFO:colcon.colcon_core.shell:Creating package descriptor '/home/aditi/scara/install/scara_controller/share/scara_controller/package.dsv'
[2.678s] INFO:colcon.colcon_core.shell:Creating package script '/home/aditi/scara/install/scara_controller/share/scara_controller/package.sh'
[2.678s] INFO:colcon.colcon_core.shell:Creating package script '/home/aditi/scara/install/scara_controller/share/scara_controller/package.bash'
[2.678s] INFO:colcon.colcon_core.shell:Creating package script '/home/aditi/scara/install/scara_controller/share/scara_controller/package.zsh'
[2.679s] Level 1:colcon.colcon_core.environment:create_file_with_runtime_dependencies(/home/aditi/scara/install/scara_controller/share/colcon-core/packages/scara_controller)
[2.680s] Level 1:colcon.colcon_core.environment:create_environment_scripts_only(scara_controller)
[2.680s] Level 1:colcon.colcon_core.environment:checking '/home/aditi/scara/install/scara_controller' for CMake module files
[2.681s] Level 1:colcon.colcon_core.environment:checking '/home/aditi/scara/install/scara_controller' for CMake config files
[2.681s] Level 1:colcon.colcon_core.shell:create_environment_hook('scara_controller', 'cmake_prefix_path')
[2.681s] INFO:colcon.colcon_core.shell:Creating environment hook '/home/aditi/scara/install/scara_controller/share/scara_controller/hook/cmake_prefix_path.ps1'
[2.682s] INFO:colcon.colcon_core.shell:Creating environment descriptor '/home/aditi/scara/install/scara_controller/share/scara_controller/hook/cmake_prefix_path.dsv'
[2.682s] INFO:colcon.colcon_core.shell:Creating environment hook '/home/aditi/scara/install/scara_controller/share/scara_controller/hook/cmake_prefix_path.sh'
[2.683s] Level 1:colcon.colcon_core.environment:checking '/home/aditi/scara/install/scara_controller/bin'
[2.683s] Level 1:colcon.colcon_core.environment:checking '/home/aditi/scara/install/scara_controller/lib/pkgconfig/scara_controller.pc'
[2.683s] Level 1:colcon.colcon_core.environment:checking '/home/aditi/scara/install/scara_controller/lib/python3.10/site-packages'
[2.684s] Level 1:colcon.colcon_core.environment:checking '/home/aditi/scara/install/scara_controller/bin'
[2.685s] INFO:colcon.colcon_core.shell:Creating package script '/home/aditi/scara/install/scara_controller/share/scara_controller/package.ps1'
[2.686s] INFO:colcon.colcon_core.shell:Creating package descriptor '/home/aditi/scara/install/scara_controller/share/scara_controller/package.dsv'
[2.687s] INFO:colcon.colcon_core.shell:Creating package script '/home/aditi/scara/install/scara_controller/share/scara_controller/package.sh'
[2.687s] INFO:colcon.colcon_core.shell:Creating package script '/home/aditi/scara/install/scara_controller/share/scara_controller/package.bash'
[2.688s] INFO:colcon.colcon_core.shell:Creating package script '/home/aditi/scara/install/scara_controller/share/scara_controller/package.zsh'
[2.689s] Level 1:colcon.colcon_core.environment:create_file_with_runtime_dependencies(/home/aditi/scara/install/scara_controller/share/colcon-core/packages/scara_controller)
[2.781s] DEBUG:colcon.colcon_core.event_handler.log_command:Invoking command in '/home/aditi/scara/build/scara_moveit': AMENT_PREFIX_PATH=/home/aditi/scara/install/scara_description:${AMENT_PREFIX_PATH} CMAKE_PREFIX_PATH=/home/aditi/scara/install/scara_description:/opt/ros/humble /usr/bin/cmake /home/aditi/scara/src/scara_moveit -DCMAKE_INSTALL_PREFIX=/home/aditi/scara/install/scara_moveit
[4.430s] DEBUG:colcon.colcon_core.event_handler.log_command:Invoked command in '/home/aditi/scara/build/scara_moveit' returned '0': AMENT_PREFIX_PATH=/home/aditi/scara/install/scara_description:${AMENT_PREFIX_PATH} CMAKE_PREFIX_PATH=/home/aditi/scara/install/scara_description:/opt/ros/humble /usr/bin/cmake /home/aditi/scara/src/scara_moveit -DCMAKE_INSTALL_PREFIX=/home/aditi/scara/install/scara_moveit
[4.430s] DEBUG:colcon.colcon_core.event_handler.log_command:Invoking command in '/home/aditi/scara/build/scara_moveit': AMENT_PREFIX_PATH=/home/aditi/scara/install/scara_description:${AMENT_PREFIX_PATH} CMAKE_PREFIX_PATH=/home/aditi/scara/install/scara_description:/opt/ros/humble /usr/bin/cmake --build /home/aditi/scara/build/scara_moveit -- -j16 -l16
[4.457s] DEBUG:colcon.colcon_core.event_handler.log_command:Invoked command in '/home/aditi/scara/build/scara_moveit' returned '0': AMENT_PREFIX_PATH=/home/aditi/scara/install/scara_description:${AMENT_PREFIX_PATH} CMAKE_PREFIX_PATH=/home/aditi/scara/install/scara_description:/opt/ros/humble /usr/bin/cmake --build /home/aditi/scara/build/scara_moveit -- -j16 -l16
[4.458s] DEBUG:colcon.colcon_core.event_handler.log_command:Invoking command in '/home/aditi/scara/build/scara_moveit': AMENT_PREFIX_PATH=/home/aditi/scara/install/scara_description:${AMENT_PREFIX_PATH} CMAKE_PREFIX_PATH=/home/aditi/scara/install/scara_description:/opt/ros/humble /usr/bin/cmake --install /home/aditi/scara/build/scara_moveit
[4.468s] Level 1:colcon.colcon_core.environment:create_environment_scripts_only(scara_moveit)
[4.468s] DEBUG:colcon.colcon_core.event_handler.log_command:Invoked command in '/home/aditi/scara/build/scara_moveit' returned '0': AMENT_PREFIX_PATH=/home/aditi/scara/install/scara_description:${AMENT_PREFIX_PATH} CMAKE_PREFIX_PATH=/home/aditi/scara/install/scara_description:/opt/ros/humble /usr/bin/cmake --install /home/aditi/scara/build/scara_moveit
[4.469s] Level 1:colcon.colcon_core.environment:checking '/home/aditi/scara/install/scara_moveit' for CMake module files
[4.469s] Level 1:colcon.colcon_core.environment:checking '/home/aditi/scara/install/scara_moveit' for CMake config files
[4.469s] Level 1:colcon.colcon_core.shell:create_environment_hook('scara_moveit', 'cmake_prefix_path')
[4.469s] INFO:colcon.colcon_core.shell:Creating environment hook '/home/aditi/scara/install/scara_moveit/share/scara_moveit/hook/cmake_prefix_path.ps1'
[4.470s] INFO:colcon.colcon_core.shell:Creating environment descriptor '/home/aditi/scara/install/scara_moveit/share/scara_moveit/hook/cmake_prefix_path.dsv'
[4.470s] INFO:colcon.colcon_core.shell:Creating environment hook '/home/aditi/scara/install/scara_moveit/share/scara_moveit/hook/cmake_prefix_path.sh'
[4.470s] Level 1:colcon.colcon_core.environment:checking '/home/aditi/scara/install/scara_moveit/bin'
[4.470s] Level 1:colcon.colcon_core.environment:checking '/home/aditi/scara/install/scara_moveit/lib/pkgconfig/scara_moveit.pc'
[4.470s] Level 1:colcon.colcon_core.environment:checking '/home/aditi/scara/install/scara_moveit/lib/python3.10/site-packages'
[4.471s] Level 1:colcon.colcon_core.environment:checking '/home/aditi/scara/install/scara_moveit/bin'
[4.471s] INFO:colcon.colcon_core.shell:Creating package script '/home/aditi/scara/install/scara_moveit/share/scara_moveit/package.ps1'
[4.471s] INFO:colcon.colcon_core.shell:Creating package descriptor '/home/aditi/scara/install/scara_moveit/share/scara_moveit/package.dsv'
[4.471s] INFO:colcon.colcon_core.shell:Creating package script '/home/aditi/scara/install/scara_moveit/share/scara_moveit/package.sh'
[4.471s] INFO:colcon.colcon_core.shell:Creating package script '/home/aditi/scara/install/scara_moveit/share/scara_moveit/package.bash'
[4.472s] INFO:colcon.colcon_core.shell:Creating package script '/home/aditi/scara/install/scara_moveit/share/scara_moveit/package.zsh'
[4.472s] Level 1:colcon.colcon_core.environment:create_file_with_runtime_dependencies(/home/aditi/scara/install/scara_moveit/share/colcon-core/packages/scara_moveit)
[4.472s] Level 1:colcon.colcon_core.environment:create_environment_scripts_only(scara_moveit)
[4.473s] Level 1:colcon.colcon_core.environment:checking '/home/aditi/scara/install/scara_moveit' for CMake module files
[4.473s] Level 1:colcon.colcon_core.environment:checking '/home/aditi/scara/install/scara_moveit' for CMake config files
[4.473s] Level 1:colcon.colcon_core.shell:create_environment_hook('scara_moveit', 'cmake_prefix_path')
[4.473s] INFO:colcon.colcon_core.shell:Creating environment hook '/home/aditi/scara/install/scara_moveit/share/scara_moveit/hook/cmake_prefix_path.ps1'
[4.473s] INFO:colcon.colcon_core.shell:Creating environment descriptor '/home/aditi/scara/install/scara_moveit/share/scara_moveit/hook/cmake_prefix_path.dsv'
[4.473s] INFO:colcon.colcon_core.shell:Creating environment hook '/home/aditi/scara/install/scara_moveit/share/scara_moveit/hook/cmake_prefix_path.sh'
[4.474s] Level 1:colcon.colcon_core.environment:checking '/home/aditi/scara/install/scara_moveit/bin'
[4.474s] Level 1:colcon.colcon_core.environment:checking '/home/aditi/scara/install/scara_moveit/lib/pkgconfig/scara_moveit.pc'
[4.474s] Level 1:colcon.colcon_core.environment:checking '/home/aditi/scara/install/scara_moveit/lib/python3.10/site-packages'
[4.474s] Level 1:colcon.colcon_core.environment:checking '/home/aditi/scara/install/scara_moveit/bin'
[4.474s] INFO:colcon.colcon_core.shell:Creating package script '/home/aditi/scara/install/scara_moveit/share/scara_moveit/package.ps1'
[4.475s] INFO:colcon.colcon_core.shell:Creating package descriptor '/home/aditi/scara/install/scara_moveit/share/scara_moveit/package.dsv'
[4.475s] INFO:colcon.colcon_core.shell:Creating package script '/home/aditi/scara/install/scara_moveit/share/scara_moveit/package.sh'
[4.475s] INFO:colcon.colcon_core.shell:Creating package script '/home/aditi/scara/install/scara_moveit/share/scara_moveit/package.bash'
[4.476s] INFO:colcon.colcon_core.shell:Creating package script '/home/aditi/scara/install/scara_moveit/share/scara_moveit/package.zsh'
[4.476s] Level 1:colcon.colcon_core.environment:create_file_with_runtime_dependencies(/home/aditi/scara/install/scara_moveit/share/colcon-core/packages/scara_moveit)
[4.476s] DEBUG:colcon.colcon_parallel_executor.executor.parallel:closing loop
[4.477s] DEBUG:colcon.colcon_parallel_executor.executor.parallel:loop closed
[4.477s] DEBUG:colcon.colcon_parallel_executor.executor.parallel:run_until_complete finished with '0'
[4.477s] DEBUG:colcon.colcon_core.event_reactor:joining thread
[4.544s] INFO:colcon.colcon_core.plugin_system:Skipping extension 'colcon_notification.desktop_notification.notify_send': Could not find 'notify-send'
[4.544s] INFO:colcon.colcon_core.plugin_system:Skipping extension 'colcon_notification.desktop_notification.terminal_notifier': Not used on non-Darwin systems
[4.544s] INFO:colcon.colcon_core.plugin_system:Skipping extension 'colcon_notification.desktop_notification.win32': Not used on non-Windows systems
[4.545s] INFO:colcon.colcon_notification.desktop_notification:Sending desktop notification using 'notify2'
[4.545s] DEBUG:colcon.colcon_notification.desktop_notification.notify2:Failed to initialize notify2: org.freedesktop.DBus.Error.FileNotFound: Failed to connect to socket /run/user/1000/bus: No such file or directory
[4.545s] DEBUG:colcon.colcon_core.event_reactor:joined thread
[4.545s] INFO:colcon.colcon_core.shell:Creating prefix script '/home/aditi/scara/install/local_setup.ps1'
[4.546s] INFO:colcon.colcon_core.shell:Creating prefix util module '/home/aditi/scara/install/_local_setup_util_ps1.py'
[4.547s] INFO:colcon.colcon_core.shell:Creating prefix chain script '/home/aditi/scara/install/setup.ps1'
[4.548s] INFO:colcon.colcon_core.shell:Creating prefix script '/home/aditi/scara/install/local_setup.sh'
[4.549s] INFO:colcon.colcon_core.shell:Creating prefix util module '/home/aditi/scara/install/_local_setup_util_sh.py'
[4.549s] INFO:colcon.colcon_core.shell:Creating prefix chain script '/home/aditi/scara/install/setup.sh'
[4.550s] INFO:colcon.colcon_core.shell:Creating prefix script '/home/aditi/scara/install/local_setup.bash'
[4.550s] INFO:colcon.colcon_core.shell:Creating prefix chain script '/home/aditi/scara/install/setup.bash'
[4.551s] INFO:colcon.colcon_core.shell:Creating prefix script '/home/aditi/scara/install/local_setup.zsh'
[4.551s] INFO:colcon.colcon_core.shell:Creating prefix chain script '/home/aditi/scara/install/setup.zsh'
