[0.271s] DEBUG:colcon:Command line arguments: ['/usr/bin/colcon', 'build']
[0.271s] DEBUG:colcon:Parsed command line arguments: Namespace(log_base=None, log_level=None, verb_name='build', build_base='build', install_base='install', merge_install=False, symlink_install=False, test_result_base=None, continue_on_error=False, executor='parallel', parallel_workers=16, event_handlers=None, ignore_user_meta=False, metas=['./colcon.meta'], base_paths=['.'], packages_ignore=None, packages_ignore_regex=None, paths=None, packages_up_to=None, packages_up_to_regex=None, packages_above=None, packages_above_and_dependencies=None, packages_above_depth=None, packages_select_by_dep=None, packages_skip_by_dep=None, packages_skip_up_to=None, packages_select_build_failed=False, packages_skip_build_finished=False, packages_select_test_failures=False, packages_skip_test_passed=False, packages_select=None, packages_skip=None, packages_select_regex=None, packages_skip_regex=None, packages_start=None, packages_end=None, allow_overriding=[], cmake_args=None, cmake_target=None, cmake_target_skip_unavailable=False, cmake_clean_cache=False, cmake_clean_first=False, cmake_force_configure=False, ament_cmake_args=None, catkin_cmake_args=None, catkin_skip_building_tests=False, verb_parser=<colcon_defaults.argument_parser.defaults.DefaultArgumentsDecorator object at 0x754fde3dff10>, verb_extension=<colcon_core.verb.build.BuildVerb object at 0x754fde3dfb50>, main=<bound method BuildVerb.main of <colcon_core.verb.build.BuildVerb object at 0x754fde3dfb50>>)
[0.397s] Level 1:colcon.colcon_core.package_discovery:discover_packages(colcon_meta) check parameters
[0.397s] Level 1:colcon.colcon_core.package_discovery:discover_packages(recursive) check parameters
[0.397s] Level 1:colcon.colcon_core.package_discovery:discover_packages(ignore) check parameters
[0.397s] Level 1:colcon.colcon_core.package_discovery:discover_packages(path) check parameters
[0.397s] Level 1:colcon.colcon_core.package_discovery:discover_packages(colcon_meta) discover
[0.397s] Level 1:colcon.colcon_core.package_discovery:discover_packages(recursive) discover
[0.397s] INFO:colcon.colcon_core.package_discovery:Crawling recursively for packages in '/home/aditi/scara'
[0.397s] Level 1:colcon.colcon_core.package_identification:_identify(.) by extensions ['ignore', 'ignore_ament_install']
[0.397s] Level 1:colcon.colcon_core.package_identification:_identify(.) by extension 'ignore'
[0.397s] Level 1:colcon.colcon_core.package_identification:_identify(.) by extension 'ignore_ament_install'
[0.397s] Level 1:colcon.colcon_core.package_identification:_identify(.) by extensions ['colcon_pkg']
[0.397s] Level 1:colcon.colcon_core.package_identification:_identify(.) by extension 'colcon_pkg'
[0.397s] Level 1:colcon.colcon_core.package_identification:_identify(.) by extensions ['colcon_meta']
[0.398s] Level 1:colcon.colcon_core.package_identification:_identify(.) by extension 'colcon_meta'
[0.398s] Level 1:colcon.colcon_core.package_identification:_identify(.) by extensions ['ros']
[0.398s] Level 1:colcon.colcon_core.package_identification:_identify(.) by extension 'ros'
[0.407s] Level 1:colcon.colcon_core.package_identification:_identify(.) by extensions ['cmake', 'python']
[0.407s] Level 1:colcon.colcon_core.package_identification:_identify(.) by extension 'cmake'
[0.407s] Level 1:colcon.colcon_core.package_identification:_identify(.) by extension 'python'
[0.407s] Level 1:colcon.colcon_core.package_identification:_identify(.) by extensions ['python_setup_py']
[0.407s] Level 1:colcon.colcon_core.package_identification:_identify(.) by extension 'python_setup_py'
[0.407s] Level 1:colcon.colcon_core.package_identification:_identify(build) by extensions ['ignore', 'ignore_ament_install']
[0.407s] Level 1:colcon.colcon_core.package_identification:_identify(build) by extension 'ignore'
[0.407s] Level 1:colcon.colcon_core.package_identification:_identify(build) ignored
[0.407s] Level 1:colcon.colcon_core.package_identification:_identify(install) by extensions ['ignore', 'ignore_ament_install']
[0.407s] Level 1:colcon.colcon_core.package_identification:_identify(install) by extension 'ignore'
[0.407s] Level 1:colcon.colcon_core.package_identification:_identify(install) ignored
[0.407s] Level 1:colcon.colcon_core.package_identification:_identify(log) by extensions ['ignore', 'ignore_ament_install']
[0.407s] Level 1:colcon.colcon_core.package_identification:_identify(log) by extension 'ignore'
[0.407s] Level 1:colcon.colcon_core.package_identification:_identify(log) ignored
[0.408s] Level 1:colcon.colcon_core.package_identification:_identify(src) by extensions ['ignore', 'ignore_ament_install']
[0.408s] Level 1:colcon.colcon_core.package_identification:_identify(src) by extension 'ignore'
[0.408s] Level 1:colcon.colcon_core.package_identification:_identify(src) by extension 'ignore_ament_install'
[0.408s] Level 1:colcon.colcon_core.package_identification:_identify(src) by extensions ['colcon_pkg']
[0.408s] Level 1:colcon.colcon_core.package_identification:_identify(src) by extension 'colcon_pkg'
[0.408s] Level 1:colcon.colcon_core.package_identification:_identify(src) by extensions ['colcon_meta']
[0.408s] Level 1:colcon.colcon_core.package_identification:_identify(src) by extension 'colcon_meta'
[0.408s] Level 1:colcon.colcon_core.package_identification:_identify(src) by extensions ['ros']
[0.408s] Level 1:colcon.colcon_core.package_identification:_identify(src) by extension 'ros'
[0.408s] Level 1:colcon.colcon_core.package_identification:_identify(src) by extensions ['cmake', 'python']
[0.408s] Level 1:colcon.colcon_core.package_identification:_identify(src) by extension 'cmake'
[0.408s] Level 1:colcon.colcon_core.package_identification:_identify(src) by extension 'python'
[0.408s] Level 1:colcon.colcon_core.package_identification:_identify(src) by extensions ['python_setup_py']
[0.408s] Level 1:colcon.colcon_core.package_identification:_identify(src) by extension 'python_setup_py'
[0.408s] Level 1:colcon.colcon_core.package_identification:_identify(src/scara_controller) by extensions ['ignore', 'ignore_ament_install']
[0.408s] Level 1:colcon.colcon_core.package_identification:_identify(src/scara_controller) by extension 'ignore'
[0.408s] Level 1:colcon.colcon_core.package_identification:_identify(src/scara_controller) by extension 'ignore_ament_install'
[0.408s] Level 1:colcon.colcon_core.package_identification:_identify(src/scara_controller) by extensions ['colcon_pkg']
[0.408s] Level 1:colcon.colcon_core.package_identification:_identify(src/scara_controller) by extension 'colcon_pkg'
[0.408s] Level 1:colcon.colcon_core.package_identification:_identify(src/scara_controller) by extensions ['colcon_meta']
[0.408s] Level 1:colcon.colcon_core.package_identification:_identify(src/scara_controller) by extension 'colcon_meta'
[0.408s] Level 1:colcon.colcon_core.package_identification:_identify(src/scara_controller) by extensions ['ros']
[0.408s] Level 1:colcon.colcon_core.package_identification:_identify(src/scara_controller) by extension 'ros'
[0.411s] DEBUG:colcon.colcon_core.package_identification:Package 'src/scara_controller' with type 'ros.ament_cmake' and name 'scara_controller'
[0.411s] Level 1:colcon.colcon_core.package_identification:_identify(src/scara_description) by extensions ['ignore', 'ignore_ament_install']
[0.411s] Level 1:colcon.colcon_core.package_identification:_identify(src/scara_description) by extension 'ignore'
[0.411s] Level 1:colcon.colcon_core.package_identification:_identify(src/scara_description) by extension 'ignore_ament_install'
[0.411s] Level 1:colcon.colcon_core.package_identification:_identify(src/scara_description) by extensions ['colcon_pkg']
[0.411s] Level 1:colcon.colcon_core.package_identification:_identify(src/scara_description) by extension 'colcon_pkg'
[0.411s] Level 1:colcon.colcon_core.package_identification:_identify(src/scara_description) by extensions ['colcon_meta']
[0.411s] Level 1:colcon.colcon_core.package_identification:_identify(src/scara_description) by extension 'colcon_meta'
[0.411s] Level 1:colcon.colcon_core.package_identification:_identify(src/scara_description) by extensions ['ros']
[0.411s] Level 1:colcon.colcon_core.package_identification:_identify(src/scara_description) by extension 'ros'
[0.412s] DEBUG:colcon.colcon_core.package_identification:Package 'src/scara_description' with type 'ros.ament_cmake' and name 'scara_description'
[0.412s] Level 1:colcon.colcon_core.package_identification:_identify(src/scara_moveit) by extensions ['ignore', 'ignore_ament_install']
[0.412s] Level 1:colcon.colcon_core.package_identification:_identify(src/scara_moveit) by extension 'ignore'
[0.412s] Level 1:colcon.colcon_core.package_identification:_identify(src/scara_moveit) by extension 'ignore_ament_install'
[0.412s] Level 1:colcon.colcon_core.package_identification:_identify(src/scara_moveit) by extensions ['colcon_pkg']
[0.412s] Level 1:colcon.colcon_core.package_identification:_identify(src/scara_moveit) by extension 'colcon_pkg'
[0.412s] Level 1:colcon.colcon_core.package_identification:_identify(src/scara_moveit) by extensions ['colcon_meta']
[0.412s] Level 1:colcon.colcon_core.package_identification:_identify(src/scara_moveit) by extension 'colcon_meta'
[0.412s] Level 1:colcon.colcon_core.package_identification:_identify(src/scara_moveit) by extensions ['ros']
[0.412s] Level 1:colcon.colcon_core.package_identification:_identify(src/scara_moveit) by extension 'ros'
[0.413s] DEBUG:colcon.colcon_core.package_identification:Package 'src/scara_moveit' with type 'ros.ament_cmake' and name 'scara_moveit'
[0.413s] Level 1:colcon.colcon_core.package_discovery:discover_packages(recursive) using defaults
[0.413s] Level 1:colcon.colcon_core.package_discovery:discover_packages(ignore) discover
[0.413s] Level 1:colcon.colcon_core.package_discovery:discover_packages(ignore) using defaults
[0.413s] Level 1:colcon.colcon_core.package_discovery:discover_packages(path) discover
[0.413s] Level 1:colcon.colcon_core.package_discovery:discover_packages(path) using defaults
[0.431s] Level 1:colcon.colcon_core.package_discovery:discover_packages(prefix_path) check parameters
[0.431s] Level 1:colcon.colcon_core.package_discovery:discover_packages(prefix_path) discover
[0.432s] DEBUG:colcon.colcon_installed_package_information.package_discovery:Found 3 installed packages in /home/aditi/scara/install
[0.434s] DEBUG:colcon.colcon_installed_package_information.package_discovery:Found 381 installed packages in /opt/ros/humble
[0.445s] Level 1:colcon.colcon_core.package_discovery:discover_packages(prefix_path) using defaults
[0.478s] Level 5:colcon.colcon_core.verb:set package 'scara_controller' build argument 'cmake_args' from command line to 'None'
[0.479s] Level 5:colcon.colcon_core.verb:set package 'scara_controller' build argument 'cmake_target' from command line to 'None'
[0.479s] Level 5:colcon.colcon_core.verb:set package 'scara_controller' build argument 'cmake_target_skip_unavailable' from command line to 'False'
[0.479s] Level 5:colcon.colcon_core.verb:set package 'scara_controller' build argument 'cmake_clean_cache' from command line to 'False'
[0.479s] Level 5:colcon.colcon_core.verb:set package 'scara_controller' build argument 'cmake_clean_first' from command line to 'False'
[0.479s] Level 5:colcon.colcon_core.verb:set package 'scara_controller' build argument 'cmake_force_configure' from command line to 'False'
[0.479s] Level 5:colcon.colcon_core.verb:set package 'scara_controller' build argument 'ament_cmake_args' from command line to 'None'
[0.479s] Level 5:colcon.colcon_core.verb:set package 'scara_controller' build argument 'catkin_cmake_args' from command line to 'None'
[0.479s] Level 5:colcon.colcon_core.verb:set package 'scara_controller' build argument 'catkin_skip_building_tests' from command line to 'False'
[0.479s] DEBUG:colcon.colcon_core.verb:Building package 'scara_controller' with the following arguments: {'ament_cmake_args': None, 'build_base': '/home/aditi/scara/build/scara_controller', 'catkin_cmake_args': None, 'catkin_skip_building_tests': False, 'cmake_args': None, 'cmake_clean_cache': False, 'cmake_clean_first': False, 'cmake_force_configure': False, 'cmake_target': None, 'cmake_target_skip_unavailable': False, 'install_base': '/home/aditi/scara/install/scara_controller', 'merge_install': False, 'path': '/home/aditi/scara/src/scara_controller', 'symlink_install': False, 'test_result_base': None}
[0.479s] Level 5:colcon.colcon_core.verb:set package 'scara_description' build argument 'cmake_args' from command line to 'None'
[0.479s] Level 5:colcon.colcon_core.verb:set package 'scara_description' build argument 'cmake_target' from command line to 'None'
[0.479s] Level 5:colcon.colcon_core.verb:set package 'scara_description' build argument 'cmake_target_skip_unavailable' from command line to 'False'
[0.479s] Level 5:colcon.colcon_core.verb:set package 'scara_description' build argument 'cmake_clean_cache' from command line to 'False'
[0.479s] Level 5:colcon.colcon_core.verb:set package 'scara_description' build argument 'cmake_clean_first' from command line to 'False'
[0.479s] Level 5:colcon.colcon_core.verb:set package 'scara_description' build argument 'cmake_force_configure' from command line to 'False'
[0.479s] Level 5:colcon.colcon_core.verb:set package 'scara_description' build argument 'ament_cmake_args' from command line to 'None'
[0.479s] Level 5:colcon.colcon_core.verb:set package 'scara_description' build argument 'catkin_cmake_args' from command line to 'None'
[0.479s] Level 5:colcon.colcon_core.verb:set package 'scara_description' build argument 'catkin_skip_building_tests' from command line to 'False'
[0.479s] DEBUG:colcon.colcon_core.verb:Building package 'scara_description' with the following arguments: {'ament_cmake_args': None, 'build_base': '/home/aditi/scara/build/scara_description', 'catkin_cmake_args': None, 'catkin_skip_building_tests': False, 'cmake_args': None, 'cmake_clean_cache': False, 'cmake_clean_first': False, 'cmake_force_configure': False, 'cmake_target': None, 'cmake_target_skip_unavailable': False, 'install_base': '/home/aditi/scara/install/scara_description', 'merge_install': False, 'path': '/home/aditi/scara/src/scara_description', 'symlink_install': False, 'test_result_base': None}
[0.480s] Level 5:colcon.colcon_core.verb:set package 'scara_moveit' build argument 'cmake_args' from command line to 'None'
[0.480s] Level 5:colcon.colcon_core.verb:set package 'scara_moveit' build argument 'cmake_target' from command line to 'None'
[0.480s] Level 5:colcon.colcon_core.verb:set package 'scara_moveit' build argument 'cmake_target_skip_unavailable' from command line to 'False'
[0.480s] Level 5:colcon.colcon_core.verb:set package 'scara_moveit' build argument 'cmake_clean_cache' from command line to 'False'
[0.480s] Level 5:colcon.colcon_core.verb:set package 'scara_moveit' build argument 'cmake_clean_first' from command line to 'False'
[0.480s] Level 5:colcon.colcon_core.verb:set package 'scara_moveit' build argument 'cmake_force_configure' from command line to 'False'
[0.480s] Level 5:colcon.colcon_core.verb:set package 'scara_moveit' build argument 'ament_cmake_args' from command line to 'None'
[0.480s] Level 5:colcon.colcon_core.verb:set package 'scara_moveit' build argument 'catkin_cmake_args' from command line to 'None'
[0.480s] Level 5:colcon.colcon_core.verb:set package 'scara_moveit' build argument 'catkin_skip_building_tests' from command line to 'False'
[0.480s] DEBUG:colcon.colcon_core.verb:Building package 'scara_moveit' with the following arguments: {'ament_cmake_args': None, 'build_base': '/home/aditi/scara/build/scara_moveit', 'catkin_cmake_args': None, 'catkin_skip_building_tests': False, 'cmake_args': None, 'cmake_clean_cache': False, 'cmake_clean_first': False, 'cmake_force_configure': False, 'cmake_target': None, 'cmake_target_skip_unavailable': False, 'install_base': '/home/aditi/scara/install/scara_moveit', 'merge_install': False, 'path': '/home/aditi/scara/src/scara_moveit', 'symlink_install': False, 'test_result_base': None}
[0.480s] INFO:colcon.colcon_core.executor:Executing jobs using 'parallel' executor
[0.481s] DEBUG:colcon.colcon_parallel_executor.executor.parallel:run_until_complete
[0.481s] INFO:colcon.colcon_ros.task.ament_cmake.build:Building ROS package in '/home/aditi/scara/src/scara_description' with build type 'ament_cmake'
[0.481s] INFO:colcon.colcon_cmake.task.cmake.build:Building CMake package in '/home/aditi/scara/src/scara_description'
[0.483s] INFO:colcon.colcon_core.plugin_system:Skipping extension 'colcon_core.shell.bat': Not used on non-Windows systems
[0.483s] INFO:colcon.colcon_core.shell:Skip shell extension 'powershell' for command environment: Not usable outside of PowerShell
[0.483s] DEBUG:colcon.colcon_core.shell:Skip shell extension 'dsv' for command environment
[0.487s] INFO:colcon.colcon_ros.task.ament_cmake.build:Building ROS package in '/home/aditi/scara/src/scara_controller' with build type 'ament_cmake'
[0.487s] INFO:colcon.colcon_cmake.task.cmake.build:Building CMake package in '/home/aditi/scara/src/scara_controller'
[0.487s] INFO:colcon.colcon_core.shell:Skip shell extension 'powershell' for command environment: Not usable outside of PowerShell
[0.487s] DEBUG:colcon.colcon_core.shell:Skip shell extension 'dsv' for command environment
[0.501s] DEBUG:colcon.colcon_core.event_handler.log_command:Invoking command in '/home/aditi/scara/build/scara_description': CMAKE_PREFIX_PATH=${CMAKE_PREFIX_PATH}:/opt/ros/humble /usr/bin/cmake --build /home/aditi/scara/build/scara_description -- -j16 -l16
[0.504s] DEBUG:colcon.colcon_core.event_handler.log_command:Invoking command in '/home/aditi/scara/build/scara_controller': CMAKE_PREFIX_PATH=${CMAKE_PREFIX_PATH}:/opt/ros/humble /usr/bin/cmake --build /home/aditi/scara/build/scara_controller -- -j16 -l16
[0.539s] DEBUG:colcon.colcon_core.event_handler.log_command:Invoked command in '/home/aditi/scara/build/scara_controller' returned '0': CMAKE_PREFIX_PATH=${CMAKE_PREFIX_PATH}:/opt/ros/humble /usr/bin/cmake --build /home/aditi/scara/build/scara_controller -- -j16 -l16
[0.549s] DEBUG:colcon.colcon_core.event_handler.log_command:Invoking command in '/home/aditi/scara/build/scara_controller': CMAKE_PREFIX_PATH=${CMAKE_PREFIX_PATH}:/opt/ros/humble /usr/bin/cmake --install /home/aditi/scara/build/scara_controller
[0.549s] DEBUG:colcon.colcon_core.event_handler.log_command:Invoked command in '/home/aditi/scara/build/scara_description' returned '0': CMAKE_PREFIX_PATH=${CMAKE_PREFIX_PATH}:/opt/ros/humble /usr/bin/cmake --build /home/aditi/scara/build/scara_description -- -j16 -l16
[0.552s] DEBUG:colcon.colcon_core.event_handler.log_command:Invoking command in '/home/aditi/scara/build/scara_description': CMAKE_PREFIX_PATH=${CMAKE_PREFIX_PATH}:/opt/ros/humble /usr/bin/cmake --install /home/aditi/scara/build/scara_description
[0.561s] Level 1:colcon.colcon_core.environment:create_environment_scripts_only(scara_controller)
[0.565s] DEBUG:colcon.colcon_core.event_handler.log_command:Invoked command in '/home/aditi/scara/build/scara_controller' returned '0': CMAKE_PREFIX_PATH=${CMAKE_PREFIX_PATH}:/opt/ros/humble /usr/bin/cmake --install /home/aditi/scara/build/scara_controller
[0.566s] Level 1:colcon.colcon_core.environment:checking '/home/aditi/scara/install/scara_controller' for CMake module files
[0.566s] Level 1:colcon.colcon_core.environment:checking '/home/aditi/scara/install/scara_controller' for CMake config files
[0.566s] Level 1:colcon.colcon_core.shell:create_environment_hook('scara_controller', 'cmake_prefix_path')
[0.567s] INFO:colcon.colcon_core.shell:Creating environment hook '/home/aditi/scara/install/scara_controller/share/scara_controller/hook/cmake_prefix_path.ps1'
[0.567s] INFO:colcon.colcon_core.shell:Creating environment descriptor '/home/aditi/scara/install/scara_controller/share/scara_controller/hook/cmake_prefix_path.dsv'
[0.567s] INFO:colcon.colcon_core.shell:Creating environment hook '/home/aditi/scara/install/scara_controller/share/scara_controller/hook/cmake_prefix_path.sh'
[0.568s] Level 1:colcon.colcon_core.environment:checking '/home/aditi/scara/install/scara_controller/bin'
[0.568s] Level 1:colcon.colcon_core.environment:checking '/home/aditi/scara/install/scara_controller/lib/pkgconfig/scara_controller.pc'
[0.568s] Level 1:colcon.colcon_core.environment:checking '/home/aditi/scara/install/scara_controller/lib/python3.10/site-packages'
[0.568s] Level 1:colcon.colcon_core.environment:checking '/home/aditi/scara/install/scara_controller/bin'
[0.568s] INFO:colcon.colcon_core.shell:Creating package script '/home/aditi/scara/install/scara_controller/share/scara_controller/package.ps1'
[0.570s] INFO:colcon.colcon_core.shell:Creating package descriptor '/home/aditi/scara/install/scara_controller/share/scara_controller/package.dsv'
[0.571s] INFO:colcon.colcon_core.shell:Creating package script '/home/aditi/scara/install/scara_controller/share/scara_controller/package.sh'
[0.571s] INFO:colcon.colcon_core.shell:Creating package script '/home/aditi/scara/install/scara_controller/share/scara_controller/package.bash'
[0.572s] INFO:colcon.colcon_core.shell:Creating package script '/home/aditi/scara/install/scara_controller/share/scara_controller/package.zsh'
[0.572s] Level 1:colcon.colcon_core.environment:create_file_with_runtime_dependencies(/home/aditi/scara/install/scara_controller/share/colcon-core/packages/scara_controller)
[0.572s] Level 1:colcon.colcon_core.environment:create_environment_scripts_only(scara_controller)
[0.573s] Level 1:colcon.colcon_core.environment:checking '/home/aditi/scara/install/scara_controller' for CMake module files
[0.573s] Level 1:colcon.colcon_core.environment:checking '/home/aditi/scara/install/scara_controller' for CMake config files
[0.573s] Level 1:colcon.colcon_core.shell:create_environment_hook('scara_controller', 'cmake_prefix_path')
[0.573s] INFO:colcon.colcon_core.shell:Creating environment hook '/home/aditi/scara/install/scara_controller/share/scara_controller/hook/cmake_prefix_path.ps1'
[0.574s] INFO:colcon.colcon_core.shell:Creating environment descriptor '/home/aditi/scara/install/scara_controller/share/scara_controller/hook/cmake_prefix_path.dsv'
[0.574s] INFO:colcon.colcon_core.shell:Creating environment hook '/home/aditi/scara/install/scara_controller/share/scara_controller/hook/cmake_prefix_path.sh'
[0.575s] Level 1:colcon.colcon_core.environment:checking '/home/aditi/scara/install/scara_controller/bin'
[0.575s] Level 1:colcon.colcon_core.environment:checking '/home/aditi/scara/install/scara_controller/lib/pkgconfig/scara_controller.pc'
[0.575s] Level 1:colcon.colcon_core.environment:checking '/home/aditi/scara/install/scara_controller/lib/python3.10/site-packages'
[0.575s] Level 1:colcon.colcon_core.environment:checking '/home/aditi/scara/install/scara_controller/bin'
[0.575s] INFO:colcon.colcon_core.shell:Creating package script '/home/aditi/scara/install/scara_controller/share/scara_controller/package.ps1'
[0.576s] INFO:colcon.colcon_core.shell:Creating package descriptor '/home/aditi/scara/install/scara_controller/share/scara_controller/package.dsv'
[0.576s] INFO:colcon.colcon_core.shell:Creating package script '/home/aditi/scara/install/scara_controller/share/scara_controller/package.sh'
[0.576s] INFO:colcon.colcon_core.shell:Creating package script '/home/aditi/scara/install/scara_controller/share/scara_controller/package.bash'
[0.577s] INFO:colcon.colcon_core.shell:Creating package script '/home/aditi/scara/install/scara_controller/share/scara_controller/package.zsh'
[0.577s] Level 1:colcon.colcon_core.environment:create_file_with_runtime_dependencies(/home/aditi/scara/install/scara_controller/share/colcon-core/packages/scara_controller)
[0.578s] Level 1:colcon.colcon_core.environment:create_environment_scripts_only(scara_description)
[0.578s] Level 1:colcon.colcon_core.environment:checking '/home/aditi/scara/install/scara_description' for CMake module files
[0.579s] Level 1:colcon.colcon_core.environment:checking '/home/aditi/scara/install/scara_description' for CMake config files
[0.580s] DEBUG:colcon.colcon_core.event_handler.log_command:Invoked command in '/home/aditi/scara/build/scara_description' returned '0': CMAKE_PREFIX_PATH=${CMAKE_PREFIX_PATH}:/opt/ros/humble /usr/bin/cmake --install /home/aditi/scara/build/scara_description
[0.580s] Level 1:colcon.colcon_core.shell:create_environment_hook('scara_description', 'cmake_prefix_path')
[0.580s] INFO:colcon.colcon_core.shell:Creating environment hook '/home/aditi/scara/install/scara_description/share/scara_description/hook/cmake_prefix_path.ps1'
[0.581s] INFO:colcon.colcon_core.shell:Creating environment descriptor '/home/aditi/scara/install/scara_description/share/scara_description/hook/cmake_prefix_path.dsv'
[0.581s] INFO:colcon.colcon_core.shell:Creating environment hook '/home/aditi/scara/install/scara_description/share/scara_description/hook/cmake_prefix_path.sh'
[0.582s] Level 1:colcon.colcon_core.environment:checking '/home/aditi/scara/install/scara_description/bin'
[0.582s] Level 1:colcon.colcon_core.environment:checking '/home/aditi/scara/install/scara_description/lib/pkgconfig/scara_description.pc'
[0.582s] Level 1:colcon.colcon_core.environment:checking '/home/aditi/scara/install/scara_description/lib/python3.10/site-packages'
[0.582s] Level 1:colcon.colcon_core.environment:checking '/home/aditi/scara/install/scara_description/bin'
[0.583s] INFO:colcon.colcon_core.shell:Creating package script '/home/aditi/scara/install/scara_description/share/scara_description/package.ps1'
[0.583s] INFO:colcon.colcon_core.shell:Creating package descriptor '/home/aditi/scara/install/scara_description/share/scara_description/package.dsv'
[0.583s] INFO:colcon.colcon_core.shell:Creating package script '/home/aditi/scara/install/scara_description/share/scara_description/package.sh'
[0.583s] INFO:colcon.colcon_core.shell:Creating package script '/home/aditi/scara/install/scara_description/share/scara_description/package.bash'
[0.584s] INFO:colcon.colcon_core.shell:Creating package script '/home/aditi/scara/install/scara_description/share/scara_description/package.zsh'
[0.584s] Level 1:colcon.colcon_core.environment:create_file_with_runtime_dependencies(/home/aditi/scara/install/scara_description/share/colcon-core/packages/scara_description)
[0.584s] Level 1:colcon.colcon_core.environment:create_environment_scripts_only(scara_description)
[0.584s] Level 1:colcon.colcon_core.environment:checking '/home/aditi/scara/install/scara_description' for CMake module files
[0.585s] Level 1:colcon.colcon_core.environment:checking '/home/aditi/scara/install/scara_description' for CMake config files
[0.585s] Level 1:colcon.colcon_core.shell:create_environment_hook('scara_description', 'cmake_prefix_path')
[0.585s] INFO:colcon.colcon_core.shell:Creating environment hook '/home/aditi/scara/install/scara_description/share/scara_description/hook/cmake_prefix_path.ps1'
[0.585s] INFO:colcon.colcon_core.shell:Creating environment descriptor '/home/aditi/scara/install/scara_description/share/scara_description/hook/cmake_prefix_path.dsv'
[0.585s] INFO:colcon.colcon_core.shell:Creating environment hook '/home/aditi/scara/install/scara_description/share/scara_description/hook/cmake_prefix_path.sh'
[0.586s] Level 1:colcon.colcon_core.environment:checking '/home/aditi/scara/install/scara_description/bin'
[0.586s] Level 1:colcon.colcon_core.environment:checking '/home/aditi/scara/install/scara_description/lib/pkgconfig/scara_description.pc'
[0.586s] Level 1:colcon.colcon_core.environment:checking '/home/aditi/scara/install/scara_description/lib/python3.10/site-packages'
[0.586s] Level 1:colcon.colcon_core.environment:checking '/home/aditi/scara/install/scara_description/bin'
[0.586s] INFO:colcon.colcon_core.shell:Creating package script '/home/aditi/scara/install/scara_description/share/scara_description/package.ps1'
[0.587s] INFO:colcon.colcon_core.shell:Creating package descriptor '/home/aditi/scara/install/scara_description/share/scara_description/package.dsv'
[0.587s] INFO:colcon.colcon_core.shell:Creating package script '/home/aditi/scara/install/scara_description/share/scara_description/package.sh'
[0.587s] INFO:colcon.colcon_core.shell:Creating package script '/home/aditi/scara/install/scara_description/share/scara_description/package.bash'
[0.588s] INFO:colcon.colcon_core.shell:Creating package script '/home/aditi/scara/install/scara_description/share/scara_description/package.zsh'
[0.588s] Level 1:colcon.colcon_core.environment:create_file_with_runtime_dependencies(/home/aditi/scara/install/scara_description/share/colcon-core/packages/scara_description)
[0.588s] INFO:colcon.colcon_ros.task.ament_cmake.build:Building ROS package in '/home/aditi/scara/src/scara_moveit' with build type 'ament_cmake'
[0.588s] INFO:colcon.colcon_cmake.task.cmake.build:Building CMake package in '/home/aditi/scara/src/scara_moveit'
[0.589s] INFO:colcon.colcon_core.shell:Skip shell extension 'powershell' for command environment: Not usable outside of PowerShell
[0.590s] DEBUG:colcon.colcon_core.shell:Skip shell extension 'dsv' for command environment
[0.704s] DEBUG:colcon.colcon_core.event_handler.log_command:Invoking command in '/home/aditi/scara/build/scara_moveit': CMAKE_PREFIX_PATH=/home/aditi/scara/install/scara_description:/home/aditi/scara/install/scara_moveit:/home/aditi/scara/install/scara_controller:/opt/ros/humble /usr/bin/cmake --build /home/aditi/scara/build/scara_moveit -- -j16 -l16
[0.735s] DEBUG:colcon.colcon_core.event_handler.log_command:Invoked command in '/home/aditi/scara/build/scara_moveit' returned '0': CMAKE_PREFIX_PATH=/home/aditi/scara/install/scara_description:/home/aditi/scara/install/scara_moveit:/home/aditi/scara/install/scara_controller:/opt/ros/humble /usr/bin/cmake --build /home/aditi/scara/build/scara_moveit -- -j16 -l16
[0.737s] DEBUG:colcon.colcon_core.event_handler.log_command:Invoking command in '/home/aditi/scara/build/scara_moveit': CMAKE_PREFIX_PATH=/home/aditi/scara/install/scara_description:/home/aditi/scara/install/scara_moveit:/home/aditi/scara/install/scara_controller:/opt/ros/humble /usr/bin/cmake --install /home/aditi/scara/build/scara_moveit
[0.745s] Level 1:colcon.colcon_core.environment:create_environment_scripts_only(scara_moveit)
[0.746s] Level 1:colcon.colcon_core.environment:checking '/home/aditi/scara/install/scara_moveit' for CMake module files
[0.746s] Level 1:colcon.colcon_core.environment:checking '/home/aditi/scara/install/scara_moveit' for CMake config files
[0.747s] DEBUG:colcon.colcon_core.event_handler.log_command:Invoked command in '/home/aditi/scara/build/scara_moveit' returned '0': CMAKE_PREFIX_PATH=/home/aditi/scara/install/scara_description:/home/aditi/scara/install/scara_moveit:/home/aditi/scara/install/scara_controller:/opt/ros/humble /usr/bin/cmake --install /home/aditi/scara/build/scara_moveit
[0.747s] Level 1:colcon.colcon_core.shell:create_environment_hook('scara_moveit', 'cmake_prefix_path')
[0.747s] INFO:colcon.colcon_core.shell:Creating environment hook '/home/aditi/scara/install/scara_moveit/share/scara_moveit/hook/cmake_prefix_path.ps1'
[0.748s] INFO:colcon.colcon_core.shell:Creating environment descriptor '/home/aditi/scara/install/scara_moveit/share/scara_moveit/hook/cmake_prefix_path.dsv'
[0.748s] INFO:colcon.colcon_core.shell:Creating environment hook '/home/aditi/scara/install/scara_moveit/share/scara_moveit/hook/cmake_prefix_path.sh'
[0.748s] Level 1:colcon.colcon_core.environment:checking '/home/aditi/scara/install/scara_moveit/bin'
[0.748s] Level 1:colcon.colcon_core.environment:checking '/home/aditi/scara/install/scara_moveit/lib/pkgconfig/scara_moveit.pc'
[0.749s] Level 1:colcon.colcon_core.environment:checking '/home/aditi/scara/install/scara_moveit/lib/python3.10/site-packages'
[0.749s] Level 1:colcon.colcon_core.environment:checking '/home/aditi/scara/install/scara_moveit/bin'
[0.749s] INFO:colcon.colcon_core.shell:Creating package script '/home/aditi/scara/install/scara_moveit/share/scara_moveit/package.ps1'
[0.750s] INFO:colcon.colcon_core.shell:Creating package descriptor '/home/aditi/scara/install/scara_moveit/share/scara_moveit/package.dsv'
[0.750s] INFO:colcon.colcon_core.shell:Creating package script '/home/aditi/scara/install/scara_moveit/share/scara_moveit/package.sh'
[0.750s] INFO:colcon.colcon_core.shell:Creating package script '/home/aditi/scara/install/scara_moveit/share/scara_moveit/package.bash'
[0.750s] INFO:colcon.colcon_core.shell:Creating package script '/home/aditi/scara/install/scara_moveit/share/scara_moveit/package.zsh'
[0.751s] Level 1:colcon.colcon_core.environment:create_file_with_runtime_dependencies(/home/aditi/scara/install/scara_moveit/share/colcon-core/packages/scara_moveit)
[0.751s] Level 1:colcon.colcon_core.environment:create_environment_scripts_only(scara_moveit)
[0.751s] Level 1:colcon.colcon_core.environment:checking '/home/aditi/scara/install/scara_moveit' for CMake module files
[0.751s] Level 1:colcon.colcon_core.environment:checking '/home/aditi/scara/install/scara_moveit' for CMake config files
[0.752s] Level 1:colcon.colcon_core.shell:create_environment_hook('scara_moveit', 'cmake_prefix_path')
[0.752s] INFO:colcon.colcon_core.shell:Creating environment hook '/home/aditi/scara/install/scara_moveit/share/scara_moveit/hook/cmake_prefix_path.ps1'
[0.752s] INFO:colcon.colcon_core.shell:Creating environment descriptor '/home/aditi/scara/install/scara_moveit/share/scara_moveit/hook/cmake_prefix_path.dsv'
[0.752s] INFO:colcon.colcon_core.shell:Creating environment hook '/home/aditi/scara/install/scara_moveit/share/scara_moveit/hook/cmake_prefix_path.sh'
[0.753s] Level 1:colcon.colcon_core.environment:checking '/home/aditi/scara/install/scara_moveit/bin'
[0.753s] Level 1:colcon.colcon_core.environment:checking '/home/aditi/scara/install/scara_moveit/lib/pkgconfig/scara_moveit.pc'
[0.753s] Level 1:colcon.colcon_core.environment:checking '/home/aditi/scara/install/scara_moveit/lib/python3.10/site-packages'
[0.753s] Level 1:colcon.colcon_core.environment:checking '/home/aditi/scara/install/scara_moveit/bin'
[0.754s] INFO:colcon.colcon_core.shell:Creating package script '/home/aditi/scara/install/scara_moveit/share/scara_moveit/package.ps1'
[0.754s] INFO:colcon.colcon_core.shell:Creating package descriptor '/home/aditi/scara/install/scara_moveit/share/scara_moveit/package.dsv'
[0.754s] INFO:colcon.colcon_core.shell:Creating package script '/home/aditi/scara/install/scara_moveit/share/scara_moveit/package.sh'
[0.755s] INFO:colcon.colcon_core.shell:Creating package script '/home/aditi/scara/install/scara_moveit/share/scara_moveit/package.bash'
[0.755s] INFO:colcon.colcon_core.shell:Creating package script '/home/aditi/scara/install/scara_moveit/share/scara_moveit/package.zsh'
[0.755s] Level 1:colcon.colcon_core.environment:create_file_with_runtime_dependencies(/home/aditi/scara/install/scara_moveit/share/colcon-core/packages/scara_moveit)
[0.756s] DEBUG:colcon.colcon_parallel_executor.executor.parallel:closing loop
[0.756s] DEBUG:colcon.colcon_parallel_executor.executor.parallel:loop closed
[0.756s] DEBUG:colcon.colcon_parallel_executor.executor.parallel:run_until_complete finished with '0'
[0.756s] DEBUG:colcon.colcon_core.event_reactor:joining thread
[0.857s] INFO:colcon.colcon_core.plugin_system:Skipping extension 'colcon_notification.desktop_notification.notify_send': Could not find 'notify-send'
[0.857s] INFO:colcon.colcon_core.plugin_system:Skipping extension 'colcon_notification.desktop_notification.terminal_notifier': Not used on non-Darwin systems
[0.857s] INFO:colcon.colcon_core.plugin_system:Skipping extension 'colcon_notification.desktop_notification.win32': Not used on non-Windows systems
[0.857s] INFO:colcon.colcon_notification.desktop_notification:Sending desktop notification using 'notify2'
[0.858s] DEBUG:colcon.colcon_notification.desktop_notification.notify2:Failed to initialize notify2: org.freedesktop.DBus.Error.FileNotFound: Failed to connect to socket /run/user/1000/bus: No such file or directory
[0.858s] DEBUG:colcon.colcon_core.event_reactor:joined thread
[0.858s] INFO:colcon.colcon_core.shell:Creating prefix script '/home/aditi/scara/install/local_setup.ps1'
[0.860s] INFO:colcon.colcon_core.shell:Creating prefix util module '/home/aditi/scara/install/_local_setup_util_ps1.py'
[0.861s] INFO:colcon.colcon_core.shell:Creating prefix chain script '/home/aditi/scara/install/setup.ps1'
[0.862s] INFO:colcon.colcon_core.shell:Creating prefix script '/home/aditi/scara/install/local_setup.sh'
[0.862s] INFO:colcon.colcon_core.shell:Creating prefix util module '/home/aditi/scara/install/_local_setup_util_sh.py'
[0.863s] INFO:colcon.colcon_core.shell:Creating prefix chain script '/home/aditi/scara/install/setup.sh'
[0.864s] INFO:colcon.colcon_core.shell:Creating prefix script '/home/aditi/scara/install/local_setup.bash'
[0.865s] INFO:colcon.colcon_core.shell:Creating prefix chain script '/home/aditi/scara/install/setup.bash'
[0.865s] INFO:colcon.colcon_core.shell:Creating prefix script '/home/aditi/scara/install/local_setup.zsh'
[0.866s] INFO:colcon.colcon_core.shell:Creating prefix chain script '/home/aditi/scara/install/setup.zsh'
