[0.729s] DEBUG:colcon:Command line arguments: ['/usr/bin/colcon', 'build']
[0.729s] DEBUG:colcon:Parsed command line arguments: Namespace(log_base=None, log_level=None, verb_name='build', build_base='build', install_base='install', merge_install=False, symlink_install=False, test_result_base=None, continue_on_error=False, executor='parallel', parallel_workers=16, event_handlers=None, ignore_user_meta=False, metas=['./colcon.meta'], base_paths=['.'], packages_ignore=None, packages_ignore_regex=None, paths=None, packages_up_to=None, packages_up_to_regex=None, packages_above=None, packages_above_and_dependencies=None, packages_above_depth=None, packages_select_by_dep=None, packages_skip_by_dep=None, packages_skip_up_to=None, packages_select_build_failed=False, packages_skip_build_finished=False, packages_select_test_failures=False, packages_skip_test_passed=False, packages_select=None, packages_skip=None, packages_select_regex=None, packages_skip_regex=None, packages_start=None, packages_end=None, allow_overriding=[], cmake_args=None, cmake_target=None, cmake_target_skip_unavailable=False, cmake_clean_cache=False, cmake_clean_first=False, cmake_force_configure=False, ament_cmake_args=None, catkin_cmake_args=None, catkin_skip_building_tests=False, verb_parser=<colcon_defaults.argument_parser.defaults.DefaultArgumentsDecorator object at 0x73497e51bf70>, verb_extension=<colcon_core.verb.build.BuildVerb object at 0x73497e51bbb0>, main=<bound method BuildVerb.main of <colcon_core.verb.build.BuildVerb object at 0x73497e51bbb0>>)
[1.241s] Level 1:colcon.colcon_core.package_discovery:discover_packages(colcon_meta) check parameters
[1.241s] Level 1:colcon.colcon_core.package_discovery:discover_packages(recursive) check parameters
[1.241s] Level 1:colcon.colcon_core.package_discovery:discover_packages(ignore) check parameters
[1.241s] Level 1:colcon.colcon_core.package_discovery:discover_packages(path) check parameters
[1.241s] Level 1:colcon.colcon_core.package_discovery:discover_packages(colcon_meta) discover
[1.241s] Level 1:colcon.colcon_core.package_discovery:discover_packages(recursive) discover
[1.241s] INFO:colcon.colcon_core.package_discovery:Crawling recursively for packages in '/home/aditi/scara'
[1.241s] Level 1:colcon.colcon_core.package_identification:_identify(.) by extensions ['ignore', 'ignore_ament_install']
[1.241s] Level 1:colcon.colcon_core.package_identification:_identify(.) by extension 'ignore'
[1.242s] Level 1:colcon.colcon_core.package_identification:_identify(.) by extension 'ignore_ament_install'
[1.242s] Level 1:colcon.colcon_core.package_identification:_identify(.) by extensions ['colcon_pkg']
[1.242s] Level 1:colcon.colcon_core.package_identification:_identify(.) by extension 'colcon_pkg'
[1.242s] Level 1:colcon.colcon_core.package_identification:_identify(.) by extensions ['colcon_meta']
[1.242s] Level 1:colcon.colcon_core.package_identification:_identify(.) by extension 'colcon_meta'
[1.242s] Level 1:colcon.colcon_core.package_identification:_identify(.) by extensions ['ros']
[1.242s] Level 1:colcon.colcon_core.package_identification:_identify(.) by extension 'ros'
[1.260s] Level 1:colcon.colcon_core.package_identification:_identify(.) by extensions ['cmake', 'python']
[1.260s] Level 1:colcon.colcon_core.package_identification:_identify(.) by extension 'cmake'
[1.260s] Level 1:colcon.colcon_core.package_identification:_identify(.) by extension 'python'
[1.260s] Level 1:colcon.colcon_core.package_identification:_identify(.) by extensions ['python_setup_py']
[1.260s] Level 1:colcon.colcon_core.package_identification:_identify(.) by extension 'python_setup_py'
[1.261s] Level 1:colcon.colcon_core.package_identification:_identify(build) by extensions ['ignore', 'ignore_ament_install']
[1.261s] Level 1:colcon.colcon_core.package_identification:_identify(build) by extension 'ignore'
[1.261s] Level 1:colcon.colcon_core.package_identification:_identify(build) ignored
[1.262s] Level 1:colcon.colcon_core.package_identification:_identify(install) by extensions ['ignore', 'ignore_ament_install']
[1.262s] Level 1:colcon.colcon_core.package_identification:_identify(install) by extension 'ignore'
[1.262s] Level 1:colcon.colcon_core.package_identification:_identify(install) ignored
[1.262s] Level 1:colcon.colcon_core.package_identification:_identify(log) by extensions ['ignore', 'ignore_ament_install']
[1.262s] Level 1:colcon.colcon_core.package_identification:_identify(log) by extension 'ignore'
[1.262s] Level 1:colcon.colcon_core.package_identification:_identify(log) ignored
[1.262s] Level 1:colcon.colcon_core.package_identification:_identify(src) by extensions ['ignore', 'ignore_ament_install']
[1.262s] Level 1:colcon.colcon_core.package_identification:_identify(src) by extension 'ignore'
[1.262s] Level 1:colcon.colcon_core.package_identification:_identify(src) by extension 'ignore_ament_install'
[1.262s] Level 1:colcon.colcon_core.package_identification:_identify(src) by extensions ['colcon_pkg']
[1.262s] Level 1:colcon.colcon_core.package_identification:_identify(src) by extension 'colcon_pkg'
[1.262s] Level 1:colcon.colcon_core.package_identification:_identify(src) by extensions ['colcon_meta']
[1.262s] Level 1:colcon.colcon_core.package_identification:_identify(src) by extension 'colcon_meta'
[1.262s] Level 1:colcon.colcon_core.package_identification:_identify(src) by extensions ['ros']
[1.262s] Level 1:colcon.colcon_core.package_identification:_identify(src) by extension 'ros'
[1.262s] Level 1:colcon.colcon_core.package_identification:_identify(src) by extensions ['cmake', 'python']
[1.262s] Level 1:colcon.colcon_core.package_identification:_identify(src) by extension 'cmake'
[1.263s] Level 1:colcon.colcon_core.package_identification:_identify(src) by extension 'python'
[1.263s] Level 1:colcon.colcon_core.package_identification:_identify(src) by extensions ['python_setup_py']
[1.263s] Level 1:colcon.colcon_core.package_identification:_identify(src) by extension 'python_setup_py'
[1.263s] Level 1:colcon.colcon_core.package_identification:_identify(src/scara_controller) by extensions ['ignore', 'ignore_ament_install']
[1.263s] Level 1:colcon.colcon_core.package_identification:_identify(src/scara_controller) by extension 'ignore'
[1.263s] Level 1:colcon.colcon_core.package_identification:_identify(src/scara_controller) by extension 'ignore_ament_install'
[1.263s] Level 1:colcon.colcon_core.package_identification:_identify(src/scara_controller) by extensions ['colcon_pkg']
[1.263s] Level 1:colcon.colcon_core.package_identification:_identify(src/scara_controller) by extension 'colcon_pkg'
[1.263s] Level 1:colcon.colcon_core.package_identification:_identify(src/scara_controller) by extensions ['colcon_meta']
[1.263s] Level 1:colcon.colcon_core.package_identification:_identify(src/scara_controller) by extension 'colcon_meta'
[1.264s] Level 1:colcon.colcon_core.package_identification:_identify(src/scara_controller) by extensions ['ros']
[1.264s] Level 1:colcon.colcon_core.package_identification:_identify(src/scara_controller) by extension 'ros'
[1.267s] DEBUG:colcon.colcon_core.package_identification:Package 'src/scara_controller' with type 'ros.ament_cmake' and name 'scara_controller'
[1.268s] Level 1:colcon.colcon_core.package_identification:_identify(src/scara_description) by extensions ['ignore', 'ignore_ament_install']
[1.268s] Level 1:colcon.colcon_core.package_identification:_identify(src/scara_description) by extension 'ignore'
[1.268s] Level 1:colcon.colcon_core.package_identification:_identify(src/scara_description) by extension 'ignore_ament_install'
[1.268s] Level 1:colcon.colcon_core.package_identification:_identify(src/scara_description) by extensions ['colcon_pkg']
[1.268s] Level 1:colcon.colcon_core.package_identification:_identify(src/scara_description) by extension 'colcon_pkg'
[1.268s] Level 1:colcon.colcon_core.package_identification:_identify(src/scara_description) by extensions ['colcon_meta']
[1.268s] Level 1:colcon.colcon_core.package_identification:_identify(src/scara_description) by extension 'colcon_meta'
[1.268s] Level 1:colcon.colcon_core.package_identification:_identify(src/scara_description) by extensions ['ros']
[1.268s] Level 1:colcon.colcon_core.package_identification:_identify(src/scara_description) by extension 'ros'
[1.269s] DEBUG:colcon.colcon_core.package_identification:Package 'src/scara_description' with type 'ros.ament_cmake' and name 'scara_description'
[1.270s] Level 1:colcon.colcon_core.package_identification:_identify(src/scara_moveit) by extensions ['ignore', 'ignore_ament_install']
[1.270s] Level 1:colcon.colcon_core.package_identification:_identify(src/scara_moveit) by extension 'ignore'
[1.270s] Level 1:colcon.colcon_core.package_identification:_identify(src/scara_moveit) by extension 'ignore_ament_install'
[1.270s] Level 1:colcon.colcon_core.package_identification:_identify(src/scara_moveit) by extensions ['colcon_pkg']
[1.270s] Level 1:colcon.colcon_core.package_identification:_identify(src/scara_moveit) by extension 'colcon_pkg'
[1.270s] Level 1:colcon.colcon_core.package_identification:_identify(src/scara_moveit) by extensions ['colcon_meta']
[1.270s] Level 1:colcon.colcon_core.package_identification:_identify(src/scara_moveit) by extension 'colcon_meta'
[1.270s] Level 1:colcon.colcon_core.package_identification:_identify(src/scara_moveit) by extensions ['ros']
[1.270s] Level 1:colcon.colcon_core.package_identification:_identify(src/scara_moveit) by extension 'ros'
[1.272s] DEBUG:colcon.colcon_core.package_identification:Package 'src/scara_moveit' with type 'ros.ament_cmake' and name 'scara_moveit'
[1.272s] Level 1:colcon.colcon_core.package_discovery:discover_packages(recursive) using defaults
[1.272s] Level 1:colcon.colcon_core.package_discovery:discover_packages(ignore) discover
[1.272s] Level 1:colcon.colcon_core.package_discovery:discover_packages(ignore) using defaults
[1.272s] Level 1:colcon.colcon_core.package_discovery:discover_packages(path) discover
[1.272s] Level 1:colcon.colcon_core.package_discovery:discover_packages(path) using defaults
[1.330s] Level 1:colcon.colcon_core.package_discovery:discover_packages(prefix_path) check parameters
[1.330s] Level 1:colcon.colcon_core.package_discovery:discover_packages(prefix_path) discover
[1.340s] DEBUG:colcon.colcon_installed_package_information.package_discovery:Found 3 installed packages in /home/aditi/scara/install
[1.345s] DEBUG:colcon.colcon_installed_package_information.package_discovery:Found 381 installed packages in /opt/ros/humble
[1.357s] Level 1:colcon.colcon_core.package_discovery:discover_packages(prefix_path) using defaults
[1.491s] Level 5:colcon.colcon_core.verb:set package 'scara_controller' build argument 'cmake_args' from command line to 'None'
[1.491s] Level 5:colcon.colcon_core.verb:set package 'scara_controller' build argument 'cmake_target' from command line to 'None'
[1.491s] Level 5:colcon.colcon_core.verb:set package 'scara_controller' build argument 'cmake_target_skip_unavailable' from command line to 'False'
[1.491s] Level 5:colcon.colcon_core.verb:set package 'scara_controller' build argument 'cmake_clean_cache' from command line to 'False'
[1.491s] Level 5:colcon.colcon_core.verb:set package 'scara_controller' build argument 'cmake_clean_first' from command line to 'False'
[1.491s] Level 5:colcon.colcon_core.verb:set package 'scara_controller' build argument 'cmake_force_configure' from command line to 'False'
[1.491s] Level 5:colcon.colcon_core.verb:set package 'scara_controller' build argument 'ament_cmake_args' from command line to 'None'
[1.491s] Level 5:colcon.colcon_core.verb:set package 'scara_controller' build argument 'catkin_cmake_args' from command line to 'None'
[1.491s] Level 5:colcon.colcon_core.verb:set package 'scara_controller' build argument 'catkin_skip_building_tests' from command line to 'False'
[1.491s] DEBUG:colcon.colcon_core.verb:Building package 'scara_controller' with the following arguments: {'ament_cmake_args': None, 'build_base': '/home/aditi/scara/build/scara_controller', 'catkin_cmake_args': None, 'catkin_skip_building_tests': False, 'cmake_args': None, 'cmake_clean_cache': False, 'cmake_clean_first': False, 'cmake_force_configure': False, 'cmake_target': None, 'cmake_target_skip_unavailable': False, 'install_base': '/home/aditi/scara/install/scara_controller', 'merge_install': False, 'path': '/home/aditi/scara/src/scara_controller', 'symlink_install': False, 'test_result_base': None}
[1.491s] Level 5:colcon.colcon_core.verb:set package 'scara_description' build argument 'cmake_args' from command line to 'None'
[1.491s] Level 5:colcon.colcon_core.verb:set package 'scara_description' build argument 'cmake_target' from command line to 'None'
[1.491s] Level 5:colcon.colcon_core.verb:set package 'scara_description' build argument 'cmake_target_skip_unavailable' from command line to 'False'
[1.491s] Level 5:colcon.colcon_core.verb:set package 'scara_description' build argument 'cmake_clean_cache' from command line to 'False'
[1.491s] Level 5:colcon.colcon_core.verb:set package 'scara_description' build argument 'cmake_clean_first' from command line to 'False'
[1.491s] Level 5:colcon.colcon_core.verb:set package 'scara_description' build argument 'cmake_force_configure' from command line to 'False'
[1.491s] Level 5:colcon.colcon_core.verb:set package 'scara_description' build argument 'ament_cmake_args' from command line to 'None'
[1.491s] Level 5:colcon.colcon_core.verb:set package 'scara_description' build argument 'catkin_cmake_args' from command line to 'None'
[1.491s] Level 5:colcon.colcon_core.verb:set package 'scara_description' build argument 'catkin_skip_building_tests' from command line to 'False'
[1.491s] DEBUG:colcon.colcon_core.verb:Building package 'scara_description' with the following arguments: {'ament_cmake_args': None, 'build_base': '/home/aditi/scara/build/scara_description', 'catkin_cmake_args': None, 'catkin_skip_building_tests': False, 'cmake_args': None, 'cmake_clean_cache': False, 'cmake_clean_first': False, 'cmake_force_configure': False, 'cmake_target': None, 'cmake_target_skip_unavailable': False, 'install_base': '/home/aditi/scara/install/scara_description', 'merge_install': False, 'path': '/home/aditi/scara/src/scara_description', 'symlink_install': False, 'test_result_base': None}
[1.491s] Level 5:colcon.colcon_core.verb:set package 'scara_moveit' build argument 'cmake_args' from command line to 'None'
[1.491s] Level 5:colcon.colcon_core.verb:set package 'scara_moveit' build argument 'cmake_target' from command line to 'None'
[1.491s] Level 5:colcon.colcon_core.verb:set package 'scara_moveit' build argument 'cmake_target_skip_unavailable' from command line to 'False'
[1.491s] Level 5:colcon.colcon_core.verb:set package 'scara_moveit' build argument 'cmake_clean_cache' from command line to 'False'
[1.491s] Level 5:colcon.colcon_core.verb:set package 'scara_moveit' build argument 'cmake_clean_first' from command line to 'False'
[1.491s] Level 5:colcon.colcon_core.verb:set package 'scara_moveit' build argument 'cmake_force_configure' from command line to 'False'
[1.491s] Level 5:colcon.colcon_core.verb:set package 'scara_moveit' build argument 'ament_cmake_args' from command line to 'None'
[1.491s] Level 5:colcon.colcon_core.verb:set package 'scara_moveit' build argument 'catkin_cmake_args' from command line to 'None'
[1.491s] Level 5:colcon.colcon_core.verb:set package 'scara_moveit' build argument 'catkin_skip_building_tests' from command line to 'False'
[1.491s] DEBUG:colcon.colcon_core.verb:Building package 'scara_moveit' with the following arguments: {'ament_cmake_args': None, 'build_base': '/home/aditi/scara/build/scara_moveit', 'catkin_cmake_args': None, 'catkin_skip_building_tests': False, 'cmake_args': None, 'cmake_clean_cache': False, 'cmake_clean_first': False, 'cmake_force_configure': False, 'cmake_target': None, 'cmake_target_skip_unavailable': False, 'install_base': '/home/aditi/scara/install/scara_moveit', 'merge_install': False, 'path': '/home/aditi/scara/src/scara_moveit', 'symlink_install': False, 'test_result_base': None}
[1.492s] INFO:colcon.colcon_core.executor:Executing jobs using 'parallel' executor
[1.492s] DEBUG:colcon.colcon_parallel_executor.executor.parallel:run_until_complete
[1.493s] INFO:colcon.colcon_ros.task.ament_cmake.build:Building ROS package in '/home/aditi/scara/src/scara_description' with build type 'ament_cmake'
[1.493s] INFO:colcon.colcon_cmake.task.cmake.build:Building CMake package in '/home/aditi/scara/src/scara_description'
[1.500s] INFO:colcon.colcon_core.plugin_system:Skipping extension 'colcon_core.shell.bat': Not used on non-Windows systems
[1.500s] INFO:colcon.colcon_core.shell:Skip shell extension 'powershell' for command environment: Not usable outside of PowerShell
[1.500s] DEBUG:colcon.colcon_core.shell:Skip shell extension 'dsv' for command environment
[1.504s] INFO:colcon.colcon_ros.task.ament_cmake.build:Building ROS package in '/home/aditi/scara/src/scara_controller' with build type 'ament_cmake'
[1.504s] INFO:colcon.colcon_cmake.task.cmake.build:Building CMake package in '/home/aditi/scara/src/scara_controller'
[1.504s] INFO:colcon.colcon_core.shell:Skip shell extension 'powershell' for command environment: Not usable outside of PowerShell
[1.505s] DEBUG:colcon.colcon_core.shell:Skip shell extension 'dsv' for command environment
[1.511s] DEBUG:colcon.colcon_core.event_handler.log_command:Invoking command in '/home/aditi/scara/build/scara_description': CMAKE_PREFIX_PATH=${CMAKE_PREFIX_PATH}:/opt/ros/humble /usr/bin/cmake --build /home/aditi/scara/build/scara_description -- -j16 -l16
[1.521s] DEBUG:colcon.colcon_core.event_handler.log_command:Invoking command in '/home/aditi/scara/build/scara_controller': CMAKE_PREFIX_PATH=${CMAKE_PREFIX_PATH}:/opt/ros/humble /usr/bin/cmake --build /home/aditi/scara/build/scara_controller -- -j16 -l16
[1.594s] DEBUG:colcon.colcon_core.event_handler.log_command:Invoked command in '/home/aditi/scara/build/scara_description' returned '0': CMAKE_PREFIX_PATH=${CMAKE_PREFIX_PATH}:/opt/ros/humble /usr/bin/cmake --build /home/aditi/scara/build/scara_description -- -j16 -l16
[1.603s] DEBUG:colcon.colcon_core.event_handler.log_command:Invoking command in '/home/aditi/scara/build/scara_description': CMAKE_PREFIX_PATH=${CMAKE_PREFIX_PATH}:/opt/ros/humble /usr/bin/cmake --install /home/aditi/scara/build/scara_description
[1.604s] DEBUG:colcon.colcon_core.event_handler.log_command:Invoked command in '/home/aditi/scara/build/scara_controller' returned '0': CMAKE_PREFIX_PATH=${CMAKE_PREFIX_PATH}:/opt/ros/humble /usr/bin/cmake --build /home/aditi/scara/build/scara_controller -- -j16 -l16
[1.606s] DEBUG:colcon.colcon_core.event_handler.log_command:Invoking command in '/home/aditi/scara/build/scara_controller': CMAKE_PREFIX_PATH=${CMAKE_PREFIX_PATH}:/opt/ros/humble /usr/bin/cmake --install /home/aditi/scara/build/scara_controller
[1.621s] Level 1:colcon.colcon_core.environment:create_environment_scripts_only(scara_description)
[1.622s] DEBUG:colcon.colcon_core.event_handler.log_command:Invoked command in '/home/aditi/scara/build/scara_description' returned '0': CMAKE_PREFIX_PATH=${CMAKE_PREFIX_PATH}:/opt/ros/humble /usr/bin/cmake --install /home/aditi/scara/build/scara_description
[1.629s] Level 1:colcon.colcon_core.environment:checking '/home/aditi/scara/install/scara_description' for CMake module files
[1.629s] Level 1:colcon.colcon_core.environment:checking '/home/aditi/scara/install/scara_description' for CMake config files
[1.630s] Level 1:colcon.colcon_core.shell:create_environment_hook('scara_description', 'cmake_prefix_path')
[1.630s] INFO:colcon.colcon_core.shell:Creating environment hook '/home/aditi/scara/install/scara_description/share/scara_description/hook/cmake_prefix_path.ps1'
[1.631s] INFO:colcon.colcon_core.shell:Creating environment descriptor '/home/aditi/scara/install/scara_description/share/scara_description/hook/cmake_prefix_path.dsv'
[1.632s] INFO:colcon.colcon_core.shell:Creating environment hook '/home/aditi/scara/install/scara_description/share/scara_description/hook/cmake_prefix_path.sh'
[1.633s] Level 1:colcon.colcon_core.environment:checking '/home/aditi/scara/install/scara_description/bin'
[1.633s] Level 1:colcon.colcon_core.environment:checking '/home/aditi/scara/install/scara_description/lib/pkgconfig/scara_description.pc'
[1.633s] Level 1:colcon.colcon_core.environment:checking '/home/aditi/scara/install/scara_description/lib/python3.10/site-packages'
[1.633s] Level 1:colcon.colcon_core.environment:checking '/home/aditi/scara/install/scara_description/bin'
[1.633s] INFO:colcon.colcon_core.shell:Creating package script '/home/aditi/scara/install/scara_description/share/scara_description/package.ps1'
[1.634s] INFO:colcon.colcon_core.shell:Creating package descriptor '/home/aditi/scara/install/scara_description/share/scara_description/package.dsv'
[1.635s] INFO:colcon.colcon_core.shell:Creating package script '/home/aditi/scara/install/scara_description/share/scara_description/package.sh'
[1.636s] INFO:colcon.colcon_core.shell:Creating package script '/home/aditi/scara/install/scara_description/share/scara_description/package.bash'
[1.637s] INFO:colcon.colcon_core.shell:Creating package script '/home/aditi/scara/install/scara_description/share/scara_description/package.zsh'
[1.638s] Level 1:colcon.colcon_core.environment:create_file_with_runtime_dependencies(/home/aditi/scara/install/scara_description/share/colcon-core/packages/scara_description)
[1.638s] Level 1:colcon.colcon_core.environment:create_environment_scripts_only(scara_description)
[1.638s] Level 1:colcon.colcon_core.environment:checking '/home/aditi/scara/install/scara_description' for CMake module files
[1.638s] Level 1:colcon.colcon_core.environment:checking '/home/aditi/scara/install/scara_description' for CMake config files
[1.638s] Level 1:colcon.colcon_core.shell:create_environment_hook('scara_description', 'cmake_prefix_path')
[1.639s] INFO:colcon.colcon_core.shell:Creating environment hook '/home/aditi/scara/install/scara_description/share/scara_description/hook/cmake_prefix_path.ps1'
[1.639s] INFO:colcon.colcon_core.shell:Creating environment descriptor '/home/aditi/scara/install/scara_description/share/scara_description/hook/cmake_prefix_path.dsv'
[1.639s] INFO:colcon.colcon_core.shell:Creating environment hook '/home/aditi/scara/install/scara_description/share/scara_description/hook/cmake_prefix_path.sh'
[1.639s] Level 1:colcon.colcon_core.environment:checking '/home/aditi/scara/install/scara_description/bin'
[1.640s] Level 1:colcon.colcon_core.environment:checking '/home/aditi/scara/install/scara_description/lib/pkgconfig/scara_description.pc'
[1.640s] Level 1:colcon.colcon_core.environment:checking '/home/aditi/scara/install/scara_description/lib/python3.10/site-packages'
[1.640s] Level 1:colcon.colcon_core.environment:checking '/home/aditi/scara/install/scara_description/bin'
[1.640s] INFO:colcon.colcon_core.shell:Creating package script '/home/aditi/scara/install/scara_description/share/scara_description/package.ps1'
[1.641s] INFO:colcon.colcon_core.shell:Creating package descriptor '/home/aditi/scara/install/scara_description/share/scara_description/package.dsv'
[1.641s] INFO:colcon.colcon_core.shell:Creating package script '/home/aditi/scara/install/scara_description/share/scara_description/package.sh'
[1.641s] INFO:colcon.colcon_core.shell:Creating package script '/home/aditi/scara/install/scara_description/share/scara_description/package.bash'
[1.641s] INFO:colcon.colcon_core.shell:Creating package script '/home/aditi/scara/install/scara_description/share/scara_description/package.zsh'
[1.642s] Level 1:colcon.colcon_core.environment:create_file_with_runtime_dependencies(/home/aditi/scara/install/scara_description/share/colcon-core/packages/scara_description)
[1.642s] Level 1:colcon.colcon_core.environment:create_environment_scripts_only(scara_controller)
[1.642s] Level 1:colcon.colcon_core.environment:checking '/home/aditi/scara/install/scara_controller' for CMake module files
[1.643s] DEBUG:colcon.colcon_core.event_handler.log_command:Invoked command in '/home/aditi/scara/build/scara_controller' returned '0': CMAKE_PREFIX_PATH=${CMAKE_PREFIX_PATH}:/opt/ros/humble /usr/bin/cmake --install /home/aditi/scara/build/scara_controller
[1.643s] Level 1:colcon.colcon_core.environment:checking '/home/aditi/scara/install/scara_controller' for CMake config files
[1.646s] Level 1:colcon.colcon_core.shell:create_environment_hook('scara_controller', 'cmake_prefix_path')
[1.646s] INFO:colcon.colcon_core.shell:Creating environment hook '/home/aditi/scara/install/scara_controller/share/scara_controller/hook/cmake_prefix_path.ps1'
[1.646s] INFO:colcon.colcon_core.shell:Creating environment descriptor '/home/aditi/scara/install/scara_controller/share/scara_controller/hook/cmake_prefix_path.dsv'
[1.646s] INFO:colcon.colcon_core.shell:Creating environment hook '/home/aditi/scara/install/scara_controller/share/scara_controller/hook/cmake_prefix_path.sh'
[1.647s] Level 1:colcon.colcon_core.environment:checking '/home/aditi/scara/install/scara_controller/bin'
[1.647s] Level 1:colcon.colcon_core.environment:checking '/home/aditi/scara/install/scara_controller/lib/pkgconfig/scara_controller.pc'
[1.647s] Level 1:colcon.colcon_core.environment:checking '/home/aditi/scara/install/scara_controller/lib/python3.10/site-packages'
[1.647s] Level 1:colcon.colcon_core.environment:checking '/home/aditi/scara/install/scara_controller/bin'
[1.647s] INFO:colcon.colcon_core.shell:Creating package script '/home/aditi/scara/install/scara_controller/share/scara_controller/package.ps1'
[1.648s] INFO:colcon.colcon_core.shell:Creating package descriptor '/home/aditi/scara/install/scara_controller/share/scara_controller/package.dsv'
[1.649s] INFO:colcon.colcon_core.shell:Creating package script '/home/aditi/scara/install/scara_controller/share/scara_controller/package.sh'
[1.649s] INFO:colcon.colcon_core.shell:Creating package script '/home/aditi/scara/install/scara_controller/share/scara_controller/package.bash'
[1.650s] INFO:colcon.colcon_core.shell:Creating package script '/home/aditi/scara/install/scara_controller/share/scara_controller/package.zsh'
[1.650s] Level 1:colcon.colcon_core.environment:create_file_with_runtime_dependencies(/home/aditi/scara/install/scara_controller/share/colcon-core/packages/scara_controller)
[1.650s] Level 1:colcon.colcon_core.environment:create_environment_scripts_only(scara_controller)
[1.651s] Level 1:colcon.colcon_core.environment:checking '/home/aditi/scara/install/scara_controller' for CMake module files
[1.651s] Level 1:colcon.colcon_core.environment:checking '/home/aditi/scara/install/scara_controller' for CMake config files
[1.652s] Level 1:colcon.colcon_core.shell:create_environment_hook('scara_controller', 'cmake_prefix_path')
[1.652s] INFO:colcon.colcon_core.shell:Creating environment hook '/home/aditi/scara/install/scara_controller/share/scara_controller/hook/cmake_prefix_path.ps1'
[1.653s] INFO:colcon.colcon_core.shell:Creating environment descriptor '/home/aditi/scara/install/scara_controller/share/scara_controller/hook/cmake_prefix_path.dsv'
[1.653s] INFO:colcon.colcon_core.shell:Creating environment hook '/home/aditi/scara/install/scara_controller/share/scara_controller/hook/cmake_prefix_path.sh'
[1.653s] Level 1:colcon.colcon_core.environment:checking '/home/aditi/scara/install/scara_controller/bin'
[1.653s] Level 1:colcon.colcon_core.environment:checking '/home/aditi/scara/install/scara_controller/lib/pkgconfig/scara_controller.pc'
[1.654s] Level 1:colcon.colcon_core.environment:checking '/home/aditi/scara/install/scara_controller/lib/python3.10/site-packages'
[1.654s] Level 1:colcon.colcon_core.environment:checking '/home/aditi/scara/install/scara_controller/bin'
[1.654s] INFO:colcon.colcon_core.shell:Creating package script '/home/aditi/scara/install/scara_controller/share/scara_controller/package.ps1'
[1.654s] INFO:colcon.colcon_core.shell:Creating package descriptor '/home/aditi/scara/install/scara_controller/share/scara_controller/package.dsv'
[1.655s] INFO:colcon.colcon_core.shell:Creating package script '/home/aditi/scara/install/scara_controller/share/scara_controller/package.sh'
[1.655s] INFO:colcon.colcon_core.shell:Creating package script '/home/aditi/scara/install/scara_controller/share/scara_controller/package.bash'
[1.655s] INFO:colcon.colcon_core.shell:Creating package script '/home/aditi/scara/install/scara_controller/share/scara_controller/package.zsh'
[1.656s] Level 1:colcon.colcon_core.environment:create_file_with_runtime_dependencies(/home/aditi/scara/install/scara_controller/share/colcon-core/packages/scara_controller)
[1.656s] INFO:colcon.colcon_ros.task.ament_cmake.build:Building ROS package in '/home/aditi/scara/src/scara_moveit' with build type 'ament_cmake'
[1.656s] INFO:colcon.colcon_cmake.task.cmake.build:Building CMake package in '/home/aditi/scara/src/scara_moveit'
[1.656s] INFO:colcon.colcon_core.shell:Skip shell extension 'powershell' for command environment: Not usable outside of PowerShell
[1.657s] DEBUG:colcon.colcon_core.shell:Skip shell extension 'dsv' for command environment
[1.784s] DEBUG:colcon.colcon_core.event_handler.log_command:Invoking command in '/home/aditi/scara/build/scara_moveit': CMAKE_PREFIX_PATH=/home/aditi/scara/install/scara_description:/home/aditi/scara/install/scara_moveit:/home/aditi/scara/install/scara_controller:/opt/ros/humble /usr/bin/cmake --build /home/aditi/scara/build/scara_moveit -- -j16 -l16
[1.814s] DEBUG:colcon.colcon_core.event_handler.log_command:Invoked command in '/home/aditi/scara/build/scara_moveit' returned '0': CMAKE_PREFIX_PATH=/home/aditi/scara/install/scara_description:/home/aditi/scara/install/scara_moveit:/home/aditi/scara/install/scara_controller:/opt/ros/humble /usr/bin/cmake --build /home/aditi/scara/build/scara_moveit -- -j16 -l16
[1.818s] DEBUG:colcon.colcon_core.event_handler.log_command:Invoking command in '/home/aditi/scara/build/scara_moveit': CMAKE_PREFIX_PATH=/home/aditi/scara/install/scara_description:/home/aditi/scara/install/scara_moveit:/home/aditi/scara/install/scara_controller:/opt/ros/humble /usr/bin/cmake --install /home/aditi/scara/build/scara_moveit
[1.829s] Level 1:colcon.colcon_core.environment:create_environment_scripts_only(scara_moveit)
[1.830s] Level 1:colcon.colcon_core.environment:checking '/home/aditi/scara/install/scara_moveit' for CMake module files
[1.830s] DEBUG:colcon.colcon_core.event_handler.log_command:Invoked command in '/home/aditi/scara/build/scara_moveit' returned '0': CMAKE_PREFIX_PATH=/home/aditi/scara/install/scara_description:/home/aditi/scara/install/scara_moveit:/home/aditi/scara/install/scara_controller:/opt/ros/humble /usr/bin/cmake --install /home/aditi/scara/build/scara_moveit
[1.831s] Level 1:colcon.colcon_core.environment:checking '/home/aditi/scara/install/scara_moveit' for CMake config files
[1.833s] Level 1:colcon.colcon_core.shell:create_environment_hook('scara_moveit', 'cmake_prefix_path')
[1.833s] INFO:colcon.colcon_core.shell:Creating environment hook '/home/aditi/scara/install/scara_moveit/share/scara_moveit/hook/cmake_prefix_path.ps1'
[1.834s] INFO:colcon.colcon_core.shell:Creating environment descriptor '/home/aditi/scara/install/scara_moveit/share/scara_moveit/hook/cmake_prefix_path.dsv'
[1.834s] INFO:colcon.colcon_core.shell:Creating environment hook '/home/aditi/scara/install/scara_moveit/share/scara_moveit/hook/cmake_prefix_path.sh'
[1.835s] Level 1:colcon.colcon_core.environment:checking '/home/aditi/scara/install/scara_moveit/bin'
[1.835s] Level 1:colcon.colcon_core.environment:checking '/home/aditi/scara/install/scara_moveit/lib/pkgconfig/scara_moveit.pc'
[1.835s] Level 1:colcon.colcon_core.environment:checking '/home/aditi/scara/install/scara_moveit/lib/python3.10/site-packages'
[1.835s] Level 1:colcon.colcon_core.environment:checking '/home/aditi/scara/install/scara_moveit/bin'
[1.835s] INFO:colcon.colcon_core.shell:Creating package script '/home/aditi/scara/install/scara_moveit/share/scara_moveit/package.ps1'
[1.836s] INFO:colcon.colcon_core.shell:Creating package descriptor '/home/aditi/scara/install/scara_moveit/share/scara_moveit/package.dsv'
[1.836s] INFO:colcon.colcon_core.shell:Creating package script '/home/aditi/scara/install/scara_moveit/share/scara_moveit/package.sh'
[1.836s] INFO:colcon.colcon_core.shell:Creating package script '/home/aditi/scara/install/scara_moveit/share/scara_moveit/package.bash'
[1.837s] INFO:colcon.colcon_core.shell:Creating package script '/home/aditi/scara/install/scara_moveit/share/scara_moveit/package.zsh'
[1.837s] Level 1:colcon.colcon_core.environment:create_file_with_runtime_dependencies(/home/aditi/scara/install/scara_moveit/share/colcon-core/packages/scara_moveit)
[1.837s] Level 1:colcon.colcon_core.environment:create_environment_scripts_only(scara_moveit)
[1.837s] Level 1:colcon.colcon_core.environment:checking '/home/aditi/scara/install/scara_moveit' for CMake module files
[1.838s] Level 1:colcon.colcon_core.environment:checking '/home/aditi/scara/install/scara_moveit' for CMake config files
[1.838s] Level 1:colcon.colcon_core.shell:create_environment_hook('scara_moveit', 'cmake_prefix_path')
[1.838s] INFO:colcon.colcon_core.shell:Creating environment hook '/home/aditi/scara/install/scara_moveit/share/scara_moveit/hook/cmake_prefix_path.ps1'
[1.838s] INFO:colcon.colcon_core.shell:Creating environment descriptor '/home/aditi/scara/install/scara_moveit/share/scara_moveit/hook/cmake_prefix_path.dsv'
[1.839s] INFO:colcon.colcon_core.shell:Creating environment hook '/home/aditi/scara/install/scara_moveit/share/scara_moveit/hook/cmake_prefix_path.sh'
[1.839s] Level 1:colcon.colcon_core.environment:checking '/home/aditi/scara/install/scara_moveit/bin'
[1.839s] Level 1:colcon.colcon_core.environment:checking '/home/aditi/scara/install/scara_moveit/lib/pkgconfig/scara_moveit.pc'
[1.839s] Level 1:colcon.colcon_core.environment:checking '/home/aditi/scara/install/scara_moveit/lib/python3.10/site-packages'
[1.839s] Level 1:colcon.colcon_core.environment:checking '/home/aditi/scara/install/scara_moveit/bin'
[1.840s] INFO:colcon.colcon_core.shell:Creating package script '/home/aditi/scara/install/scara_moveit/share/scara_moveit/package.ps1'
[1.840s] INFO:colcon.colcon_core.shell:Creating package descriptor '/home/aditi/scara/install/scara_moveit/share/scara_moveit/package.dsv'
[1.840s] INFO:colcon.colcon_core.shell:Creating package script '/home/aditi/scara/install/scara_moveit/share/scara_moveit/package.sh'
[1.841s] INFO:colcon.colcon_core.shell:Creating package script '/home/aditi/scara/install/scara_moveit/share/scara_moveit/package.bash'
[1.841s] INFO:colcon.colcon_core.shell:Creating package script '/home/aditi/scara/install/scara_moveit/share/scara_moveit/package.zsh'
[1.841s] Level 1:colcon.colcon_core.environment:create_file_with_runtime_dependencies(/home/aditi/scara/install/scara_moveit/share/colcon-core/packages/scara_moveit)
[1.841s] DEBUG:colcon.colcon_parallel_executor.executor.parallel:closing loop
[1.841s] DEBUG:colcon.colcon_parallel_executor.executor.parallel:loop closed
[1.841s] DEBUG:colcon.colcon_parallel_executor.executor.parallel:run_until_complete finished with '0'
[1.841s] DEBUG:colcon.colcon_core.event_reactor:joining thread
[2.073s] INFO:colcon.colcon_core.plugin_system:Skipping extension 'colcon_notification.desktop_notification.notify_send': Could not find 'notify-send'
[2.073s] INFO:colcon.colcon_core.plugin_system:Skipping extension 'colcon_notification.desktop_notification.terminal_notifier': Not used on non-Darwin systems
[2.073s] INFO:colcon.colcon_core.plugin_system:Skipping extension 'colcon_notification.desktop_notification.win32': Not used on non-Windows systems
[2.073s] INFO:colcon.colcon_notification.desktop_notification:Sending desktop notification using 'notify2'
[2.074s] DEBUG:colcon.colcon_notification.desktop_notification.notify2:Failed to initialize notify2: org.freedesktop.DBus.Error.FileNotFound: Failed to connect to socket /run/user/1000/bus: No such file or directory
[2.074s] DEBUG:colcon.colcon_core.event_reactor:joined thread
[2.075s] INFO:colcon.colcon_core.shell:Creating prefix script '/home/aditi/scara/install/local_setup.ps1'
[2.077s] INFO:colcon.colcon_core.shell:Creating prefix util module '/home/aditi/scara/install/_local_setup_util_ps1.py'
[2.079s] INFO:colcon.colcon_core.shell:Creating prefix chain script '/home/aditi/scara/install/setup.ps1'
[2.082s] INFO:colcon.colcon_core.shell:Creating prefix script '/home/aditi/scara/install/local_setup.sh'
[2.084s] INFO:colcon.colcon_core.shell:Creating prefix util module '/home/aditi/scara/install/_local_setup_util_sh.py'
[2.086s] INFO:colcon.colcon_core.shell:Creating prefix chain script '/home/aditi/scara/install/setup.sh'
[2.088s] INFO:colcon.colcon_core.shell:Creating prefix script '/home/aditi/scara/install/local_setup.bash'
[2.089s] INFO:colcon.colcon_core.shell:Creating prefix chain script '/home/aditi/scara/install/setup.bash'
[2.091s] INFO:colcon.colcon_core.shell:Creating prefix script '/home/aditi/scara/install/local_setup.zsh'
[2.093s] INFO:colcon.colcon_core.shell:Creating prefix chain script '/home/aditi/scara/install/setup.zsh'
